    Finished `dev` profile [unoptimized + debuginfo] target(s) in 30.08s
     Running `/root/.cache/tgoskits-contest/cargo-target-axvisor/debug/xtask qemu --config configs/board/qemu-aarch64-zephyr-smoke.toml --qemu-config '/mnt/f/project/泉城实验室/tgoskits/results/baseline/runs/phase2-zephyr-pl011-current-20260805-01e0531-dirty-r9/configs/qemu-aarch64-zephyr-framed-console.toml' --vmconfigs '/mnt/f/project/泉城实验室/tgoskits/os/axvisor/tmp/vmconfigs/zephyr-aarch64-qemu-smoke.generated.toml' --rootfs '/mnt/f/project/泉城实验室/tgoskits/tmp/contest/zephyr-smoke/rootfs-placeholder.img'`
[2026-08-05T15:28:11Z INFO  axbuild::context] Workspace root: /mnt/f/project/泉城实验室/tgoskits
[2026-08-05T15:29:12Z INFO  axbuild::context] Workspace member dir for axvisor: /mnt/f/project/泉城实验室/tgoskits/os/axvisor
Using build config: /mnt/f/project/泉城实验室/tgoskits/os/axvisor/configs/board/qemu-aarch64-zephyr-smoke.toml
[2026-08-05T15:30:16Z INFO  ostool::run::qemu] Using QEMU config file: /mnt/f/project/泉城实验室/tgoskits/results/baseline/runs/phase2-zephyr-pl011-current-20260805-01e0531-dirty-r9/configs/qemu-aarch64-zephyr-framed-console.toml
[axbuild] qemu build+run package=axvisor target=scripts/targets/std/pie/aarch64-unknown-linux-musl.json config=/mnt/f/project/泉城实验室/tgoskits/os/axvisor/configs/board/qemu-aarch64-zephyr-smoke.toml ...
sh -c /mnt/f/project/泉城实验室/tgoskits/tmp/axbuild/std/prebuild/prebuild-aarch64-unknown-linux-musl-73e159b1006c783f.sh
AR_aarch64_unknown_linux_musl=aarch64-linux-musl-ar
AXVISOR_VM_CONFIGS=/mnt/f/project/泉城实验室/tgoskits/os/axvisor/tmp/vmconfigs/zephyr-aarch64-qemu-smoke.generated.toml
AX_ARCH=aarch64
AX_LOG=info
AX_TARGET=aarch64-unknown-none-softfloat
BINDGEN_EXTRA_CLANG_ARGS_aarch64_unknown_linux_musl=--target=aarch64-linux-musl --sysroot=/opt/aarch64-linux-musl-cross/bin/../aarch64-linux-musl --gcc-toolchain=/opt/aarch64-linux-musl-cross -isystem /opt/aarch64-linux-musl-cross/bin/../aarch64-linux-musl/include -isystem /opt/aarch64-linux-musl-cross/lib/gcc/aarch64-linux-musl/11.2.1/include -mgeneral-regs-only
CARGO_UNSTABLE_JSON_TARGET_SPEC=true
CC_aarch64_unknown_linux_musl=aarch64-linux-musl-cc
CFLAGS_aarch64_unknown_linux_musl=-mgeneral-regs-only -fno-stack-protector
CXXFLAGS_aarch64_unknown_linux_musl=-mgeneral-regs-only -fno-stack-protector
cargo build --config /mnt/f/project/泉城实验室/tgoskits/tmp/axbuild/std/config-aarch64-unknown-linux-musl-dynamic.toml -p axvisor --target scripts/targets/std/pie/aarch64-unknown-linux-musl.json -Z unstable-options --target-dir /mnt/f/project/泉城实验室/tgoskits/target --features guest-fdt-evidence,log/release_max_level_info -Z json-target-spec --bin axvisor --release --message-format json-render-diagnostics
warning: function `set_fdt_addr_phys_if_valid` is never used
  --> platforms/someboot/src/fdt/mod.rs:33:15
   |
33 | pub(crate) fn set_fdt_addr_phys_if_valid(fdt_addr: usize) -> bool {
   |               ^^^^^^^^^^^^^^^^^^^^^^^^^^
   |
   = note: `#[warn(dead_code)]` (part of `#[warn(unused)]`) on by default

   Compiling axvisor v0.5.21 (/mnt/f/project/泉城实验室/tgoskits/os/axvisor)
warning: `someboot` (lib) generated 1 warning
   Compiling axvm v0.5.23 (/mnt/f/project/泉城实验室/tgoskits/virtualization/axvm)
warning: function `with_vm` is never used
  --> virtualization/axvm/src/manager.rs:58:15
   |
58 | pub(crate) fn with_vm<F, R>(vm_id: VMId, f: F) -> Option<R>
   |               ^^^^^^^
   |
   = note: `#[warn(dead_code)]` (part of `#[warn(unused)]`) on by default

warning: function `active_vcpu_mask` is never used
  --> virtualization/axvm/src/manager.rs:67:15
   |
67 | pub(crate) fn active_vcpu_mask(vm_id: VMId) -> Option<usize> {
   |               ^^^^^^^^^^^^^^^^

warning: function `inject_interrupt` is never used
  --> virtualization/axvm/src/manager.rs:79:15
   |
79 | pub(crate) fn inject_interrupt(vm_id: VMId, vcpu_id: usize, vector: usize) -> AxVmResult {
   |               ^^^^^^^^^^^^^^^^

warning: field `token` is never read
  --> virtualization/axvm/src/timer.rs:21:5
   |
20 | struct VmTimerEvent {
   |        ------------ field in this struct
21 |     token: usize,
   |     ^^^^^

warning: function `cancel_timer` is never used
  --> virtualization/axvm/src/timer.rs:63:15
   |
63 | pub(crate) fn cancel_timer(token: usize) {
   |               ^^^^^^^^^^^^

warning: associated items `handle_nested_page_fault` and `debug_nested_page_fault` are never used
   --> virtualization/axvm/src/vm/mod.rs:882:19
    |
414 | impl AxVM {
    | --------- associated items in this implementation
...
882 |     pub(crate) fn handle_nested_page_fault(
    |                   ^^^^^^^^^^^^^^^^^^^^^^^^
...
897 |     fn debug_nested_page_fault(
    |        ^^^^^^^^^^^^^^^^^^^^^^^

warning: this lint expectation is unfulfilled
   --> virtualization/axvm/src/runtime/vcpus.rs:194:5
    |
194 |     dead_code,
    |     ^^^^^^^^^
    |
    = note: only non-x86 guest firmware boots secondary vCPUs
    = note: `#[warn(unfulfilled_lint_expectations)]` on by default

warning: this lint expectation is unfulfilled
   --> virtualization/axvm/src/runtime/vcpus.rs:227:5
    |
227 |     dead_code,
    |     ^^^^^^^^^
    |
    = note: only non-x86 guest firmware boots secondary vCPUs

warning: this lint expectation is unfulfilled
   --> virtualization/axvm/src/vcpu.rs:288:9
    |
288 |         dead_code,
    |         ^^^^^^^^^
    |
    = note: only non-x86 guest firmware updates secondary vCPU entries

warning: `axvm` (lib) generated 9 warnings
warning: associated functions `create_vm_from_toml` and `start_vm` are never used
  --> os/axvisor/src/manager.rs:52:12
   |
24 | impl AxvmManager {
   | ---------------- associated functions in this implementation
...
52 |     pub fn create_vm_from_toml(raw_cfg: &str) -> Result<VMId> {
   |            ^^^^^^^^^^^^^^^^^^^
...
57 |     pub fn start_vm(vm_id: VMId) -> Result<()> {
   |            ^^^^^^^^
   |
   = note: `#[warn(dead_code)]` (part of `#[warn(unused)]`) on by default

warning: function `can_start_vm` is never used
  --> os/axvisor/src/shell/command/vm.rs:32:4
   |
32 | fn can_start_vm(status: VmStatus) -> Result<(), &'static str> {
   |    ^^^^^^^^^^^^

warning: function `start_single_vm` is never used
   --> os/axvisor/src/shell/command/vm.rs:231:4
    |
231 | fn start_single_vm(vm: axvm::AxVMRef) -> anyhow::Result<()> {
    |    ^^^^^^^^^^^^^^^

warning: function `start_vm_by_id` is never used
   --> os/axvisor/src/shell/command/vm.rs:240:4
    |
240 | fn start_vm_by_id(vm_id: usize) {
    |    ^^^^^^^^^^^^^^

warning: `axvisor` (bin "axvisor") generated 4 warnings
    Finished `release` profile [optimized] target(s) in 2m 01s
warning: the following packages contain code that will be rejected by a future version of Rust: core v0.0.0 (/root/.rustup/toolchains/nightly-2026-07-15-x86_64-unknown-linux-gnu/lib/rustlib/src/rust/library/core), memchr v2.8.2
note: to see what the problems were, use the option `--future-incompat-report`, or run `cargo report future-incompatibilities --id 1`
Converting ELF to BIN format...
  elf: /mnt/f/project/泉城实验室/tgoskits/target/aarch64-unknown-linux-musl/release/axvisor
  bin: /mnt/f/project/泉城实验室/tgoskits/target/aarch64-unknown-linux-musl/release/axvisor.bin
/root/.rustup/toolchains/nightly-2026-07-15-x86_64-unknown-linux-gnu/lib/rustlib/x86_64-unknown-linux-gnu/bin/llvm-objcopy --strip-all -O binary /mnt/f/project/泉城实验室/tgoskits/target/aarch64-unknown-linux-musl/release/axvisor /mnt/f/project/泉城实验室/tgoskits/target/aarch64-unknown-linux-musl/release/axvisor.bin
qemu-system-aarch64 -nographic -cpu cortex-a72 -machine virt,virtualization=on,gic-version=3 -smp 4 -m 8g -kernel /mnt/f/project/泉城实验室/tgoskits/target/aarch64-unknown-linux-musl/release/axvisor.bin
VM Load @0x40200000
VM Load Offset: 0xffff0000c0200000
Memory Map:
  Free   0x00000040000000 - 0x00000040200000 (2 MiB)
  KImg   0x00000040200000 - 0x00000040600000 (4 MiB)
  Free   0x00000040600000 - 0x00000240000000 (7.99 GiB)
Initialize RAM allocator: 0x40600000..0x240000000
Reserving CPU-local areas
CPU-local area stride: 0x44000 bytes
Total CPU-local allocation: 0x110000 bytes (4 CPUs)
Flushed RAM used range to memory map: 0x40600000..0x40700000, current: 0x40700000
Flushed RAM used range to memory map: 0x40700000..0x40810000, current: 0x40810000
CPU-local areas allocated at 0x40700000 - 0x40810000
EL: 2
Mapping early memory regions...
Ram                 : [0x0000000040000000, 0x0000000240000000) -> [0x0000000040000000, 0x0000000240000000) (8 GiB)
KImage              : [0x0000ffff80000000, 0x0000ffff80400000) -> [0x0000000040200000, 0x0000000040600000) (4 MiB)
PerCpu              : [0x0000ff0040700000, 0x0000ff0040810000) -> [0x0000000040700000, 0x0000000040810000) (1.06 MiB)
Debug serial        : [0x0000000009000000, 0x0000000009001000) -> [0x0000000009000000, 0x0000000009001000) (4 KiB)
Boot page table at physical address: 0x40810000
Setting up table registers...
MMU Entry point at physical address: 0x402ebbb8
Trap vector at 0xffff800ee800
Memory Map:
  MMIO   0x00000009000000 - 0x00000009001000 (4 KiB)
  Free   0x00000040000000 - 0x00000040200000 (2 MiB)
  KImg   0x00000040200000 - 0x00000040600000 (4 MiB)
  Rsv    0x00000040600000 - 0x00000040700000 (1 MiB)
  PerCPU 0x00000040700000 - 0x00000040810000 (1.06 MiB)
  Rsv    0x00000040810000 - 0x0000004081a000 (40 KiB)
  Free   0x0000004081a000 - 0x00000240000000 (7.99 GiB)
Jumping to main entry point at 0xffff800da140 with SP 0x0000ff0040744000

       d8888                            .d88888b.   .d8888b.
      d88888                           d88P" "Y88b d88P  Y88b
     d88P888                           888     888 Y88b.
    d88P 888 888d888  .d8888b  .d88b.  888     888  "Y888b.
   d88P  888 888P"   d88P"    d8P  Y8b 888     888     "Y88b.
  d88P   888 888     888      88888888 888     888       "888
 d8888888888 888     Y88b.    Y8b.     Y88b. .d88P Y88b  d88P
d88P     888 888      "Y8888P  "Y8888   "Y88888P"   "Y8888P"

arch = aarch64
platform = linux,dummy-virt
target = aarch64-unknown-none-softfloat
build_mode = 
log_level = info
backtrace = false
smp = 4

[37m[  0.084392 ax_runtime:217] [32mLogging is enabled.[m
[m[37m[  0.085052 ax_runtime:218] [32mPrimary CPU 0 started, arg = 0x40600000.[m
[m[37m[  0.085205 ax_runtime:220] [32mFound physcial memory regions:[m
[m[37m[  0.086554 ax_runtime:222] [32m  [PA:0x9000000, PA:0x9001000) mmio (READ | WRITE | DEVICE | RESERVED)[m
[m[37m[  0.086918 ax_runtime:222] [32m  [PA:0x40000000, PA:0x40200000) free memory (READ | WRITE | FREE)[m
[m[37m[  0.087109 ax_runtime:222] [32m  [PA:0x40200000, PA:0x40600000) reserved (READ | WRITE | EXECUTE | RESERVED)[m
[m[37m[  0.087259 ax_runtime:222] [32m  [PA:0x40600000, PA:0x40700000) reserved (READ | WRITE | EXECUTE | RESERVED)[m
[m[37m[  0.087394 ax_runtime:222] [32m  [PA:0x40700000, PA:0x40810000) reserved (READ | WRITE | EXECUTE | RESERVED)[m
[m[37m[  0.087529 ax_runtime:222] [32m  [PA:0x40810000, PA:0x4081a000) reserved (READ | WRITE | EXECUTE | RESERVED)[m
[m[37m[  0.087688 ax_runtime:222] [32m  [PA:0x4081a000, PA:0x240000000) free memory (READ | WRITE | FREE)[m
[m[37m[  0.087855 ax_runtime:367] [32mInitialize global memory allocator...[m
[m[37m[  0.088007 ax_runtime:368] [32m  use buddy-slab-allocator allocator.[m
[m[37m[  0.088268 ax_alloc::buddy_slab:158] [32mInitialize global memory allocator, start_vaddr: 0x4081a000, size: 0x1ff7e6000[m
[m[37m[  0.098660 ax_alloc::buddy_slab:410] [32mglobal allocator initialized[m
[m[37m[  0.098923 ax_alloc::buddy_slab:168] [32mAdd memory region, start_vaddr: 0x40000000, size: 0x200000[m
[m[37m[  0.099170 buddy_slab_allocator::global:143] [32mGlobalAllocator: skip region 0x40000000+0x200000, no allocator-visible memory after 2097152 alignment[m
[m[37m[  0.099601 ax_runtime:257] [32mkernel aspace: [VA:0x0, VA:0xffffffffffffffff)[m
[m[37m[  0.099833 ax_mm:92] [32mInitialize virtual memory management...[m
[m[37m[  0.627448 ax_runtime:269] [32mInitialize platform devices...[m
[m[37m[  0.636676 someboot::arch::power:23] [32mPower management method : SMC[m
[m[37m[  0.637040 somehal::driver:5] [32mInitializing rdrive with FDT at 0x40600000[m
[m[37m[  0.664206 ax_task::api:146] [32mInitialize scheduling...[m
[m[37m[  0.666057 ax_task::api:154] [32m  use FIFO scheduler.[m
[m[37m[  0.666215 ax_runtime:295] [32mInitialize interrupt handlers...[m
[m[37m[  0.670549 ax_runtime::devices:2] [32mProbe platform devices...[m
[m[37m[  0.678532 ax_runtime::mp:79] [32mSecondary CPU 1 started.[m
[m[37m[  0.680697 ax_runtime::mp:79] [32mSecondary CPU 2 started.[m
[m[37m[  0.681008 ax_runtime::mp:107] [32mSecondary CPU 1 init OK.[m
[m[37m[  0.684187 ax_runtime::mp:107] [32mSecondary CPU 2 init OK.[m
[m[37m[  0.684409 ax_runtime:343] [32mPrimary CPU 0 init OK.[m
[m[37m[  0.684307 ax_runtime::mp:79] [32mSecondary CPU 3 started.[m
[m[37m[  0.689673 ax_runtime::mp:107] [32mSecondary CPU 3 init OK.[m
[m

       d8888            888     888  d8b
      d88888            888     888  Y8P
     d88P888            888     888
    d88P 888  888  888  Y88b   d88P  888  .d8888b    .d88b.   888d888
   d88P  888  `Y8bd8P'   Y88b d88P   888  88K       d88""88b  888P"
  d88P   888    X88K      Y88o88P    888  "Y8888b.  888  888  888
 d8888888888  .d8""8b.     Y888P     888       X88  Y88..88P  888
d88P     888  888  888      Y8P      888   88888P'   "Y88P"   888


by AxVisor Team

[37m[  0.693499 0:2 axvisor:52] [32mStarting virtualization...[m
[m[37m[  0.693737 0:2 axvm::host::arceos:205] [32mEnabling hardware virtualization support on all cores...[m
[m[37m[  0.693961 0:2 axvm::host::arceos:211] [32mCore 0 is initializing hardware virtualization support...[m
[m[37m[  0.694155 0:2 axvm::timer:95] [32mInitializing AxVM timer wheel...[m
[m[37m[  0.695048 0:2 axvm::host::arceos:213] [32mHardware virtualization support enabled on core 0[m
[m[37m[  0.697453 1:10 axvm::host::arceos:223] [32mCore 1 is initializing hardware virtualization support...[m
[m[37m[  0.697692 1:10 axvm::timer:95] [32mInitializing AxVM timer wheel...[m
[m[37m[  0.697905 1:10 axvm::host::arceos:226] [32mHardware virtualization support enabled on core 1[m
[m[37m[  0.698752 2:11 axvm::host::arceos:223] [32mCore 2 is initializing hardware virtualization support...[m
[m[37m[  0.698914 2:11 axvm::timer:95] [32mInitializing AxVM timer wheel...[m
[m[37m[  0.699024 2:11 axvm::host::arceos:226] [32mHardware virtualization support enabled on core 2[m
[m[37m[  0.699999 3:12 axvm::host::arceos:223] [32mCore 3 is initializing hardware virtualization support...[m
[m[37m[  0.700308 3:12 axvm::timer:95] [32mInitializing AxVM timer wheel...[m
[m[37m[  0.700463 3:12 axvm::host::arceos:226] [32mHardware virtualization support enabled on core 3[m
[m[37m[  0.701071 0:2 axvm::host::arceos:239] [32mWaiting for all cores to enable hardware virtualization...[m
[m[37m[  0.701547 0:2 axvm::host::arceos:255] [32mAll cores have enabled hardware virtualization support.[m
[m[37m[  0.701797 0:2 axvisor::config:94] [32mUsing static VM configs.[m
[m[37m[  0.717825 0:2 axvm::arch::aarch64::fdt::core::parser:386] [32mCPU node: /cpus/cpu@0, node_id: 0x0, guest_cpu_id: 0x0[m
[m[37m[  0.718132 0:2 axvm::arch::aarch64::fdt::core::parser:386] [32mCPU node: /cpus/cpu@1, node_id: 0x1, guest_cpu_id: 0x1[m
[m[37m[  0.718358 0:2 axvm::arch::aarch64::fdt::core::parser:386] [32mCPU node: /cpus/cpu@2, node_id: 0x2, guest_cpu_id: 0x2[m
[m[37m[  0.718547 0:2 axvm::arch::aarch64::fdt::core::parser:386] [32mCPU node: /cpus/cpu@3, node_id: 0x3, guest_cpu_id: 0x3[m
[m[37m[  0.718828 0:2 axvm::arch::aarch64::fdt::core::parser:393] [32mFound 4 host CPU nodes[m
[m[37m[  0.719193 0:2 axvm::arch::aarch64::fdt::core:80] [32mVM[1] DTB not found, generating from the VM configuration[m
[m[37m[  0.735007 0:2 axvm::arch::aarch64::fdt::core::device:96] [32mFound excluded devices: ["/pl011@9000000", "/intc@8000000/its@8080000"][m
[m[37m[  0.735811 0:2 axvm::arch::aarch64::fdt::core::device:107] [32mExcluding device: /intc@8000000/its@8080000[m
[m[37m[  0.736130 0:2 axvm::arch::aarch64::fdt::core::device:107] [32mExcluding device: /pl011@9000000[m
[m[37m[  0.765026 0:2 axvisor::config:137] [32mCreating VM[1] "zephyr-qemu-pl011-framed"[m
[m[37m[  0.768614 0:2 axvm::vm:436] [32mVM created: id=1[m
[m[37m[  0.996673 0:2 axvisor::config:149] [32mVM[1] created success, loading images...[m
[m
AXVISOR_GUEST_DTB_READY vm=1 gpa=0x47e00000 size=7640 hpa_segments=0x23a000000:7640
[37m[  1.021354 0:2 axdevice::device:1208] [32mAxVmDevices: registered device id=0[m
[m[37m[  1.021615 0:2 axdevice::device:268] [32mGPPT Distributor initialized with base GPA 0x8000000 and length 0x10000[m
[m[37m[  1.022537 0:2 axdevice::device:1208] [32mAxVmDevices: registered device id=1[m
[m[37m[  1.022740 0:2 axdevice::device:243] [32mGPPT Redistributor initialized for vCPU 0 with base GPA 0x80a0000 and length 0x20000[m
[m[37m[  1.023393 0:2 axdevice::device:1208] [32mAxVmDevices: registered device id=2[m
[m[37m[  1.064623 0:2 axvm::vm::prepare:102] [32mVM setup: id=1[m
[m[37m[  1.065320 0:2 axvm::runtime:42] [32mInitializing VMM...[m
[m[37m[  1.066583 0:2 axvm::runtime:47] [32mVMM starting, booting VMs...[m
[m[37m[  1.067003 0:2 axvm::vm:637] [32mStarting VM[1][m
[m[37m[  1.067348 0:2 axvm::runtime::vcpus:235] [32mSpawning task for VM[1] VCpu[0][m
[m[37m[  1.067945 0:2 axvm::runtime::vcpus:252] [32mVCpu task Task(14, "VM[1]-VCpu[0]") created cpumask: [0, ][m
[m[37m[  1.068954 0:2 axvm::runtime:53] [32mVM[1] boot success[m
[m[37m[  1.070274 0:14 axvm::runtime::vcpus:306] [32mVM[1] VCpu[0] waiting for running[m
[m[37m[  1.070596 0:14 axvm::runtime::vcpus:309] [32mVM[1] VCpu[0] running...[m
[m[37m[  1.079970 3:13 axvisor::guest_console:79] [32mGuest console drain task running on dedicated host CPU 3[m
[m
AXVISOR_GUEST_CONSOLE_FRAME v=1 vm=1 name=zephyr gen=0 seq=0 len=2 total=2 dropped=0 dma=0 hex=2a2a

AXVISOR_GUEST_CONSOLE_FRAME v=1 vm=1 name=zephyr gen=0 seq=1 len=2 total=4 dropped=0 dma=0 hex=2a20

AXVISOR_GUEST_CONSOLE_FRAME v=1 vm=1 name=zephyr gen=0 seq=2 len=2 total=6 dropped=0 dma=0 hex=426f

AXVISOR_GUEST_CONSOLE_FRAME v=1 vm=1 name=zephyr gen=0 seq=3 len=13 total=19 dropped=0 dma=0 hex=6f74696e67205a657068797220

AXVISOR_GUEST_CONSOLE_FRAME v=1 vm=1 name=zephyr gen=0 seq=4 len=2 total=21 dropped=0 dma=0 hex=4f53

AXVISOR_GUEST_CONSOLE_FRAME v=1 vm=1 name=zephyr gen=0 seq=5 len=1 total=22 dropped=0 dma=0 hex=20

AXVISOR_GUEST_CONSOLE_FRAME v=1 vm=1 name=zephyr gen=0 seq=6 len=1 total=23 dropped=0 dma=0 hex=62

AXVISOR_GUEST_CONSOLE_FRAME v=1 vm=1 name=zephyr gen=0 seq=7 len=1 total=24 dropped=0 dma=0 hex=75

AXVISOR_GUEST_CONSOLE_FRAME v=1 vm=1 name=zephyr gen=0 seq=8 len=1 total=25 dropped=0 dma=0 hex=69

AXVISOR_GUEST_CONSOLE_FRAME v=1 vm=1 name=zephyr gen=0 seq=9 len=11 total=36 dropped=0 dma=0 hex=6c642076342e342e30202a

AXVISOR_GUEST_CONSOLE_FRAME v=1 vm=1 name=zephyr gen=0 seq=10 len=1 total=37 dropped=0 dma=0 hex=2a

AXVISOR_GUEST_CONSOLE_FRAME v=1 vm=1 name=zephyr gen=0 seq=11 len=2 total=39 dropped=0 dma=0 hex=2a0d

AXVISOR_GUEST_CONSOLE_FRAME v=1 vm=1 name=zephyr gen=0 seq=12 len=2 total=41 dropped=0 dma=0 hex=0a54

AXVISOR_GUEST_CONSOLE_FRAME v=1 vm=1 name=zephyr gen=0 seq=13 len=1 total=42 dropped=0 dma=0 hex=47

AXVISOR_GUEST_CONSOLE_FRAME v=1 vm=1 name=zephyr gen=0 seq=14 len=1 total=43 dropped=0 dma=0 hex=4f

AXVISOR_GUEST_CONSOLE_FRAME v=1 vm=1 name=zephyr gen=0 seq=15 len=1 total=44 dropped=0 dma=0 hex=53

AXVISOR_GUEST_CONSOLE_FRAME v=1 vm=1 name=zephyr gen=0 seq=16 len=2 total=46 dropped=0 dma=0 hex=5f5a

AXVISOR_GUEST_CONSOLE_FRAME v=1 vm=1 name=zephyr gen=0 seq=17 len=2 total=48 dropped=0 dma=0 hex=4550

AXVISOR_GUEST_CONSOLE_FRAME v=1 vm=1 name=zephyr gen=0 seq=18 len=1 total=49 dropped=0 dma=0 hex=48

AXVISOR_GUEST_CONSOLE_FRAME v=1 vm=1 name=zephyr gen=0 seq=19 len=1 total=50 dropped=0 dma=0 hex=59

AXVISOR_GUEST_CONSOLE_FRAME v=1 vm=1 name=zephyr gen=0 seq=20 len=2 total=52 dropped=0 dma=0 hex=525f

AXVISOR_GUEST_CONSOLE_FRAME v=1 vm=1 name=zephyr gen=0 seq=21 len=1 total=53 dropped=0 dma=0 hex=53

AXVISOR_GUEST_CONSOLE_FRAME v=1 vm=1 name=zephyr gen=0 seq=22 len=13 total=66 dropped=0 dma=0 hex=4d4f4b455f5354415254207065

AXVISOR_GUEST_CONSOLE_FRAME v=1 vm=1 name=zephyr gen=0 seq=23 len=2 total=68 dropped=0 dma=0 hex=7269

AXVISOR_GUEST_CONSOLE_FRAME v=1 vm=1 name=zephyr gen=0 seq=24 len=1 total=69 dropped=0 dma=0 hex=6f

AXVISOR_GUEST_CONSOLE_FRAME v=1 vm=1 name=zephyr gen=0 seq=25 len=1 total=70 dropped=0 dma=0 hex=64

AXVISOR_GUEST_CONSOLE_FRAME v=1 vm=1 name=zephyr gen=0 seq=26 len=1 total=71 dropped=0 dma=0 hex=5f

AXVISOR_GUEST_CONSOLE_FRAME v=1 vm=1 name=zephyr gen=0 seq=27 len=1 total=72 dropped=0 dma=0 hex=6d

AXVISOR_GUEST_CONSOLE_FRAME v=1 vm=1 name=zephyr gen=0 seq=28 len=2 total=74 dropped=0 dma=0 hex=733d

AXVISOR_GUEST_CONSOLE_FRAME v=1 vm=1 name=zephyr gen=0 seq=29 len=11 total=85 dropped=0 dma=0 hex=3130302073616d706c6573

AXVISOR_GUEST_CONSOLE_FRAME v=1 vm=1 name=zephyr gen=0 seq=30 len=1 total=86 dropped=0 dma=0 hex=3d

AXVISOR_GUEST_CONSOLE_FRAME v=1 vm=1 name=zephyr gen=0 seq=31 len=2 total=88 dropped=0 dma=0 hex=3130

AXVISOR_GUEST_CONSOLE_FRAME v=1 vm=1 name=zephyr gen=0 seq=32 len=1 total=89 dropped=0 dma=0 hex=0d

AXVISOR_GUEST_CONSOLE_FRAME v=1 vm=1 name=zephyr gen=0 seq=33 len=1 total=90 dropped=0 dma=0 hex=0a

AXVISOR_GUEST_CONSOLE_FRAME v=1 vm=1 name=zephyr gen=0 seq=34 len=16 total=106 dropped=0 dma=0 hex=54474f535f5a45504859525f534d4f4b

AXVISOR_GUEST_CONSOLE_FRAME v=1 vm=1 name=zephyr gen=0 seq=35 len=1 total=107 dropped=0 dma=0 hex=45

AXVISOR_GUEST_CONSOLE_FRAME v=1 vm=1 name=zephyr gen=0 seq=36 len=15 total=122 dropped=0 dma=0 hex=5f53414d504c45207365713d312075

AXVISOR_GUEST_CONSOLE_FRAME v=1 vm=1 name=zephyr gen=0 seq=37 len=1 total=123 dropped=0 dma=0 hex=70

AXVISOR_GUEST_CONSOLE_FRAME v=1 vm=1 name=zephyr gen=0 seq=38 len=1 total=124 dropped=0 dma=0 hex=74

AXVISOR_GUEST_CONSOLE_FRAME v=1 vm=1 name=zephyr gen=0 seq=39 len=1 total=125 dropped=0 dma=0 hex=69

AXVISOR_GUEST_CONSOLE_FRAME v=1 vm=1 name=zephyr gen=0 seq=40 len=1 total=126 dropped=0 dma=0 hex=6d

AXVISOR_GUEST_CONSOLE_FRAME v=1 vm=1 name=zephyr gen=0 seq=41 len=14 total=140 dropped=0 dma=0 hex=655f6d733d3135302064656c7461

AXVISOR_GUEST_CONSOLE_FRAME v=1 vm=1 name=zephyr gen=0 seq=42 len=1 total=141 dropped=0 dma=0 hex=5f

AXVISOR_GUEST_CONSOLE_FRAME v=1 vm=1 name=zephyr gen=0 seq=43 len=1 total=142 dropped=0 dma=0 hex=6d

AXVISOR_GUEST_CONSOLE_FRAME v=1 vm=1 name=zephyr gen=0 seq=44 len=2 total=144 dropped=0 dma=0 hex=733d

AXVISOR_GUEST_CONSOLE_FRAME v=1 vm=1 name=zephyr gen=0 seq=45 len=1 total=145 dropped=0 dma=0 hex=31

AXVISOR_GUEST_CONSOLE_FRAME v=1 vm=1 name=zephyr gen=0 seq=46 len=2 total=147 dropped=0 dma=0 hex=3330

AXVISOR_GUEST_CONSOLE_FRAME v=1 vm=1 name=zephyr gen=0 seq=47 len=1 total=148 dropped=0 dma=0 hex=0d

AXVISOR_GUEST_CONSOLE_FRAME v=1 vm=1 name=zephyr gen=0 seq=48 len=1 total=149 dropped=0 dma=0 hex=0a

AXVISOR_GUEST_CONSOLE_FRAME v=1 vm=1 name=zephyr gen=0 seq=49 len=11 total=160 dropped=0 dma=0 hex=54474f535f5a4550485952

AXVISOR_GUEST_CONSOLE_FRAME v=1 vm=1 name=zephyr gen=0 seq=50 len=1 total=161 dropped=0 dma=0 hex=5f

AXVISOR_GUEST_CONSOLE_FRAME v=1 vm=1 name=zephyr gen=0 seq=51 len=2 total=163 dropped=0 dma=0 hex=534d

AXVISOR_GUEST_CONSOLE_FRAME v=1 vm=1 name=zephyr gen=0 seq=52 len=1 total=164 dropped=0 dma=0 hex=4f

AXVISOR_GUEST_CONSOLE_FRAME v=1 vm=1 name=zephyr gen=0 seq=53 len=15 total=179 dropped=0 dma=0 hex=4b455f53414d504c45207365713d32

AXVISOR_GUEST_CONSOLE_FRAME v=1 vm=1 name=zephyr gen=0 seq=54 len=1 total=180 dropped=0 dma=0 hex=20

AXVISOR_GUEST_CONSOLE_FRAME v=1 vm=1 name=zephyr gen=0 seq=55 len=1 total=181 dropped=0 dma=0 hex=75

AXVISOR_GUEST_CONSOLE_FRAME v=1 vm=1 name=zephyr gen=0 seq=56 len=13 total=194 dropped=0 dma=0 hex=7074696d655f6d733d32373020

AXVISOR_GUEST_CONSOLE_FRAME v=1 vm=1 name=zephyr gen=0 seq=57 len=2 total=196 dropped=0 dma=0 hex=6465

AXVISOR_GUEST_CONSOLE_FRAME v=1 vm=1 name=zephyr gen=0 seq=58 len=1 total=197 dropped=0 dma=0 hex=6c

AXVISOR_GUEST_CONSOLE_FRAME v=1 vm=1 name=zephyr gen=0 seq=59 len=1 total=198 dropped=0 dma=0 hex=74

AXVISOR_GUEST_CONSOLE_FRAME v=1 vm=1 name=zephyr gen=0 seq=60 len=1 total=199 dropped=0 dma=0 hex=61

AXVISOR_GUEST_CONSOLE_FRAME v=1 vm=1 name=zephyr gen=0 seq=61 len=2 total=201 dropped=0 dma=0 hex=5f6d

AXVISOR_GUEST_CONSOLE_FRAME v=1 vm=1 name=zephyr gen=0 seq=62 len=1 total=202 dropped=0 dma=0 hex=73

AXVISOR_GUEST_CONSOLE_FRAME v=1 vm=1 name=zephyr gen=0 seq=63 len=1 total=203 dropped=0 dma=0 hex=3d

AXVISOR_GUEST_CONSOLE_FRAME v=1 vm=1 name=zephyr gen=0 seq=64 len=2 total=205 dropped=0 dma=0 hex=3132

AXVISOR_GUEST_CONSOLE_FRAME v=1 vm=1 name=zephyr gen=0 seq=65 len=1 total=206 dropped=0 dma=0 hex=30

AXVISOR_GUEST_CONSOLE_FRAME v=1 vm=1 name=zephyr gen=0 seq=66 len=1 total=207 dropped=0 dma=0 hex=0d

AXVISOR_GUEST_CONSOLE_FRAME v=1 vm=1 name=zephyr gen=0 seq=67 len=1 total=208 dropped=0 dma=0 hex=0a

AXVISOR_GUEST_CONSOLE_FRAME v=1 vm=1 name=zephyr gen=0 seq=68 len=16 total=224 dropped=0 dma=0 hex=54474f535f5a45504859525f534d4f4b

AXVISOR_GUEST_CONSOLE_FRAME v=1 vm=1 name=zephyr gen=0 seq=69 len=2 total=226 dropped=0 dma=0 hex=455f

AXVISOR_GUEST_CONSOLE_FRAME v=1 vm=1 name=zephyr gen=0 seq=70 len=1 total=227 dropped=0 dma=0 hex=53

AXVISOR_GUEST_CONSOLE_FRAME v=1 vm=1 name=zephyr gen=0 seq=71 len=1 total=228 dropped=0 dma=0 hex=41

AXVISOR_GUEST_CONSOLE_FRAME v=1 vm=1 name=zephyr gen=0 seq=72 len=1 total=229 dropped=0 dma=0 hex=4d

AXVISOR_GUEST_CONSOLE_FRAME v=1 vm=1 name=zephyr gen=0 seq=73 len=1 total=230 dropped=0 dma=0 hex=50

AXVISOR_GUEST_CONSOLE_FRAME v=1 vm=1 name=zephyr gen=0 seq=74 len=1 total=231 dropped=0 dma=0 hex=4c

AXVISOR_GUEST_CONSOLE_FRAME v=1 vm=1 name=zephyr gen=0 seq=75 len=2 total=233 dropped=0 dma=0 hex=4520

AXVISOR_GUEST_CONSOLE_FRAME v=1 vm=1 name=zephyr gen=0 seq=76 len=2 total=235 dropped=0 dma=0 hex=7365

AXVISOR_GUEST_CONSOLE_FRAME v=1 vm=1 name=zephyr gen=0 seq=77 len=2 total=237 dropped=0 dma=0 hex=713d

AXVISOR_GUEST_CONSOLE_FRAME v=1 vm=1 name=zephyr gen=0 seq=78 len=1 total=238 dropped=0 dma=0 hex=33

AXVISOR_GUEST_CONSOLE_FRAME v=1 vm=1 name=zephyr gen=0 seq=79 len=2 total=240 dropped=0 dma=0 hex=2075

AXVISOR_GUEST_CONSOLE_FRAME v=1 vm=1 name=zephyr gen=0 seq=80 len=16 total=256 dropped=0 dma=0 hex=7074696d655f6d733d3339302064656c

AXVISOR_GUEST_CONSOLE_FRAME v=1 vm=1 name=zephyr gen=0 seq=81 len=2 total=258 dropped=0 dma=0 hex=7461

AXVISOR_GUEST_CONSOLE_FRAME v=1 vm=1 name=zephyr gen=0 seq=82 len=2 total=260 dropped=0 dma=0 hex=5f6d

AXVISOR_GUEST_CONSOLE_FRAME v=1 vm=1 name=zephyr gen=0 seq=83 len=1 total=261 dropped=0 dma=0 hex=73

AXVISOR_GUEST_CONSOLE_FRAME v=1 vm=1 name=zephyr gen=0 seq=84 len=2 total=263 dropped=0 dma=0 hex=3d31

AXVISOR_GUEST_CONSOLE_FRAME v=1 vm=1 name=zephyr gen=0 seq=85 len=1 total=264 dropped=0 dma=0 hex=32

AXVISOR_GUEST_CONSOLE_FRAME v=1 vm=1 name=zephyr gen=0 seq=86 len=1 total=265 dropped=0 dma=0 hex=30

AXVISOR_GUEST_CONSOLE_FRAME v=1 vm=1 name=zephyr gen=0 seq=87 len=2 total=267 dropped=0 dma=0 hex=0d0a

AXVISOR_GUEST_CONSOLE_FRAME v=1 vm=1 name=zephyr gen=0 seq=88 len=3 total=270 dropped=0 dma=0 hex=54474f

AXVISOR_GUEST_CONSOLE_FRAME v=1 vm=1 name=zephyr gen=0 seq=89 len=18 total=288 dropped=0 dma=0 hex=535f5a45504859525f534d4f4b455f53414d

AXVISOR_GUEST_CONSOLE_FRAME v=1 vm=1 name=zephyr gen=0 seq=90 len=1 total=289 dropped=0 dma=0 hex=50

AXVISOR_GUEST_CONSOLE_FRAME v=1 vm=1 name=zephyr gen=0 seq=91 len=15 total=304 dropped=0 dma=0 hex=4c45207365713d3420757074696d65

AXVISOR_GUEST_CONSOLE_FRAME v=1 vm=1 name=zephyr gen=0 seq=92 len=17 total=321 dropped=0 dma=0 hex=5f6d733d3531302064656c74615f6d733d

AXVISOR_GUEST_CONSOLE_FRAME v=1 vm=1 name=zephyr gen=0 seq=93 len=1 total=322 dropped=0 dma=0 hex=31

AXVISOR_GUEST_CONSOLE_FRAME v=1 vm=1 name=zephyr gen=0 seq=94 len=1 total=323 dropped=0 dma=0 hex=32

AXVISOR_GUEST_CONSOLE_FRAME v=1 vm=1 name=zephyr gen=0 seq=95 len=3 total=326 dropped=0 dma=0 hex=300d0a

AXVISOR_GUEST_CONSOLE_FRAME v=1 vm=1 name=zephyr gen=0 seq=96 len=7 total=333 dropped=0 dma=0 hex=54474f535f5a45

AXVISOR_GUEST_CONSOLE_FRAME v=1 vm=1 name=zephyr gen=0 seq=97 len=1 total=334 dropped=0 dma=0 hex=50

AXVISOR_GUEST_CONSOLE_FRAME v=1 vm=1 name=zephyr gen=0 seq=98 len=1 total=335 dropped=0 dma=0 hex=48

AXVISOR_GUEST_CONSOLE_FRAME v=1 vm=1 name=zephyr gen=0 seq=99 len=1 total=336 dropped=0 dma=0 hex=59

AXVISOR_GUEST_CONSOLE_FRAME v=1 vm=1 name=zephyr gen=0 seq=100 len=2 total=338 dropped=0 dma=0 hex=525f

AXVISOR_GUEST_CONSOLE_FRAME v=1 vm=1 name=zephyr gen=0 seq=101 len=17 total=355 dropped=0 dma=0 hex=534d4f4b455f53414d504c45207365713d

AXVISOR_GUEST_CONSOLE_FRAME v=1 vm=1 name=zephyr gen=0 seq=102 len=1 total=356 dropped=0 dma=0 hex=35

AXVISOR_GUEST_CONSOLE_FRAME v=1 vm=1 name=zephyr gen=0 seq=103 len=1 total=357 dropped=0 dma=0 hex=20

AXVISOR_GUEST_CONSOLE_FRAME v=1 vm=1 name=zephyr gen=0 seq=104 len=1 total=358 dropped=0 dma=0 hex=75

AXVISOR_GUEST_CONSOLE_FRAME v=1 vm=1 name=zephyr gen=0 seq=105 len=1 total=359 dropped=0 dma=0 hex=70

AXVISOR_GUEST_CONSOLE_FRAME v=1 vm=1 name=zephyr gen=0 seq=106 len=2 total=361 dropped=0 dma=0 hex=7469

AXVISOR_GUEST_CONSOLE_FRAME v=1 vm=1 name=zephyr gen=0 seq=107 len=1 total=362 dropped=0 dma=0 hex=6d

AXVISOR_GUEST_CONSOLE_FRAME v=1 vm=1 name=zephyr gen=0 seq=108 len=2 total=364 dropped=0 dma=0 hex=655f

AXVISOR_GUEST_CONSOLE_FRAME v=1 vm=1 name=zephyr gen=0 seq=109 len=12 total=376 dropped=0 dma=0 hex=6d733d3632302064656c7461

AXVISOR_GUEST_CONSOLE_FRAME v=1 vm=1 name=zephyr gen=0 seq=110 len=2 total=378 dropped=0 dma=0 hex=5f6d

AXVISOR_GUEST_CONSOLE_FRAME v=1 vm=1 name=zephyr gen=0 seq=111 len=1 total=379 dropped=0 dma=0 hex=73

AXVISOR_GUEST_CONSOLE_FRAME v=1 vm=1 name=zephyr gen=0 seq=112 len=1 total=380 dropped=0 dma=0 hex=3d

AXVISOR_GUEST_CONSOLE_FRAME v=1 vm=1 name=zephyr gen=0 seq=113 len=1 total=381 dropped=0 dma=0 hex=31

AXVISOR_GUEST_CONSOLE_FRAME v=1 vm=1 name=zephyr gen=0 seq=114 len=1 total=382 dropped=0 dma=0 hex=31

AXVISOR_GUEST_CONSOLE_FRAME v=1 vm=1 name=zephyr gen=0 seq=115 len=1 total=383 dropped=0 dma=0 hex=30

AXVISOR_GUEST_CONSOLE_FRAME v=1 vm=1 name=zephyr gen=0 seq=116 len=1 total=384 dropped=0 dma=0 hex=0d

AXVISOR_GUEST_CONSOLE_FRAME v=1 vm=1 name=zephyr gen=0 seq=117 len=1 total=385 dropped=0 dma=0 hex=0a

AXVISOR_GUEST_CONSOLE_FRAME v=1 vm=1 name=zephyr gen=0 seq=118 len=2 total=387 dropped=0 dma=0 hex=5447

AXVISOR_GUEST_CONSOLE_FRAME v=1 vm=1 name=zephyr gen=0 seq=119 len=2 total=389 dropped=0 dma=0 hex=4f53

AXVISOR_GUEST_CONSOLE_FRAME v=1 vm=1 name=zephyr gen=0 seq=120 len=2 total=391 dropped=0 dma=0 hex=5f5a

AXVISOR_GUEST_CONSOLE_FRAME v=1 vm=1 name=zephyr gen=0 seq=121 len=1 total=392 dropped=0 dma=0 hex=45

AXVISOR_GUEST_CONSOLE_FRAME v=1 vm=1 name=zephyr gen=0 seq=122 len=2 total=394 dropped=0 dma=0 hex=5048

AXVISOR_GUEST_CONSOLE_FRAME v=1 vm=1 name=zephyr gen=0 seq=123 len=1 total=395 dropped=0 dma=0 hex=59

AXVISOR_GUEST_CONSOLE_FRAME v=1 vm=1 name=zephyr gen=0 seq=124 len=2 total=397 dropped=0 dma=0 hex=525f

AXVISOR_GUEST_CONSOLE_FRAME v=1 vm=1 name=zephyr gen=0 seq=125 len=1 total=398 dropped=0 dma=0 hex=53

AXVISOR_GUEST_CONSOLE_FRAME v=1 vm=1 name=zephyr gen=0 seq=126 len=3 total=401 dropped=0 dma=0 hex=4d4f4b

AXVISOR_GUEST_CONSOLE_FRAME v=1 vm=1 name=zephyr gen=0 seq=127 len=1 total=402 dropped=0 dma=0 hex=45

AXVISOR_GUEST_CONSOLE_FRAME v=1 vm=1 name=zephyr gen=0 seq=128 len=2 total=404 dropped=0 dma=0 hex=5f53

AXVISOR_GUEST_CONSOLE_FRAME v=1 vm=1 name=zephyr gen=0 seq=129 len=1 total=405 dropped=0 dma=0 hex=41

AXVISOR_GUEST_CONSOLE_FRAME v=1 vm=1 name=zephyr gen=0 seq=130 len=1 total=406 dropped=0 dma=0 hex=4d

AXVISOR_GUEST_CONSOLE_FRAME v=1 vm=1 name=zephyr gen=0 seq=131 len=1 total=407 dropped=0 dma=0 hex=50

AXVISOR_GUEST_CONSOLE_FRAME v=1 vm=1 name=zephyr gen=0 seq=132 len=2 total=409 dropped=0 dma=0 hex=4c45

AXVISOR_GUEST_CONSOLE_FRAME v=1 vm=1 name=zephyr gen=0 seq=133 len=1 total=410 dropped=0 dma=0 hex=20

AXVISOR_GUEST_CONSOLE_FRAME v=1 vm=1 name=zephyr gen=0 seq=134 len=2 total=412 dropped=0 dma=0 hex=7365

AXVISOR_GUEST_CONSOLE_FRAME v=1 vm=1 name=zephyr gen=0 seq=135 len=1 total=413 dropped=0 dma=0 hex=71

AXVISOR_GUEST_CONSOLE_FRAME v=1 vm=1 name=zephyr gen=0 seq=136 len=1 total=414 dropped=0 dma=0 hex=3d

AXVISOR_GUEST_CONSOLE_FRAME v=1 vm=1 name=zephyr gen=0 seq=137 len=1 total=415 dropped=0 dma=0 hex=36

AXVISOR_GUEST_CONSOLE_FRAME v=1 vm=1 name=zephyr gen=0 seq=138 len=1 total=416 dropped=0 dma=0 hex=20

AXVISOR_GUEST_CONSOLE_FRAME v=1 vm=1 name=zephyr gen=0 seq=139 len=1 total=417 dropped=0 dma=0 hex=75

AXVISOR_GUEST_CONSOLE_FRAME v=1 vm=1 name=zephyr gen=0 seq=140 len=1 total=418 dropped=0 dma=0 hex=70

AXVISOR_GUEST_CONSOLE_FRAME v=1 vm=1 name=zephyr gen=0 seq=141 len=2 total=420 dropped=0 dma=0 hex=7469

AXVISOR_GUEST_CONSOLE_FRAME v=1 vm=1 name=zephyr gen=0 seq=142 len=1 total=421 dropped=0 dma=0 hex=6d

AXVISOR_GUEST_CONSOLE_FRAME v=1 vm=1 name=zephyr gen=0 seq=143 len=2 total=423 dropped=0 dma=0 hex=655f

AXVISOR_GUEST_CONSOLE_FRAME v=1 vm=1 name=zephyr gen=0 seq=144 len=1 total=424 dropped=0 dma=0 hex=6d

AXVISOR_GUEST_CONSOLE_FRAME v=1 vm=1 name=zephyr gen=0 seq=145 len=1 total=425 dropped=0 dma=0 hex=73

AXVISOR_GUEST_CONSOLE_FRAME v=1 vm=1 name=zephyr gen=0 seq=146 len=2 total=427 dropped=0 dma=0 hex=3d37

AXVISOR_GUEST_CONSOLE_FRAME v=1 vm=1 name=zephyr gen=0 seq=147 len=1 total=428 dropped=0 dma=0 hex=34

AXVISOR_GUEST_CONSOLE_FRAME v=1 vm=1 name=zephyr gen=0 seq=148 len=2 total=430 dropped=0 dma=0 hex=3020

AXVISOR_GUEST_CONSOLE_FRAME v=1 vm=1 name=zephyr gen=0 seq=149 len=2 total=432 dropped=0 dma=0 hex=6465

AXVISOR_GUEST_CONSOLE_FRAME v=1 vm=1 name=zephyr gen=0 seq=150 len=12 total=444 dropped=0 dma=0 hex=6c74615f6d733d3132300d0a

AXVISOR_GUEST_CONSOLE_FRAME v=1 vm=1 name=zephyr gen=0 seq=151 len=6 total=450 dropped=0 dma=0 hex=54474f535f5a

AXVISOR_GUEST_CONSOLE_FRAME v=1 vm=1 name=zephyr gen=0 seq=152 len=1 total=451 dropped=0 dma=0 hex=45

AXVISOR_GUEST_CONSOLE_FRAME v=1 vm=1 name=zephyr gen=0 seq=153 len=1 total=452 dropped=0 dma=0 hex=50

AXVISOR_GUEST_CONSOLE_FRAME v=1 vm=1 name=zephyr gen=0 seq=154 len=1 total=453 dropped=0 dma=0 hex=48

AXVISOR_GUEST_CONSOLE_FRAME v=1 vm=1 name=zephyr gen=0 seq=155 len=1 total=454 dropped=0 dma=0 hex=59

AXVISOR_GUEST_CONSOLE_FRAME v=1 vm=1 name=zephyr gen=0 seq=156 len=2 total=456 dropped=0 dma=0 hex=525f

AXVISOR_GUEST_CONSOLE_FRAME v=1 vm=1 name=zephyr gen=0 seq=157 len=1 total=457 dropped=0 dma=0 hex=53

AXVISOR_GUEST_CONSOLE_FRAME v=1 vm=1 name=zephyr gen=0 seq=158 len=1 total=458 dropped=0 dma=0 hex=4d

AXVISOR_GUEST_CONSOLE_FRAME v=1 vm=1 name=zephyr gen=0 seq=159 len=1 total=459 dropped=0 dma=0 hex=4f

AXVISOR_GUEST_CONSOLE_FRAME v=1 vm=1 name=zephyr gen=0 seq=160 len=2 total=461 dropped=0 dma=0 hex=4b45

AXVISOR_GUEST_CONSOLE_FRAME v=1 vm=1 name=zephyr gen=0 seq=161 len=2 total=463 dropped=0 dma=0 hex=5f53

AXVISOR_GUEST_CONSOLE_FRAME v=1 vm=1 name=zephyr gen=0 seq=162 len=15 total=478 dropped=0 dma=0 hex=414d504c45207365713d3720757074

AXVISOR_GUEST_CONSOLE_FRAME v=1 vm=1 name=zephyr gen=0 seq=163 len=15 total=493 dropped=0 dma=0 hex=696d655f6d733d3837302064656c74

AXVISOR_GUEST_CONSOLE_FRAME v=1 vm=1 name=zephyr gen=0 seq=164 len=1 total=494 dropped=0 dma=0 hex=61

AXVISOR_GUEST_CONSOLE_FRAME v=1 vm=1 name=zephyr gen=0 seq=165 len=9 total=503 dropped=0 dma=0 hex=5f6d733d3133300d0a

AXVISOR_GUEST_CONSOLE_FRAME v=1 vm=1 name=zephyr gen=0 seq=166 len=2 total=505 dropped=0 dma=0 hex=5447

AXVISOR_GUEST_CONSOLE_FRAME v=1 vm=1 name=zephyr gen=0 seq=167 len=1 total=506 dropped=0 dma=0 hex=4f

AXVISOR_GUEST_CONSOLE_FRAME v=1 vm=1 name=zephyr gen=0 seq=168 len=1 total=507 dropped=0 dma=0 hex=53

AXVISOR_GUEST_CONSOLE_FRAME v=1 vm=1 name=zephyr gen=0 seq=169 len=17 total=524 dropped=0 dma=0 hex=5f5a45504859525f534d4f4b455f53414d

AXVISOR_GUEST_CONSOLE_FRAME v=1 vm=1 name=zephyr gen=0 seq=170 len=1 total=525 dropped=0 dma=0 hex=50

AXVISOR_GUEST_CONSOLE_FRAME v=1 vm=1 name=zephyr gen=0 seq=171 len=1 total=526 dropped=0 dma=0 hex=4c

AXVISOR_GUEST_CONSOLE_FRAME v=1 vm=1 name=zephyr gen=0 seq=172 len=19 total=545 dropped=0 dma=0 hex=45207365713d3820757074696d655f6d733d39

AXVISOR_GUEST_CONSOLE_FRAME v=1 vm=1 name=zephyr gen=0 seq=173 len=15 total=560 dropped=0 dma=0 hex=39302064656c74615f6d733d313230

AXVISOR_GUEST_CONSOLE_FRAME v=1 vm=1 name=zephyr gen=0 seq=174 len=2 total=562 dropped=0 dma=0 hex=0d0a

AXVISOR_GUEST_CONSOLE_FRAME v=1 vm=1 name=zephyr gen=0 seq=175 len=18 total=580 dropped=0 dma=0 hex=54474f535f5a45504859525f534d4f4b455f

AXVISOR_GUEST_CONSOLE_FRAME v=1 vm=1 name=zephyr gen=0 seq=176 len=17 total=597 dropped=0 dma=0 hex=53414d504c45207365713d392075707469

AXVISOR_GUEST_CONSOLE_FRAME v=1 vm=1 name=zephyr gen=0 seq=177 len=2 total=599 dropped=0 dma=0 hex=6d65

AXVISOR_GUEST_CONSOLE_FRAME v=1 vm=1 name=zephyr gen=0 seq=178 len=2 total=601 dropped=0 dma=0 hex=5f6d

AXVISOR_GUEST_CONSOLE_FRAME v=1 vm=1 name=zephyr gen=0 seq=179 len=1 total=602 dropped=0 dma=0 hex=73

AXVISOR_GUEST_CONSOLE_FRAME v=1 vm=1 name=zephyr gen=0 seq=180 len=1 total=603 dropped=0 dma=0 hex=3d

AXVISOR_GUEST_CONSOLE_FRAME v=1 vm=1 name=zephyr gen=0 seq=181 len=2 total=605 dropped=0 dma=0 hex=3131

AXVISOR_GUEST_CONSOLE_FRAME v=1 vm=1 name=zephyr gen=0 seq=182 len=2 total=607 dropped=0 dma=0 hex=3030

AXVISOR_GUEST_CONSOLE_FRAME v=1 vm=1 name=zephyr gen=0 seq=183 len=1 total=608 dropped=0 dma=0 hex=20

AXVISOR_GUEST_CONSOLE_FRAME v=1 vm=1 name=zephyr gen=0 seq=184 len=1 total=609 dropped=0 dma=0 hex=64

AXVISOR_GUEST_CONSOLE_FRAME v=1 vm=1 name=zephyr gen=0 seq=185 len=2 total=611 dropped=0 dma=0 hex=656c

AXVISOR_GUEST_CONSOLE_FRAME v=1 vm=1 name=zephyr gen=0 seq=186 len=2 total=613 dropped=0 dma=0 hex=7461

AXVISOR_GUEST_CONSOLE_FRAME v=1 vm=1 name=zephyr gen=0 seq=187 len=1 total=614 dropped=0 dma=0 hex=5f

AXVISOR_GUEST_CONSOLE_FRAME v=1 vm=1 name=zephyr gen=0 seq=188 len=8 total=622 dropped=0 dma=0 hex=6d733d3131300d0a

AXVISOR_GUEST_CONSOLE_FRAME v=1 vm=1 name=zephyr gen=0 seq=189 len=16 total=638 dropped=0 dma=0 hex=54474f535f5a45504859525f534d4f4b

AXVISOR_GUEST_CONSOLE_FRAME v=1 vm=1 name=zephyr gen=0 seq=190 len=17 total=655 dropped=0 dma=0 hex=455f53414d504c45207365713d31302075

AXVISOR_GUEST_CONSOLE_FRAME v=1 vm=1 name=zephyr gen=0 seq=191 len=1 total=656 dropped=0 dma=0 hex=70

AXVISOR_GUEST_CONSOLE_FRAME v=1 vm=1 name=zephyr gen=0 seq=192 len=1 total=657 dropped=0 dma=0 hex=74

AXVISOR_GUEST_CONSOLE_FRAME v=1 vm=1 name=zephyr gen=0 seq=193 len=2 total=659 dropped=0 dma=0 hex=696d

AXVISOR_GUEST_CONSOLE_FRAME v=1 vm=1 name=zephyr gen=0 seq=194 len=1 total=660 dropped=0 dma=0 hex=65

AXVISOR_GUEST_CONSOLE_FRAME v=1 vm=1 name=zephyr gen=0 seq=195 len=3 total=663 dropped=0 dma=0 hex=5f6d73

AXVISOR_GUEST_CONSOLE_FRAME v=1 vm=1 name=zephyr gen=0 seq=196 len=2 total=665 dropped=0 dma=0 hex=3d31

AXVISOR_GUEST_CONSOLE_FRAME v=1 vm=1 name=zephyr gen=0 seq=197 len=1 total=666 dropped=0 dma=0 hex=32

AXVISOR_GUEST_CONSOLE_FRAME v=1 vm=1 name=zephyr gen=0 seq=198 len=2 total=668 dropped=0 dma=0 hex=3130

AXVISOR_GUEST_CONSOLE_FRAME v=1 vm=1 name=zephyr gen=0 seq=199 len=2 total=670 dropped=0 dma=0 hex=2064

AXVISOR_GUEST_CONSOLE_FRAME v=1 vm=1 name=zephyr gen=0 seq=200 len=1 total=671 dropped=0 dma=0 hex=65

AXVISOR_GUEST_CONSOLE_FRAME v=1 vm=1 name=zephyr gen=0 seq=201 len=2 total=673 dropped=0 dma=0 hex=6c74

AXVISOR_GUEST_CONSOLE_FRAME v=1 vm=1 name=zephyr gen=0 seq=202 len=2 total=675 dropped=0 dma=0 hex=615f

AXVISOR_GUEST_CONSOLE_FRAME v=1 vm=1 name=zephyr gen=0 seq=203 len=1 total=676 dropped=0 dma=0 hex=6d

AXVISOR_GUEST_CONSOLE_FRAME v=1 vm=1 name=zephyr gen=0 seq=204 len=1 total=677 dropped=0 dma=0 hex=73

AXVISOR_GUEST_CONSOLE_FRAME v=1 vm=1 name=zephyr gen=0 seq=205 len=2 total=679 dropped=0 dma=0 hex=3d31

AXVISOR_GUEST_CONSOLE_FRAME v=1 vm=1 name=zephyr gen=0 seq=206 len=1 total=680 dropped=0 dma=0 hex=31

AXVISOR_GUEST_CONSOLE_FRAME v=1 vm=1 name=zephyr gen=0 seq=207 len=2 total=682 dropped=0 dma=0 hex=300d

AXVISOR_GUEST_CONSOLE_FRAME v=1 vm=1 name=zephyr gen=0 seq=208 len=2 total=684 dropped=0 dma=0 hex=0a54

AXVISOR_GUEST_CONSOLE_FRAME v=1 vm=1 name=zephyr gen=0 seq=209 len=2 total=686 dropped=0 dma=0 hex=474f

AXVISOR_GUEST_CONSOLE_FRAME v=1 vm=1 name=zephyr gen=0 seq=210 len=2 total=688 dropped=0 dma=0 hex=535f

AXVISOR_GUEST_CONSOLE_FRAME v=1 vm=1 name=zephyr gen=0 seq=211 len=1 total=689 dropped=0 dma=0 hex=5a

AXVISOR_GUEST_CONSOLE_FRAME v=1 vm=1 name=zephyr gen=0 seq=212 len=2 total=691 dropped=0 dma=0 hex=4550

AXVISOR_GUEST_CONSOLE_FRAME v=1 vm=1 name=zephyr gen=0 seq=213 len=3 total=694 dropped=0 dma=0 hex=485952

AXVISOR_GUEST_CONSOLE_FRAME v=1 vm=1 name=zephyr gen=0 seq=214 len=1 total=695 dropped=0 dma=0 hex=5f

AXVISOR_GUEST_CONSOLE_FRAME v=1 vm=1 name=zephyr gen=0 seq=215 len=16 total=711 dropped=0 dma=0 hex=534d4f4b455f504153532073616d706c

AXVISOR_GUEST_CONSOLE_FRAME v=1 vm=1 name=zephyr gen=0 seq=216 len=1 total=712 dropped=0 dma=0 hex=65

AXVISOR_GUEST_CONSOLE_FRAME v=1 vm=1 name=zephyr gen=0 seq=217 len=2 total=714 dropped=0 dma=0 hex=733d

AXVISOR_GUEST_CONSOLE_FRAME v=1 vm=1 name=zephyr gen=0 seq=218 len=1 total=715 dropped=0 dma=0 hex=31

AXVISOR_GUEST_CONSOLE_FRAME v=1 vm=1 name=zephyr gen=0 seq=219 len=1 total=716 dropped=0 dma=0 hex=30

AXVISOR_GUEST_CONSOLE_FRAME v=1 vm=1 name=zephyr gen=0 seq=220 len=1 total=717 dropped=0 dma=0 hex=0d

AXVISOR_GUEST_CONSOLE_FRAME v=1 vm=1 name=zephyr gen=0 seq=221 len=1 total=718 dropped=0 dma=0 hex=0a
