    Finished `dev` profile [unoptimized + debuginfo] target(s) in 36.13s
     Running `/mnt/f/project/泉城实验室/tgoskits/target/debug/xtask qemu --config configs/board/qemu-aarch64.toml --qemu-config '/mnt/f/project/泉城实验室/tgoskits/configs/contest/qemu-aarch64-linux-smp2.toml' --vmconfigs tmp/vmconfigs/linux-aarch64-qemu-smp2.generated.toml`
[2026-07-26T16:55:49Z INFO  axbuild::context] Workspace root: /mnt/f/project/泉城实验室/tgoskits
[2026-07-26T16:56:18Z INFO  axbuild::context] Workspace member dir for axvisor: /mnt/f/project/泉城实验室/tgoskits/os/axvisor
Using build config: /mnt/f/project/泉城实验室/tgoskits/os/axvisor/configs/board/qemu-aarch64.toml
[2026-07-26T16:56:45Z INFO  ostool::run::qemu] Using QEMU config file: /mnt/f/project/泉城实验室/tgoskits/configs/contest/qemu-aarch64-linux-smp2.toml
[axbuild] qemu build+run package=axvisor target=scripts/targets/std/pie/aarch64-unknown-linux-musl.json config=/mnt/f/project/泉城实验室/tgoskits/os/axvisor/configs/board/qemu-aarch64.toml ...
sh -c /mnt/f/project/泉城实验室/tgoskits/tmp/axbuild/std/prebuild/prebuild-aarch64-unknown-linux-musl-73e159b1006c783f.sh
AR_aarch64_unknown_linux_musl=aarch64-linux-musl-ar
AXVISOR_VM_CONFIGS=/mnt/f/project/泉城实验室/tgoskits/os/axvisor/tmp/vmconfigs/linux-aarch64-qemu-smp2.generated.toml
AX_ARCH=aarch64
AX_LOG=info
AX_TARGET=aarch64-unknown-none-softfloat
BINDGEN_EXTRA_CLANG_ARGS_aarch64_unknown_linux_musl=--target=aarch64-linux-musl --sysroot=/opt/aarch64-linux-musl-cross/bin/../aarch64-linux-musl --gcc-toolchain=/opt/aarch64-linux-musl-cross -isystem /opt/aarch64-linux-musl-cross/bin/../aarch64-linux-musl/include -isystem /opt/aarch64-linux-musl-cross/lib/gcc/aarch64-linux-musl/11.2.1/include -mgeneral-regs-only
CARGO_UNSTABLE_JSON_TARGET_SPEC=true
CC_aarch64_unknown_linux_musl=aarch64-linux-musl-cc
CFLAGS_aarch64_unknown_linux_musl=-mgeneral-regs-only -fno-stack-protector
CXXFLAGS_aarch64_unknown_linux_musl=-mgeneral-regs-only -fno-stack-protector
cargo build --config /mnt/f/project/泉城实验室/tgoskits/tmp/axbuild/std/config-aarch64-unknown-linux-musl-dynamic.toml -p axvisor --target scripts/targets/std/pie/aarch64-unknown-linux-musl.json -Z unstable-options --target-dir /mnt/f/project/泉城实验室/tgoskits/target --features ax-std/fs,ax-std/virtio-blk,fs,log/release_max_level_info -Z json-target-spec --bin axvisor --release --message-format json-render-diagnostics
   Compiling ax-percpu v0.4.14 (/mnt/f/project/泉城实验室/tgoskits/components/percpu/percpu)
   Compiling somehal v0.8.0 (/mnt/f/project/泉城实验室/tgoskits/platforms/somehal)
   Compiling axplat-dyn v0.7.12 (/mnt/f/project/泉城实验室/tgoskits/platforms/axplat-dyn)
   Compiling scope-local v0.4.2 (/mnt/f/project/泉城实验室/tgoskits/components/scope-local)
   Compiling ax-task v0.6.4 (/mnt/f/project/泉城实验室/tgoskits/os/arceos/modules/axtask)
   Compiling ax-runtime v0.10.4 (/mnt/f/project/泉城实验室/tgoskits/os/arceos/modules/axruntime)
   Compiling someboot v0.3.5 (/mnt/f/project/泉城实验室/tgoskits/platforms/someboot)
   Compiling axvisor v0.5.21 (/mnt/f/project/泉城实验室/tgoskits/os/axvisor)
   Compiling ax-plat v0.12.0 (/mnt/f/project/泉城实验室/tgoskits/platforms/ax-plat)
   Compiling ax-alloc v0.8.12 (/mnt/f/project/泉城实验室/tgoskits/os/arceos/modules/axalloc)
warning: function `set_fdt_addr_phys_if_valid` is never used
  --> platforms/someboot/src/fdt/mod.rs:32:15
   |
32 | pub(crate) fn set_fdt_addr_phys_if_valid(fdt_addr: usize) -> bool {
   |               ^^^^^^^^^^^^^^^^^^^^^^^^^^
   |
   = note: `#[warn(dead_code)]` (part of `#[warn(unused)]`) on by default

warning: `someboot` (lib) generated 1 warning
   Compiling axklib v0.7.5 (/mnt/f/project/泉城实验室/tgoskits/components/axklib)
   Compiling ax-driver v0.12.0 (/mnt/f/project/泉城实验室/tgoskits/drivers/ax-driver)
   Compiling ax-hal v0.5.28 (/mnt/f/project/泉城实验室/tgoskits/os/arceos/modules/axhal)
   Compiling ax-mm v0.5.28 (/mnt/f/project/泉城实验室/tgoskits/os/arceos/modules/axmm)
   Compiling ax-sync v0.5.28 (/mnt/f/project/泉城实验室/tgoskits/os/arceos/modules/axsync)
   Compiling ax-fs-ng v0.8.4 (/mnt/f/project/泉城实验室/tgoskits/os/arceos/modules/axfs-ng)
   Compiling ax-api v0.7.4 (/mnt/f/project/泉城实验室/tgoskits/os/arceos/api/arceos_api)
   Compiling ax-posix-api v0.5.29 (/mnt/f/project/泉城实验室/tgoskits/os/arceos/api/arceos_posix_api)
   Compiling ax-std v0.5.28 (/mnt/f/project/泉城实验室/tgoskits/os/arceos/ulib/axstd)
   Compiling axvm v0.5.23 (/mnt/f/project/泉城实验室/tgoskits/virtualization/axvm)
warning: unused import: `NestedPageTableOps`
  --> virtualization/axvm/src/vm/mod.rs:26:30
   |
26 | use axaddrspace::{AddrSpace, NestedPageTableOps};
   |                              ^^^^^^^^^^^^^^^^^^
   |
   = note: `#[warn(unused_imports)]` (part of `#[warn(unused)]`) on by default

warning: function `shutdown_host_filesystems` is never used
   --> virtualization/axvm/src/host/arceos.rs:168:8
    |
168 | pub fn shutdown_host_filesystems() -> AxVmResult {
    |        ^^^^^^^^^^^^^^^^^^^^^^^^^
    |
    = note: `#[warn(dead_code)]` (part of `#[warn(unused)]`) on by default

warning: function `with_vm` is never used
  --> virtualization/axvm/src/manager.rs:58:15
   |
58 | pub(crate) fn with_vm<F, R>(vm_id: VMId, f: F) -> Option<R>
   |               ^^^^^^^

warning: function `active_vcpu_mask` is never used
  --> virtualization/axvm/src/manager.rs:67:15
   |
67 | pub(crate) fn active_vcpu_mask(vm_id: VMId) -> Option<usize> {
   |               ^^^^^^^^^^^^^^^^

warning: function `inject_interrupt` is never used
  --> virtualization/axvm/src/manager.rs:79:15
   |
79 | pub(crate) fn inject_interrupt(vm_id: VMId, vcpu_id: usize, vector: usize) -> AxVmResult {
   |               ^^^^^^^^^^^^^^^^

warning: field `token` is never read
  --> virtualization/axvm/src/timer.rs:21:5
   |
20 | struct VmTimerEvent {
   |        ------------ field in this struct
21 |     token: usize,
   |     ^^^^^

warning: function `cancel_timer` is never used
  --> virtualization/axvm/src/timer.rs:63:15
   |
63 | pub(crate) fn cancel_timer(token: usize) {
   |               ^^^^^^^^^^^^

warning: associated items `handle_nested_page_fault` and `debug_nested_page_fault` are never used
   --> virtualization/axvm/src/vm/mod.rs:848:19
    |
409 | impl AxVM {
    | --------- associated items in this implementation
...
848 |     pub(crate) fn handle_nested_page_fault(
    |                   ^^^^^^^^^^^^^^^^^^^^^^^^
...
863 |     fn debug_nested_page_fault(
    |        ^^^^^^^^^^^^^^^^^^^^^^^

warning: this lint expectation is unfulfilled
   --> virtualization/axvm/src/runtime/vcpus.rs:194:5
    |
194 |     dead_code,
    |     ^^^^^^^^^
    |
    = note: only non-x86 guest firmware boots secondary vCPUs
    = note: `#[warn(unfulfilled_lint_expectations)]` on by default

warning: this lint expectation is unfulfilled
   --> virtualization/axvm/src/runtime/vcpus.rs:227:5
    |
227 |     dead_code,
    |     ^^^^^^^^^
    |
    = note: only non-x86 guest firmware boots secondary vCPUs

warning: this lint expectation is unfulfilled
   --> virtualization/axvm/src/vcpu.rs:288:9
    |
288 |         dead_code,
    |         ^^^^^^^^^
    |
    = note: only non-x86 guest firmware updates secondary vCPU entries

warning: `axvm` (lib) generated 11 warnings
    Finished `release` profile [optimized] target(s) in 2m 13s
warning: the following packages contain code that will be rejected by a future version of Rust: core v0.0.0 (/root/.rustup/toolchains/nightly-2026-07-15-x86_64-unknown-linux-gnu/lib/rustlib/src/rust/library/core), memchr v2.8.2
note: to see what the problems were, use the option `--future-incompat-report`, or run `cargo report future-incompatibilities --id 1`
Converting ELF to BIN format...
  elf: /mnt/f/project/泉城实验室/tgoskits/target/aarch64-unknown-linux-musl/release/axvisor
  bin: /mnt/f/project/泉城实验室/tgoskits/target/aarch64-unknown-linux-musl/release/axvisor.bin
/root/.rustup/toolchains/nightly-2026-07-15-x86_64-unknown-linux-gnu/lib/rustlib/x86_64-unknown-linux-gnu/bin/llvm-objcopy --strip-all -O binary /mnt/f/project/泉城实验室/tgoskits/target/aarch64-unknown-linux-musl/release/axvisor /mnt/f/project/泉城实验室/tgoskits/target/aarch64-unknown-linux-musl/release/axvisor.bin
qemu-system-aarch64 -nographic -cpu cortex-a72 -machine virt,virtualization=on,gic-version=3 -smp 4 -device virtio-blk-device,drive=disk0 -drive id=disk0,if=none,format=raw,file=/root/.cache/tgoskits/axvisor-images/qemu_aarch64_linux/rootfs.img -append root=/dev/vda rw init=/bin/sh -m 8g -kernel /mnt/f/project/泉城实验室/tgoskits/target/aarch64-unknown-linux-musl/release/axvisor.bin
root=/dev/vda rw init=/bin/sh
VM Load @0x40200000
VM Load Offset: 0xffff0000c0200000
Memory Map:
  Free   0x00000040000000 - 0x00000040200000 (2 MiB)
  KImg   0x00000040200000 - 0x00000043400000 (50 MiB)
  Free   0x00000043400000 - 0x00000240000000 (7.95 GiB)
Initialize RAM allocator: 0x43400000..0x240000000
Reserving CPU-local areas
CPU-local area stride: 0x44000 bytes
Total CPU-local allocation: 0x110000 bytes (4 CPUs)
Flushed RAM used range to memory map: 0x43400000..0x43500000, current: 0x43500000
Flushed RAM used range to memory map: 0x43500000..0x43610000, current: 0x43610000
CPU-local areas allocated at 0x43500000 - 0x43610000
EL: 2
Mapping early memory regions...
Ram                 : [0x0000000040000000, 0x0000000240000000) -> [0x0000000040000000, 0x0000000240000000) (8 GiB)
KImage              : [0x0000ffff80000000, 0x0000ffff83200000) -> [0x0000000040200000, 0x0000000043400000) (50 MiB)
PerCpu              : [0x0000ff0043500000, 0x0000ff0043610000) -> [0x0000000043500000, 0x0000000043610000) (1.06 MiB)
Debug serial        : [0x0000000009000000, 0x0000000009001000) -> [0x0000000009000000, 0x0000000009001000) (4 KiB)
Boot page table at physical address: 0x43610000
Setting up table registers...
MMU Entry point at physical address: 0x40384068
Trap vector at 0xffff8017a800
Memory Map:
  MMIO   0x00000009000000 - 0x00000009001000 (4 KiB)
  Free   0x00000040000000 - 0x00000040200000 (2 MiB)
  KImg   0x00000040200000 - 0x00000043400000 (50 MiB)
  Rsv    0x00000043400000 - 0x00000043500000 (1 MiB)
  PerCPU 0x00000043500000 - 0x00000043610000 (1.06 MiB)
  Rsv    0x00000043610000 - 0x0000004361a000 (40 KiB)
  Free   0x0000004361a000 - 0x00000240000000 (7.95 GiB)
Jumping to main entry point at 0xffff80168134 with SP 0x0000ff0043544000

       d8888                            .d88888b.   .d8888b.
      d88888                           d88P" "Y88b d88P  Y88b
     d88P888                           888     888 Y88b.
    d88P 888 888d888  .d8888b  .d88b.  888     888  "Y888b.
   d88P  888 888P"   d88P"    d8P  Y8b 888     888     "Y88b.
  d88P   888 888     888      88888888 888     888       "888
 d8888888888 888     Y88b.    Y8b.     Y88b. .d88P Y88b  d88P
d88P     888 888      "Y8888P  "Y8888   "Y88888P"   "Y8888P"

arch = aarch64
platform = linux,dummy-virt
target = aarch64-unknown-none-softfloat
build_mode = 
log_level = info
backtrace = false
smp = 4

[37m[  0.092293 ax_runtime:217] [32mLogging is enabled.[m
[m[37m[  0.092988 ax_runtime:218] [32mPrimary CPU 0 started, arg = 0x43400000.[m
[m[37m[  0.093175 ax_runtime:220] [32mFound physcial memory regions:[m
[m[37m[  0.094623 ax_runtime:222] [32m  [PA:0x9000000, PA:0x9001000) mmio (READ | WRITE | DEVICE | RESERVED)[m
[m[37m[  0.094985 ax_runtime:222] [32m  [PA:0x40000000, PA:0x40200000) free memory (READ | WRITE | FREE)[m
[m[37m[  0.095189 ax_runtime:222] [32m  [PA:0x40200000, PA:0x43400000) reserved (READ | WRITE | EXECUTE | RESERVED)[m
[m[37m[  0.095355 ax_runtime:222] [32m  [PA:0x43400000, PA:0x43500000) reserved (READ | WRITE | EXECUTE | RESERVED)[m
[m[37m[  0.095525 ax_runtime:222] [32m  [PA:0x43500000, PA:0x43610000) reserved (READ | WRITE | EXECUTE | RESERVED)[m
[m[37m[  0.095698 ax_runtime:222] [32m  [PA:0x43610000, PA:0x4361a000) reserved (READ | WRITE | EXECUTE | RESERVED)[m
[m[37m[  0.095867 ax_runtime:222] [32m  [PA:0x4361a000, PA:0x240000000) free memory (READ | WRITE | FREE)[m
[m[37m[  0.096053 ax_runtime:367] [32mInitialize global memory allocator...[m
[m[37m[  0.096209 ax_runtime:368] [32m  use buddy-slab-allocator allocator.[m
[m[37m[  0.096556 ax_alloc::buddy_slab:158] [32mInitialize global memory allocator, start_vaddr: 0x4361a000, size: 0x1fc9e6000[m
[m[37m[  0.114931 ax_alloc::buddy_slab:410] [32mglobal allocator initialized[m
[m[37m[  0.115288 ax_alloc::buddy_slab:168] [32mAdd memory region, start_vaddr: 0x40000000, size: 0x200000[m
[m[37m[  0.115590 buddy_slab_allocator::global:143] [32mGlobalAllocator: skip region 0x40000000+0x200000, no allocator-visible memory after 2097152 alignment[m
[m[37m[  0.116111 ax_runtime:257] [32mkernel aspace: [VA:0x0, VA:0xffffffffffffffff)[m
[m[37m[  0.116322 ax_mm:92] [32mInitialize virtual memory management...[m
[m[37m[  0.684322 ax_runtime:269] [32mInitialize platform devices...[m
[m[37m[  0.694179 someboot::arch::power:23] [32mPower management method : SMC[m
[m[37m[  0.694493 somehal::driver:5] [32mInitializing rdrive with FDT at 0x43400000[m
[m[37m[  0.723041 ax_task::api:146] [32mInitialize scheduling...[m
[m[37m[  0.724873 ax_task::api:154] [32m  use FIFO scheduler.[m
[m[37m[  0.725029 ax_runtime:295] [32mInitialize interrupt handlers...[m
[m[37m[  0.730136 ax_runtime::devices:2] [32mProbe platform devices...[m
[m[37m[  0.739951 virtio_drivers::device::blk:63] [32mfound a block device of size 32768KB[m
[m[37m[  0.742864 ax_driver::virtio::block:91] [32mregistered virtio block device[m
[m[37m[  0.770373 ax_runtime::irq:120] [32mregistered virtio-blk/0 irq IrqId { domain: IrqDomainId(7), hwirq: HwIrq(79) }[m
[m[37m[  0.771269 ax_fs_ng::block::runtime::device:1359] [33mrdif filesystem block device virtio-blk registered with IRQ-driven completion[m
[m[37m[  0.771562 ax_fs_ng::block::runtime::device:1361] [32mregistered rdif filesystem block device virtio-blk[m
[m[37m[  0.781612 ax_fs_ng::root:250] [32m    raw device fs=Some(Ext4)[m
[m[37m[  0.781946 ax_fs_ng::root:281] [32m  block device 0 (virtio-blk) has no usable partition table; treating the whole disk as a candidate[m
[m[37m[  0.782619 ax_fs_ng::root:390] [32m  matched root by raw device path on disk0 raw device[m
[m[37m[  0.783141 ax_fs_ng:77] [32mInitialize filesystem subsystem...[m
[m[37m[  0.783286 ax_fs_ng:78] [32m  selected root device: disk0 raw device[m
[m[37m[  0.790007 rsext4::crc32c::arm64:54] [33mID_AA64ISAR0_EL1[19:16]: 0x1[m
[m[37m[  0.790316 rsext4::crc32c::arm64:57] [33mHardware CRC32C support detected.[m
[m[37m[  0.801178 rsext4::ext4::mount:327] [32m/lost+found exists (superblock hint inode=11)[m
[m[37m[  0.803079 rsext4::ext4::mount:462] [32mExt4 filesystem mounted[m
[m[37m[  0.803245 rsext4::ext4::mount:463] [32m  - block size: 4096 bytes[m
[m[37m[  0.803387 rsext4::ext4::mount:464] [32m  - total blocks: 8192[m
[m[37m[  0.803525 rsext4::ext4::mount:465] [32m  - free blocks: 1559[m
[m[37m[  0.803646 rsext4::ext4::mount:466] [32m  - total inodes: 8192[m
[m[37m[  0.803790 rsext4::ext4::mount:467] [32m  - free inodes: 8154[m
[m[37m[  0.803952 rsext4::ext4::sync:13] [32mSyncing filesystem...[m
[m[37m[  0.815680 rsext4::ext4::mount:546] [32mExt4 filesystem mounted[m
[m[37m[  0.816996 ax_fs_ng:90] [32m  filesystem type: "ext4"[m
[m[37m[  0.832591 ax_runtime::mp:79] [32mSecondary CPU 1 started.[m
[m[37m[  0.835022 ax_runtime::mp:107] [32mSecondary CPU 1 init OK.[m
[m[37m[  0.845681 ax_runtime::mp:79] [32mSecondary CPU 2 started.[m
[m[37m[  0.848026 ax_runtime::mp:107] [32mSecondary CPU 2 init OK.[m
[m[37m[  0.862279 ax_runtime::mp:79] [32mSecondary CPU 3 started.[m
[m[37m[  0.862390 ax_runtime:343] [32mPrimary CPU 0 init OK.[m
[m[37m[  0.865724 ax_runtime::mp:107] [32mSecondary CPU 3 init OK.[m
[m

       d8888            888     888  d8b
      d88888            888     888  Y8P
     d88P888            888     888
    d88P 888  888  888  Y88b   d88P  888  .d8888b    .d88b.   888d888
   d88P  888  `Y8bd8P'   Y88b d88P   888  88K       d88""88b  888P"
  d88P   888    X88K      Y88o88P    888  "Y8888b.  888  888  888
 d8888888888  .d8""8b.     Y888P     888       X88  Y88..88P  888
d88P     888  888  888      Y8P      888   88888P'   "Y88P"   888


by AxVisor Team

[37m[  0.869751 0:2 axvisor:50] [32mStarting virtualization...[m
[m[37m[  0.870102 0:2 axvm::host::arceos:194] [32mEnabling hardware virtualization support on all cores...[m
[m[37m[  0.870342 0:2 axvm::host::arceos:200] [32mCore 0 is initializing hardware virtualization support...[m
[m[37m[  0.870545 0:2 axvm::timer:95] [32mInitializing AxVM timer wheel...[m
[m[37m[  0.871299 0:2 axvm::host::arceos:202] [32mHardware virtualization support enabled on core 0[m
[m[37m[  0.873589 1:11 axvm::host::arceos:212] [32mCore 1 is initializing hardware virtualization support...[m
[m[37m[  0.873801 1:11 axvm::timer:95] [32mInitializing AxVM timer wheel...[m
[m[37m[  0.873983 1:11 axvm::host::arceos:215] [32mHardware virtualization support enabled on core 1[m
[m[37m[  0.874906 2:12 axvm::host::arceos:212] [32mCore 2 is initializing hardware virtualization support...[m
[m[37m[  0.875118 2:12 axvm::timer:95] [32mInitializing AxVM timer wheel...[m
[m[37m[  0.875247 2:12 axvm::host::arceos:215] [32mHardware virtualization support enabled on core 2[m
[m[37m[  0.876022 3:13 axvm::host::arceos:212] [32mCore 3 is initializing hardware virtualization support...[m
[m[37m[  0.876200 3:13 axvm::timer:95] [32mInitializing AxVM timer wheel...[m
[m[37m[  0.876347 3:13 axvm::host::arceos:215] [32mHardware virtualization support enabled on core 3[m
[m[37m[  0.876641 0:2 axvm::host::arceos:228] [32mWaiting for all cores to enable hardware virtualization...[m
[m[37m[  0.877057 0:2 axvm::host::arceos:244] [32mAll cores have enabled hardware virtualization support.[m
[m[37m[  0.884508 0:2 axvisor::manager:127] [32mNOT find dir: /guest/vm_default in filesystem[m
[m[37m[  0.884856 0:2 axvisor::config:94] [32mUsing static VM configs.[m
[m[37m[  0.903398 0:2 axvm::arch::aarch64::fdt::core::parser:386] [32mCPU node: /cpus/cpu@0, node_id: 0x0, guest_cpu_id: 0x0[m
[m[37m[  0.903732 0:2 axvm::arch::aarch64::fdt::core::parser:386] [32mCPU node: /cpus/cpu@1, node_id: 0x1, guest_cpu_id: 0x1[m
[m[37m[  0.903982 0:2 axvm::arch::aarch64::fdt::core::parser:386] [32mCPU node: /cpus/cpu@2, node_id: 0x2, guest_cpu_id: 0x2[m
[m[37m[  0.904197 0:2 axvm::arch::aarch64::fdt::core::parser:386] [32mCPU node: /cpus/cpu@3, node_id: 0x3, guest_cpu_id: 0x3[m
[m[37m[  0.904486 0:2 axvm::arch::aarch64::fdt::core::parser:393] [32mFound 4 host CPU nodes[m
[m[37m[  0.904924 0:2 axvm::arch::aarch64::fdt::core:77] [32mVM[1] DTB not found, generating from the VM configuration[m
[m[37m[  0.915564 0:2 axvm::arch::aarch64::fdt::core::device:96] [32mFound excluded devices: [][m
[m[37m[  0.939806 0:2 axvisor::config:137] [32mCreating VM[1] "linux-qemu-smp2"[m
[m[37m[  0.944384 0:2 axvm::vm:431] [32mVM created: id=1[m
[m[37m[  1.470212 0:2 axvisor::config:149] [32mVM[1] created success, loading images...[m
[m[37m[  1.656712 0:2 axdevice::device:1196] [32mAxVmDevices: registered device id=0[m
[m[37m[  1.656995 0:2 axdevice::device:266] [32mGPPT Distributor initialized with base GPA 0x8000000 and length 0x10000[m
[m[37m[  1.658029 0:2 axdevice::device:1196] [32mAxVmDevices: registered device id=1[m
[m[37m[  1.658510 0:2 axdevice::device:241] [32mGPPT Redistributor initialized for vCPU 0 with base GPA 0x80a0000 and length 0x20000[m
[m[37m[  1.658819 0:2 axdevice::device:1196] [32mAxVmDevices: registered device id=2[m
[m[37m[  1.658969 0:2 axdevice::device:241] [32mGPPT Redistributor initialized for vCPU 1 with base GPA 0x80c0000 and length 0x20000[m
[m[37m[  1.705397 0:2 axvm::vm::prepare:102] [32mVM setup: id=1[m
[m[37m[  1.706504 0:2 axvm::runtime:42] [32mInitializing VMM...[m
[m[37m[  1.706700 0:2 axvm::runtime:47] [32mVMM starting, booting VMs...[m
[m[37m[  1.707146 0:2 axvm::vm:603] [32mStarting VM[1][m
[m[37m[  1.707708 0:2 axvm::runtime::vcpus:235] [32mSpawning task for VM[1] VCpu[0][m
[m[37m[  1.708384 0:2 axvm::runtime::vcpus:252] [32mVCpu task Task(14, "VM[1]-VCpu[0]") created cpumask: [0, ][m
[m[37m[  1.709403 0:2 axvm::runtime:53] [32mVM[1] boot success[m
[m[37m[  1.710822 0:14 axvm::runtime::vcpus:306] [32mVM[1] VCpu[0] waiting for running[m
[m[37m[  1.711151 0:14 axvm::runtime::vcpus:309] [32mVM[1] VCpu[0] running...[m
[m[37m[  1.951215 0:14 axvm::arch::aarch64::cpu_up:36] [32mVM[1]'s VCpu[0] try to boot target_cpu [1] entry_point=GPA:0x226c3f570 arg=0x0[m
[m[37m[  1.951845 0:14 axvm::runtime::vcpus:235] [32mSpawning task for VM[1] VCpu[1][m
[m[37m[  1.952045 0:14 axvm::runtime::vcpus:252] [32mVCpu task Task(15, "VM[1]-VCpu[1]") created cpumask: [1, ][m
[m[37m[  1.955392 1:15 axvm::runtime::vcpus:306] [32mVM[1] VCpu[1] waiting for running[m
[m[37m[  1.955580 1:15 axvm::runtime::vcpus:309] [32mVM[1] VCpu[1] running...[m
[m[    0.000000] Booting Linux on physical CPU 0x0000000000 [0x410fd083]
[    0.000000] Linux version 6.18.0-rc6-gfd95357fd8c6-dirty (runner@s1lqc) (aarch64-linux-gnu-gcc (Ubuntu 13.3.0-6ubuntu2~24.04) 13.3.0, GNU ld (GNU Binutils for Ubuntu) 2.42) #25 SMP PREEMPT Fri Mar 20 11:22:05 CST 2026
[    0.000000] KASLR enabled
[    0.000000] random: crng init done
[    0.000000] Machine model: linux,dummy-virt
[    0.000000] efi: UEFI not found.
[    0.000000] OF: reserved mem: Reserved memory: No reserved-memory node in the DT
[    0.000000] NUMA: Faking a node at [mem 0x0000000224e00000-0x0000000234dfffff]
[    0.000000] NODE_DATA(0) allocated [mem 0x234d7f200-0x234d8187f]
[    0.000000] Zone ranges:
[    0.000000]   DMA      [mem 0x0000000224e00000-0x0000000234dfffff]
[    0.000000]   DMA32    empty
[    0.000000]   Normal   empty
[    0.000000] Movable zone start for each node
[    0.000000] Early memory node ranges
[    0.000000]   node   0: [mem 0x0000000224e00000-0x0000000234dfffff]
[    0.000000] Initmem setup node 0 [mem 0x0000000224e00000-0x0000000234dfffff]
[    0.000000] On node 0, zone DMA: 19968 pages in unavailable ranges
[    0.000000] On node 0, zone DMA: 12800 pages in unavailable ranges
[    0.000000] cma: Reserved 32 MiB at 0x0000000227e00000
[    0.000000] psci: probing for conduit method from DT.
[    0.000000] psci: PSCIv1.1 detected in firmware.
[    0.000000] psci: Using standard PSCI v0.2 function IDs
[    0.000000] psci: Trusted OS migration not required
[    0.000000] psci: SMC Calling Convention v1.0
[    0.000000] percpu: Embedded 25 pages/cpu s62488 r8192 d31720 u102400
[    0.000000] Detected PIPT I-cache on CPU0
[    0.000000] CPU features: detected: GICv3 CPU interface
[    0.000000] CPU features: detected: Spectre-v2
[    0.000000] CPU features: detected: Spectre-v3a
[    0.000000] CPU features: detected: Spectre-v4
[    0.000000] CPU features: detected: Spectre-BHB
[    0.000000] CPU features: kernel page table isolation forced ON by KASLR
[    0.000000] CPU features: detected: Kernel page table isolation (KPTI)
[    0.000000] CPU features: detected: ARM erratum 1742098
[    0.000000] CPU features: detected: ARM errata 1165522, 1319367, or 1530923
[    0.000000] alternatives: applying boot alternatives
[    0.000000] Kernel command line: root=/dev/vda rw init=/bin/sh fsck.repair=yes
[    0.000000] printk: log buffer data + meta data: 131072 + 458752 = 589824 bytes
[    0.000000] Dentry cache hash table entries: 32768 (order: 6, 262144 bytes, linear)
[    0.000000] Inode-cache hash table entries: 16384 (order: 5, 131072 bytes, linear)
[    0.000000] software IO TLB: SWIOTLB bounce buffer size adjusted to 0MB
[    0.000000] software IO TLB: area num 2.
[    0.000000] software IO TLB: SWIOTLB bounce buffer size roundup to 0MB
[    0.000000] software IO TLB: mapped [mem 0x0000000234c56000-0x0000000234cd6000] (0MB)
[    0.000000] Fallback order for Node 0: 0 
[    0.000000] Built 1 zonelists, mobility grouping on.  Total pages: 65536
[    0.000000] Policy zone: DMA
[    0.000000] mem auto-init: stack:all(zero), heap alloc:off, heap free:off
[    0.000000] SLUB: HWalign=64, Order=0-3, MinObjects=0, CPUs=2, Nodes=1
[    0.000000] rcu: Preemptible hierarchical RCU implementation.
[    0.000000] rcu: 	RCU event tracing is enabled.
[    0.000000] rcu: 	RCU restricting CPUs from NR_CPUS=512 to nr_cpu_ids=2.
[    0.000000] 	Trampoline variant of Tasks RCU enabled.
[    0.000000] 	Tracing variant of Tasks RCU enabled.
[    0.000000] rcu: RCU calculated value of scheduler-enlistment delay is 25 jiffies.
[    0.000000] rcu: Adjusting geometry for rcu_fanout_leaf=16, nr_cpu_ids=2
[    0.000000] RCU Tasks: Setting shift to 1 and lim to 1 rcu_task_cb_adjust=1 rcu_task_cpu_ids=2.
[    0.000000] RCU Tasks Trace: Setting shift to 1 and lim to 1 rcu_task_cb_adjust=1 rcu_task_cpu_ids=2.
[    0.000000] NR_IRQS: 64, nr_irqs: 64, preallocated irqs: 0
[    0.000000] GICv3: 256 SPIs implemented
[    0.000000] GICv3: 0 Extended SPIs implemented
[    0.000000] Root IRQ handler: gic_handle_irq
[    0.000000] GICv3: GICv3 features: 16 PPIs
[    0.000000] GICv3: GICD_CTLR.DS=1, SCR_EL3.FIQ=0
[    0.000000] GICv3: CPU0: found redistributor 0 region 0:0x00000000080a0000
[    0.000000] ITS [mem 0x08080000-0x0809ffff]
[    0.000000] ITS@0x0000000008080000: allocated 8192 Devices @22a050000 (indirect, esz 8, psz 64K, shr 1)
[    0.000000] ITS@0x0000000008080000: allocated 8192 Interrupt Collections @22a060000 (flat, esz 8, psz 64K, shr 1)
[    0.000000] GICv3: Expected reserved range [0x0000000000000000:0x000000000000ffff], not found
[    0.000000] GICv3: using LPI property table @0x000000022a070000
[    0.000000] GICv3: CPU0: Booted with LPIs enabled, memory probably corrupted
[    0.000000] GICv3: CPU0: using allocated LPI pending table @0x000000022a080000
[    0.000000] rcu: srcu_init: Setting srcu_struct sizes based on contention.
[    0.000000] arch_timer: cp15 timer running at 62.50MHz (virt).
[    0.000000] clocksource: arch_sys_counter: mask: 0x1ffffffffffffff max_cycles: 0x1cd42e208c, max_idle_ns: 881590405314 ns
[    0.000199] sched_clock: 57 bits at 63MHz, resolution 16ns, wraps every 4398046511096ns
[    0.012850] Console: colour dummy device 80x25
[    0.013493] printk: legacy console [tty0] enabled
[    0.018808] Calibrating delay loop (skipped), value calculated using timer frequency.. 125.00 BogoMIPS (lpj=250000)
[    0.019287] pid_max: default: 32768 minimum: 301
[    0.021455] LSM: initializing lsm=capability
[    0.024813] Mount-cache hash table entries: 512 (order: 0, 4096 bytes, linear)
[    0.024902] Mountpoint-cache hash table entries: 512 (order: 0, 4096 bytes, linear)
[    0.059192] /cpus/cpu-map/socket0/cluster0/core2: Can't get CPU for leaf core
[    0.060731] cacheinfo: Unable to detect cache hierarchy for CPU 0
[    0.075661] rcu: Hierarchical SRCU implementation.
[    0.075771] rcu: 	Max phase no-delay instances is 1000.
[    0.077321] Timer migration: 1 hierarchy levels; 8 children per group; 1 crossnode level
[    0.079834] fsl-mc MSI: its@8080000 domain created
[    0.082000] EFI services will not be available.
[    0.083114] smp: Bringing up secondary CPUs ...
[    0.093107] Detected PIPT I-cache on CPU1
[    0.094560] GICv3: CPU1: found redistributor 1 region 0:0x00000000080c0000
[    0.095820] GICv3: CPU1: Booted with LPIs enabled, memory probably corrupted
[    0.096338] GICv3: CPU1: using allocated LPI pending table @0x000000022a090000
[    0.097649] CPU1: Booted secondary processor 0x0000000001 [0x410fd083]
[    0.102737] smp: Brought up 1 node, 2 CPUs
[    0.102908] SMP: Total of 2 processors activated.
[    0.102958] CPU: All CPU(s) started at EL1
[    0.103387] CPU features: detected: 32-bit EL0 Support
[    0.103425] CPU features: detected: 32-bit EL1 Support
[    0.103512] CPU features: detected: CRC32 instructions
[    0.103773] CPU features: detected: PMUv3
[    0.117445] alternatives: applying system-wide alternatives
[    0.143953] Memory: 170488K/262144K available (17920K kernel code, 5422K rwdata, 12940K rodata, 11648K init, 690K bss, 56752K reserved, 32768K cma-reserved)
[    0.177663] devtmpfs: initialized
[    0.207251] clocksource: jiffies: mask: 0xffffffff max_cycles: 0xffffffff, max_idle_ns: 7645041785100000 ns
[    0.208056] posixtimers hash table entries: 1024 (order: 2, 16384 bytes, linear)
[    0.208428] futex hash table entries: 512 (32768 bytes on 1 NUMA nodes, total 32 KiB, linear).
[    0.211200] 2G module region forced by RANDOMIZE_MODULE_REGION_FULL
[    0.211320] 0 pages in range for non-PLT usage
[    0.211377] 512064 pages in range for PLT usage
[    0.214809] pinctrl core: initialized pinctrl subsystem
[    0.225854] DMI not present or invalid.
[    0.271893] NET: Registered PF_NETLINK/PF_ROUTE protocol family
[    0.284793] DMA: preallocated 128 KiB GFP_KERNEL pool for atomic allocations
[    0.285758] DMA: preallocated 128 KiB GFP_KERNEL|GFP_DMA pool for atomic allocations
[    0.286394] DMA: preallocated 128 KiB GFP_KERNEL|GFP_DMA32 pool for atomic allocations
[    0.286706] audit: initializing netlink subsys (disabled)
[    0.290662] audit: type=2000 audit(0.256:1): state=initialized audit_enabled=0 res=1
[    0.296442] thermal_sys: Registered thermal governor 'step_wise'
[    0.296502] thermal_sys: Registered thermal governor 'power_allocator'
[    0.297323] cpuidle: using governor menu
[    0.299200] hw-breakpoint: found 6 breakpoint and 4 watchpoint registers.
[    0.300068] ASID allocator initialised with 32768 entries
[    0.307258] Serial: AMBA PL011 UART driver
[    0.367454] 9000000.pl011: ttyAMA0 at MMIO 0x9000000 (irq = 13, base_baud = 0) is a PL011 rev1
[    0.373908] printk: console [ttyAMA0] enabled
[    0.399027] HugeTLB: registered 1.00 GiB page size, pre-allocated 0 pages
[    0.399616] HugeTLB: 0 KiB vmemmap can be freed for a 1.00 GiB page
[    0.400032] HugeTLB: registered 32.0 MiB page size, pre-allocated 0 pages
[    0.400173] HugeTLB: 0 KiB vmemmap can be freed for a 32.0 MiB page
[    0.400227] HugeTLB: registered 2.00 MiB page size, pre-allocated 0 pages
[    0.400252] HugeTLB: 0 KiB vmemmap can be freed for a 2.00 MiB page
[    0.400276] HugeTLB: registered 64.0 KiB page size, pre-allocated 0 pages
[    0.400366] HugeTLB: 0 KiB vmemmap can be freed for a 64.0 KiB page
[    0.412379] ACPI: Interpreter disabled.
[    0.420729] iommu: Default domain type: Translated
[    0.421225] iommu: DMA domain TLB invalidation policy: strict mode
[    0.424109] SCSI subsystem initialized
[    0.428218] usbcore: registered new interface driver usbfs
[    0.428700] usbcore: registered new interface driver hub
[    0.428909] usbcore: registered new device driver usb
[    0.431060] pps_core: LinuxPPS API ver. 1 registered
[    0.431169] pps_core: Software ver. 5.3.6 - Copyright 2005-2007 Rodolfo Giometti <giometti@linux.it>
[    0.431290] PTP clock support registered
[    0.431663] EDAC MC: Ver: 3.0.0
[    0.433754] scmi_core: SCMI protocol bus registered
[    0.437269] FPGA manager framework
[    0.451228] vgaarb: loaded
[    0.454374] clocksource: Switched to clocksource arch_sys_counter
[    0.456942] VFS: Disk quotas dquot_6.6.0
[    0.457150] VFS: Dquot-cache hash table entries: 512 (order 0, 4096 bytes)
[    0.460480] pnp: PnP ACPI: disabled
[    0.505823] NET: Registered PF_INET protocol family
[    0.507827] IP idents hash table entries: 4096 (order: 3, 32768 bytes, linear)
[    0.513236] tcp_listen_portaddr_hash hash table entries: 256 (order: 0, 4096 bytes, linear)
[    0.513475] Table-perturb hash table entries: 65536 (order: 6, 262144 bytes, linear)
[    0.513789] TCP established hash table entries: 2048 (order: 2, 16384 bytes, linear)
[    0.514092] TCP bind hash table entries: 2048 (order: 4, 65536 bytes, linear)
[    0.514337] TCP: Hash tables configured (established 2048 bind 2048)
[    0.516296] UDP hash table entries: 256 (order: 2, 16384 bytes, linear)
[    0.517103] UDP-Lite hash table entries: 256 (order: 2, 16384 bytes, linear)
[    0.519100] NET: Registered PF_UNIX/PF_LOCAL protocol family
[    0.522692] RPC: Registered named UNIX socket transport module.
[    0.522870] RPC: Registered udp transport module.
[    0.522911] RPC: Registered tcp transport module.
[    0.522941] RPC: Registered tcp-with-tls transport module.
[    0.522963] RPC: Registered tcp NFSv4.1 backchannel transport module.
[    0.523098] PCI: CLS 0 bytes, default 64
[    0.527164] kvm [1]: HYP mode not available
[    0.533177] Initialise system trusted keyrings
[    0.535745] workingset: timestamp_bits=42 max_order=16 bucket_order=0
[    0.539108] squashfs: version 4.0 (2009/01/31) Phillip Lougher
[    0.541798] NFS: Registering the id_resolver key type
[    0.542337] Key type id_resolver registered
[    0.542858] Key type id_legacy registered
[    0.543394] nfs4filelayout_init: NFSv4 File Layout Driver Registering...
[    0.543573] nfs4flexfilelayout_init: NFSv4 Flexfile Layout Driver Registering...
[    0.544752] 9p: Installing v9fs 9p2000 file system support
[    0.607795] Key type asymmetric registered
[    0.608010] Asymmetric key parser 'x509' registered
[    0.608407] Block layer SCSI generic (bsg) driver version 0.4 loaded (major 244)
[    0.608714] io scheduler mq-deadline registered
[    0.608820] io scheduler kyber registered
[    0.609273] io scheduler bfq registered
[    0.636978] pl061_gpio 9030000.pl061: PL061 GPIO chip registered
[    0.641794] ledtrig-cpu: registered to indicate activity on CPUs
[    0.646475] pci-host-generic 4010000000.pcie: host bridge /pcie@10000000 ranges:
[    0.647536] pci-host-generic 4010000000.pcie:       IO 0x003eff0000..0x003effffff -> 0x0000000000
[    0.648212] pci-host-generic 4010000000.pcie:      MEM 0x0010000000..0x003efeffff -> 0x0010000000
[    0.648351] pci-host-generic 4010000000.pcie:      MEM 0x8000000000..0xffffffffff -> 0x8000000000
[    0.649151] pci-host-generic 4010000000.pcie: Memory resource size exceeds max for 32 bits
[    0.649886] pci-host-generic 4010000000.pcie: ECAM at [mem 0x4010000000-0x401fffffff] for [bus 00-ff]
[    0.651961] pci-host-generic 4010000000.pcie: PCI host bridge to bus 0000:00
[    0.652449] pci_bus 0000:00: root bus resource [bus 00-ff]
[    0.652637] pci_bus 0000:00: root bus resource [io  0x0000-0xffff]
[    0.652721] pci_bus 0000:00: root bus resource [mem 0x10000000-0x3efeffff]
[    0.652752] pci_bus 0000:00: root bus resource [mem 0x8000000000-0xffffffffff]
[    0.654716] pci 0000:00:00.0: [1b36:0008] type 00 class 0x060000 conventional PCI endpoint
[    0.660151] pci 0000:00:01.0: [1af4:1000] type 00 class 0x020000 conventional PCI endpoint
[    0.662155] pci 0000:00:01.0: BAR 0 [io  0x0000-0x001f]
[    0.662274] pci 0000:00:01.0: BAR 1 [mem 0x10000000-0x10000fff]
[    0.662394] pci 0000:00:01.0: BAR 4 [mem 0x8000000000-0x8000003fff 64bit pref]
[    0.663247] pci 0000:00:01.0: ROM [mem 0x00000000-0x0007ffff pref]
[    0.666283] pci 0000:00:01.0: ROM [mem 0x10000000-0x1007ffff pref]: assigned
[    0.667247] pci 0000:00:01.0: BAR 4 [mem 0x8000000000-0x8000003fff 64bit pref]: assigned
[    0.668849] pci 0000:00:01.0: BAR 1 [mem 0x10080000-0x10080fff]: assigned
[    0.669360] pci 0000:00:01.0: BAR 0 [io  0x1000-0x101f]: assigned
[    0.670235] pci_bus 0000:00: resource 4 [io  0x0000-0xffff]
[    0.670333] pci_bus 0000:00: resource 5 [mem 0x10000000-0x3efeffff]
[    0.670369] pci_bus 0000:00: resource 6 [mem 0x8000000000-0xffffffffff]
[    0.759445] Serial: 8250/16550 driver, 4 ports, IRQ sharing enabled
[    0.771969] msm_serial: driver initialized
[    0.772898] SuperH (H)SCI(F) driver initialized
[    0.773349] STM32 USART driver initialized
[    0.803197] loop: module loaded
[    0.804387] virtio_blk virtio0: 1/0/0 default/read/poll queues
[    0.813103] virtio_blk virtio0: [vda] 65536 512-byte logical blocks (33.6 MB/32.0 MiB)
[    0.837240] megasas: 07.734.00.00-rc1
[    0.843271] physmap-flash 0.flash: physmap platform flash device: [mem 0x00000000-0x03ffffff]
[    0.845209] 0.flash: Found 2 x16 devices at 0x0 in 32-bit bank. Manufacturer ID 0x000000 Chip ID 0x000000
[    0.846036] Intel/Sharp Extended Query Table at 0x0031
[    0.847666] Using buffer write method
[    0.848500] physmap-flash 0.flash: physmap platform flash device: [mem 0x04000000-0x07ffffff]
[    0.849936] 0.flash: Found 2 x16 devices at 0x0 in 32-bit bank. Manufacturer ID 0x000000 Chip ID 0x000000
[    0.850110] Intel/Sharp Extended Query Table at 0x0031
[    0.851417] Using buffer write method
[    0.851613] Concatenating MTD devices:
[    0.851661] (0): "0.flash"
[    0.851702] (1): "0.flash"
[    0.851732] into device "0.flash"
[    0.879629] tun: Universal TUN/TAP device driver, 1.6
[    0.902243] thunder_xcv, ver 1.0
[    0.903027] thunder_bgx, ver 1.0
[    0.903248] nicpf, ver 1.0
[    0.907275] e1000: Intel(R) PRO/1000 Network Driver
[    0.907402] e1000: Copyright (c) 1999-2006 Intel Corporation.
[    0.907635] e1000e: Intel(R) PRO/1000 Network Driver
[    0.907701] e1000e: Copyright(c) 1999 - 2015 Intel Corporation.
[    0.907894] igb: Intel(R) Gigabit Ethernet Network Driver
[    0.907933] igb: Copyright (c) 2007-2014 Intel Corporation.
[    0.908080] igbvf: Intel(R) Gigabit Virtual Function Network Driver
[    0.908154] igbvf: Copyright (c) 2009 - 2012 Intel Corporation.
[    0.909074] sky2: driver version 1.30
[    0.916997] VFIO - User Level meta-driver version: 0.3
[    0.928054] usbcore: registered new interface driver usb-storage
[    0.939919] rtc-pl031 9010000.pl031: registered as rtc0
[    0.940918] rtc-pl031 9010000.pl031: setting system clock to 2026-07-26T16:59:56 UTC (1785085196)
[    0.944659] i2c_dev: i2c /dev entries driver
[    0.959829] sdhci: Secure Digital Host Controller Interface driver
[    0.959979] sdhci: Copyright(c) Pierre Ossman
[    0.961426] Synopsys Designware Multimedia Card Interface Driver
[    0.963794] sdhci-pltfm: SDHCI platform and OF driver helper
[    0.975125] usbcore: registered new interface driver usbhid
[    0.975262] usbhid: USB HID core driver
[    0.987177] hw perfevents: enabled with armv8_pmuv3 PMU driver, 7 (0,8000003f) counters available
[    0.996838] NET: Registered PF_PACKET protocol family
[    0.998288] 9pnet: Installing 9P2000 support
[    0.999044] Key type dns_resolver registered
[    1.027593] registered taskstats version 1
[    1.029291] Loading compiled-in X.509 certificates
[    1.052017] Demotion targets for Node 0: null
[    1.064367] input: gpio-keys as /devices/platform/gpio-keys/input/input0
[    1.071180] clk: Disabling unused clocks
[    1.071529] PM: genpd: Disabling unused power domains
[    1.078823] check access for rdinit=/init failed: -2, ignoring
[    1.111098] EXT4-fs (vda): warning: mounting unchecked fs, running e2fsck is recommended
[    1.121242] EXT4-fs (vda): recovery complete
[    1.122754] EXT4-fs (vda): mounted filesystem 6d5dddfa-8b9b-4d62-aa46-002d3f7b47f4 r/w with ordered data mode. Quota mode: none.
[    1.123459] VFS: Mounted root (ext4 filesystem) on device 254:0.
[    1.126888] devtmpfs: mounted
[    1.234046] Freeing unused kernel memory: 11648K
[    1.236741] Run /bin/sh as init process
/bin/sh: can't access tty; job control turned off
~ # marker=linux-smp2; if [ ! -r /proc/cpuinfo ]; then /bin/busybox mount -t pro
c proc /proc || { printf '%s-proc-mount-failed\n' "$marker"; exit 1; }; fi; cpu_
count=0; while IFS=: read -r key value; do case "$key" in processor*) cpu_count=
$((cpu_count + 1));; esac; done < /proc/cpuinfo; if [ "$cpu_count" -eq 2 ]; then
 printf '%s-pass\n' "$marker"; else printf '%s-cpu-count=%s\n' "$marker" "$cpu_c
ount"; fi
linux-smp2-pass

=== SUCCESS PATTERN MATCHED: (?m)^linux-smp2-pass\s*$ ===
~ # [axbuild] qemu build+run package=axvisor target=scripts/targets/std/pie/aarch64-unknown-linux-musl.json config=/mnt/f/project/泉城实验室/tgoskits/os/axvisor/configs/board/qemu-aarch64.toml ... done (209.00s)
