    Finished `dev` profile [unoptimized + debuginfo] target(s) in 58.45s
     Running `/mnt/f/project/泉城实验室/tgoskits/target/debug/xtask qemu --config configs/board/qemu-aarch64.toml --qemu-config '/mnt/f/project/泉城实验室/tgoskits/os/axvisor/.github/workflows/qemu-aarch64.toml' --vmconfigs tmp/vmconfigs/arceos-aarch64-qemu-smp1.generated.toml`
[2026-07-17T20:53:56Z INFO  axbuild::context] Workspace root: /mnt/f/project/泉城实验室/tgoskits
[2026-07-17T20:54:40Z INFO  axbuild::context] Workspace member dir for axvisor: /mnt/f/project/泉城实验室/tgoskits/os/axvisor
Using build config: /mnt/f/project/泉城实验室/tgoskits/os/axvisor/configs/board/qemu-aarch64.toml
[2026-07-17T20:55:25Z INFO  ostool::run::qemu] Using QEMU config file: /mnt/f/project/泉城实验室/tgoskits/os/axvisor/.github/workflows/qemu-aarch64.toml
[axbuild] qemu build+run package=axvisor target=scripts/targets/std/pie/aarch64-unknown-linux-musl.json config=/mnt/f/project/泉城实验室/tgoskits/os/axvisor/configs/board/qemu-aarch64.toml ...
sh -c /mnt/f/project/泉城实验室/tgoskits/tmp/axbuild/std/prebuild/prebuild-aarch64-unknown-linux-musl-73e159b1006c783f.sh
AR_aarch64_unknown_linux_musl=aarch64-linux-musl-ar
AXVISOR_VM_CONFIGS=/mnt/f/project/泉城实验室/tgoskits/os/axvisor/tmp/vmconfigs/arceos-aarch64-qemu-smp1.generated.toml
AX_ARCH=aarch64
AX_LOG=info
AX_TARGET=aarch64-unknown-none-softfloat
BINDGEN_EXTRA_CLANG_ARGS_aarch64_unknown_linux_musl=--target=aarch64-linux-musl --sysroot=/opt/aarch64-linux-musl-cross/bin/../aarch64-linux-musl --gcc-toolchain=/opt/aarch64-linux-musl-cross -isystem /opt/aarch64-linux-musl-cross/bin/../aarch64-linux-musl/include -isystem /opt/aarch64-linux-musl-cross/lib/gcc/aarch64-linux-musl/11.2.1/include -mgeneral-regs-only
CARGO_UNSTABLE_JSON_TARGET_SPEC=true
CC_aarch64_unknown_linux_musl=aarch64-linux-musl-cc
CFLAGS_aarch64_unknown_linux_musl=-mgeneral-regs-only -fno-stack-protector
CXXFLAGS_aarch64_unknown_linux_musl=-mgeneral-regs-only -fno-stack-protector
cargo build --config /mnt/f/project/泉城实验室/tgoskits/tmp/axbuild/std/config-aarch64-unknown-linux-musl-dynamic.toml -p axvisor --target scripts/targets/std/pie/aarch64-unknown-linux-musl.json -Z unstable-options --target-dir /mnt/f/project/泉城实验室/tgoskits/target --features ax-std/fs,ax-std/virtio-blk,fs,log/release_max_level_info -Z json-target-spec --bin axvisor --release --message-format json-render-diagnostics
warning: function `set_fdt_addr_phys_if_valid` is never used
  --> platforms/someboot/src/fdt/mod.rs:32:15
   |
32 | pub(crate) fn set_fdt_addr_phys_if_valid(fdt_addr: usize) -> bool {
   |               ^^^^^^^^^^^^^^^^^^^^^^^^^^
   |
   = note: `#[warn(dead_code)]` (part of `#[warn(unused)]`) on by default

warning: `someboot` (lib) generated 1 warning
   Compiling axvisor v0.5.21 (/mnt/f/project/泉城实验室/tgoskits/os/axvisor)
warning: function `shutdown_host_filesystems` is never used
   --> virtualization/axvm/src/host/arceos.rs:168:8
    |
168 | pub fn shutdown_host_filesystems() -> AxVmResult {
    |        ^^^^^^^^^^^^^^^^^^^^^^^^^
    |
    = note: `#[warn(dead_code)]` (part of `#[warn(unused)]`) on by default

warning: function `with_vm` is never used
  --> virtualization/axvm/src/manager.rs:58:15
   |
58 | pub(crate) fn with_vm<F, R>(vm_id: VMId, f: F) -> Option<R>
   |               ^^^^^^^

warning: function `active_vcpu_mask` is never used
  --> virtualization/axvm/src/manager.rs:67:15
   |
67 | pub(crate) fn active_vcpu_mask(vm_id: VMId) -> Option<usize> {
   |               ^^^^^^^^^^^^^^^^

warning: function `inject_interrupt` is never used
  --> virtualization/axvm/src/manager.rs:79:15
   |
79 | pub(crate) fn inject_interrupt(vm_id: VMId, vcpu_id: usize, vector: usize) -> AxVmResult {
   |               ^^^^^^^^^^^^^^^^

warning: field `token` is never read
  --> virtualization/axvm/src/timer.rs:20:5
   |
19 | struct VmTimerEvent {
   |        ------------ field in this struct
20 |     token: usize,
   |     ^^^^^

warning: function `cancel_timer` is never used
  --> virtualization/axvm/src/timer.rs:65:15
   |
65 | pub(crate) fn cancel_timer(token: usize) {
   |               ^^^^^^^^^^^^

warning: associated items `handle_nested_page_fault` and `debug_nested_page_fault` are never used
   --> virtualization/axvm/src/vm/mod.rs:823:19
    |
401 | impl AxVM {
    | --------- associated items in this implementation
...
823 |     pub(crate) fn handle_nested_page_fault(
    |                   ^^^^^^^^^^^^^^^^^^^^^^^^
...
838 |     fn debug_nested_page_fault(
    |        ^^^^^^^^^^^^^^^^^^^^^^^

warning: this lint expectation is unfulfilled
   --> virtualization/axvm/src/runtime/vcpus.rs:194:5
    |
194 |     dead_code,
    |     ^^^^^^^^^
    |
    = note: only non-x86 guest firmware boots secondary vCPUs
    = note: `#[warn(unfulfilled_lint_expectations)]` on by default

warning: this lint expectation is unfulfilled
   --> virtualization/axvm/src/runtime/vcpus.rs:227:5
    |
227 |     dead_code,
    |     ^^^^^^^^^
    |
    = note: only non-x86 guest firmware boots secondary vCPUs

warning: this lint expectation is unfulfilled
   --> virtualization/axvm/src/vcpu.rs:220:9
    |
220 |         dead_code,
    |         ^^^^^^^^^
    |
    = note: only non-x86 guest firmware updates secondary vCPU entries

warning: `axvm` (lib) generated 10 warnings
    Finished `release` profile [optimized] target(s) in 1m 23s
warning: the following packages contain code that will be rejected by a future version of Rust: core v0.0.0 (/root/.rustup/toolchains/nightly-2026-07-15-x86_64-unknown-linux-gnu/lib/rustlib/src/rust/library/core), memchr v2.8.2
note: to see what the problems were, use the option `--future-incompat-report`, or run `cargo report future-incompatibilities --id 1`
Converting ELF to BIN format...
  elf: /mnt/f/project/泉城实验室/tgoskits/target/aarch64-unknown-linux-musl/release/axvisor
  bin: /mnt/f/project/泉城实验室/tgoskits/target/aarch64-unknown-linux-musl/release/axvisor.bin
/root/.rustup/toolchains/nightly-2026-07-15-x86_64-unknown-linux-gnu/lib/rustlib/x86_64-unknown-linux-gnu/bin/llvm-objcopy --strip-all -O binary /mnt/f/project/泉城实验室/tgoskits/target/aarch64-unknown-linux-musl/release/axvisor /mnt/f/project/泉城实验室/tgoskits/target/aarch64-unknown-linux-musl/release/axvisor.bin
qemu-system-aarch64 -nographic -cpu cortex-a72 -machine virt,virtualization=on,gic-version=3 -smp 4 -device virtio-blk-device,drive=disk0 -drive id=disk0,if=none,format=raw,file=/root/.cache/tgoskits/axvisor-images/qemu_aarch64_arceos/rootfs.img -append root=/dev/vda rw init=/bin/sh -m 8g -kernel /mnt/f/project/泉城实验室/tgoskits/target/aarch64-unknown-linux-musl/release/axvisor.bin
root=/dev/vda rw init=/bin/sh
VM Load @0x40200000
VM Load Offset: 0xffff0000c0200000
Memory Map:
  Free   0x00000040000000 - 0x00000040200000 (2 MiB)
  KImg   0x00000040200000 - 0x00000040600000 (4 MiB)
  Free   0x00000040600000 - 0x00000240000000 (7.99 GiB)
Initialize RAM allocator: 0x40600000..0x240000000
Initializing per-CPU data
Per-CPU data one cpu size: 0x43000 bytes
Total per-CPU data size for secondary CPUs: 0x10c000 bytes (4 CPUs)
Flushed RAM used range to memory map: 0x40600000..0x40700000, current: 0x40700000
Flushed RAM used range to memory map: 0x40700000..0x4080c000, current: 0x4080c000
Per-CPU data allocated at 0x40700000 - 0x4080c000
Initializing per-CPU RAM for CPU0 - hard id 0x0 @ 0x40700000
Initializing per-CPU RAM for CPU1 - hard id 0x1 @ 0x40743000
Initializing per-CPU RAM for CPU2 - hard id 0x2 @ 0x40786000
Initializing per-CPU RAM for CPU3 - hard id 0x3 @ 0x407c9000
CPU0 - hard id 0x0, stack top @0x40743000, stack top virt @0xff0040743000, entry virt @0xffff80171060
CPU1 - hard id 0x1, stack top @0x40786000, stack top virt @0xff0040786000, entry virt @0xffff80171060
CPU2 - hard id 0x2, stack top @0x407c9000, stack top virt @0xff00407c9000, entry virt @0xffff80171060
CPU3 - hard id 0x3, stack top @0x4080c000, stack top virt @0xff004080c000, entry virt @0xffff80171060
EL: 2
Mapping early memory regions...
Ram                 : [0x0000000040000000, 0x0000000240000000) -> [0x0000000040000000, 0x0000000240000000) (8 GiB)
KImage              : [0x0000ffff80000000, 0x0000ffff80400000) -> [0x0000000040200000, 0x0000000040600000) (4 MiB)
PerCpu              : [0x0000ff0040700000, 0x0000ff004080c000) -> [0x0000000040700000, 0x000000004080c000) (1.05 MiB)
Debug serial        : [0x0000000009000000, 0x0000000009001000) -> [0x0000000009000000, 0x0000000009001000) (4 KiB)
Boot page table at physical address: 0x4080c000
Setting up table registers...
MMU Entry point at physical address: 0x4036c608
Trap vector at 0xffff8016d000
Memory Map:
  MMIO   0x00000009000000 - 0x00000009001000 (4 KiB)
  Free   0x00000040000000 - 0x00000040200000 (2 MiB)
  KImg   0x00000040200000 - 0x00000040600000 (4 MiB)
  Rsv    0x00000040600000 - 0x00000040700000 (1 MiB)
  PerCPU 0x00000040700000 - 0x0000004080c000 (1.05 MiB)
  Rsv    0x0000004080c000 - 0x00000040816000 (40 KiB)
  Free   0x00000040816000 - 0x00000240000000 (7.99 GiB)
Jumping to main entry point at 0xffff80154514 with SP 0x0000ff0040743000

       d8888                            .d88888b.   .d8888b.
      d88888                           d88P" "Y88b d88P  Y88b
     d88P888                           888     888 Y88b.
    d88P 888 888d888  .d8888b  .d88b.  888     888  "Y888b.
   d88P  888 888P"   d88P"    d8P  Y8b 888     888     "Y88b.
  d88P   888 888     888      88888888 888     888       "888
 d8888888888 888     Y88b.    Y8b.     Y88b. .d88P Y88b  d88P
d88P     888 888      "Y8888P  "Y8888   "Y88888P"   "Y8888P"

arch = aarch64
platform = linux,dummy-virt
target = aarch64-unknown-none-softfloat
build_mode = 
log_level = info
backtrace = false
smp = 4

[37m[  0.081244 ax_runtime:211] [32mLogging is enabled.[m
[m[37m[  0.081877 ax_runtime:212] [32mPrimary CPU 0 started, arg = 0x40600000.[m
[m[37m[  0.082026 ax_runtime:214] [32mFound physcial memory regions:[m
[m[37m[  0.083355 ax_runtime:216] [32m  [PA:0x9000000, PA:0x9001000) mmio (READ | WRITE | DEVICE | RESERVED)[m
[m[37m[  0.083681 ax_runtime:216] [32m  [PA:0x40000000, PA:0x40200000) free memory (READ | WRITE | FREE)[m
[m[37m[  0.083870 ax_runtime:216] [32m  [PA:0x40200000, PA:0x40600000) reserved (READ | WRITE | EXECUTE | RESERVED)[m
[m[37m[  0.084036 ax_runtime:216] [32m  [PA:0x40600000, PA:0x40700000) reserved (READ | WRITE | EXECUTE | RESERVED)[m
[m[37m[  0.084208 ax_runtime:216] [32m  [PA:0x40700000, PA:0x4080c000) reserved (READ | WRITE | EXECUTE | RESERVED)[m
[m[37m[  0.084440 ax_runtime:216] [32m  [PA:0x4080c000, PA:0x40816000) reserved (READ | WRITE | EXECUTE | RESERVED)[m
[m[37m[  0.084595 ax_runtime:216] [32m  [PA:0x40816000, PA:0x240000000) free memory (READ | WRITE | FREE)[m
[m[37m[  0.084811 ax_runtime:358] [32mInitialize global memory allocator...[m
[m[37m[  0.084968 ax_runtime:359] [32m  use buddy-slab-allocator allocator.[m
[m[37m[  0.085310 ax_alloc::buddy_slab:150] [32mInitialize global memory allocator, start_vaddr: 0x40816000, size: 0x1ff7ea000[m
[m[37m[  0.102327 ax_alloc::buddy_slab:399] [32mglobal allocator initialized[m
[m[37m[  0.102645 ax_alloc::buddy_slab:160] [32mAdd memory region, start_vaddr: 0x40000000, size: 0x200000[m
[m[37m[  0.102873 buddy_slab_allocator::global:143] [32mGlobalAllocator: skip region 0x40000000+0x200000, no allocator-visible memory after 2097152 alignment[m
[m[37m[  0.103344 ax_runtime:251] [32mkernel aspace: [VA:0x0, VA:0xffffffffffffffff)[m
[m[37m[  0.103535 ax_mm:92] [32mInitialize virtual memory management...[m
[m[37m[  0.624615 ax_runtime:263] [32mInitialize platform devices...[m
[m[37m[  0.633366 someboot::arch::power:23] [32mPower management method : SMC[m
[m[37m[  0.633658 somehal::driver:5] [32mInitializing rdrive with FDT at 0x40600000[m
[m[37m[  0.659673 ax_task::api:146] [32mInitialize scheduling...[m
[m[37m[  0.661096 ax_task::api:151] [32m  use FIFO scheduler.[m
[m[37m[  0.661248 ax_runtime:289] [32mInitialize interrupt handlers...[m
[m[37m[  0.664949 ax_runtime::devices:2] [32mProbe platform devices...[m
[m[37m[  0.674066 virtio_drivers::device::blk:63] [32mfound a block device of size 32768KB[m
[m[37m[  0.676270 ax_driver::virtio::block:91] [32mregistered virtio block device[m
[m[37m[  0.702865 ax_runtime::irq:120] [32mregistered virtio-blk/0 irq IrqId { domain: IrqDomainId(7), hwirq: HwIrq(79) }[m
[m[37m[  0.703731 ax_fs_ng::block::runtime::device:1359] [33mrdif filesystem block device virtio-blk registered with IRQ-driven completion[m
[m[37m[  0.704000 ax_fs_ng::block::runtime::device:1361] [32mregistered rdif filesystem block device virtio-blk[m
[m[37m[  0.713766 ax_fs_ng::root:249] [32m    raw device fs=Some(Ext4)[m
[m[37m[  0.714107 ax_fs_ng::root:280] [32m  block device 0 (virtio-blk) has no usable partition table; treating the whole disk as a candidate[m
[m[37m[  0.714708 ax_fs_ng::root:389] [32m  matched root by raw device path on disk0 raw device[m
[m[37m[  0.715273 ax_fs_ng:75] [32mInitialize filesystem subsystem...[m
[m[37m[  0.715419 ax_fs_ng:76] [32m  selected root device: disk0 raw device[m
[m[37m[  0.721132 rsext4::crc32c::arm64:54] [33mID_AA64ISAR0_EL1[19:16]: 0x1[m
[m[37m[  0.721316 rsext4::crc32c::arm64:57] [33mHardware CRC32C support detected.[m
[m[37m[  0.733566 rsext4::ext4::mount:340] [32m/lost+found exists (path resolution, repaired hint inode=11)[m
[m[37m[  0.735322 rsext4::ext4::mount:462] [32mExt4 filesystem mounted[m
[m[37m[  0.735480 rsext4::ext4::mount:463] [32m  - block size: 4096 bytes[m
[m[37m[  0.735634 rsext4::ext4::mount:464] [32m  - total blocks: 8192[m
[m[37m[  0.735771 rsext4::ext4::mount:465] [32m  - free blocks: 1559[m
[m[37m[  0.735907 rsext4::ext4::mount:466] [32m  - total inodes: 8192[m
[m[37m[  0.736042 rsext4::ext4::mount:467] [32m  - free inodes: 8154[m
[m[37m[  0.736200 rsext4::ext4::sync:13] [32mSyncing filesystem...[m
[m[37m[  0.743804 rsext4::ext4::mount:546] [32mExt4 filesystem mounted[m
[m[37m[  0.744849 ax_fs_ng:88] [32m  filesystem type: "ext4"[m
[m[37m[  0.748964 ax_runtime::mp:79] [32mSecondary CPU 1 started.[m
[m[37m[  0.751012 ax_runtime::mp:79] [32mSecondary CPU 2 started.[m
[m[37m[  0.751239 ax_runtime::mp:107] [32mSecondary CPU 1 init OK.[m
[m[37m[  0.753528 ax_runtime::mp:79] [32mSecondary CPU 3 started.[m
[m[37m[  0.753723 ax_runtime::mp:107] [32mSecondary CPU 2 init OK.[m
[m[37m[  0.753640 ax_runtime:334] [32mPrimary CPU 0 init OK.[m
[m[37m[  0.756780 ax_runtime::mp:107] [32mSecondary CPU 3 init OK.[m
[m

       d8888            888     888  d8b
      d88888            888     888  Y8P
     d88P888            888     888
    d88P 888  888  888  Y88b   d88P  888  .d8888b    .d88b.   888d888
   d88P  888  `Y8bd8P'   Y88b d88P   888  88K       d88""88b  888P"
  d88P   888    X88K      Y88o88P    888  "Y8888b.  888  888  888
 d8888888888  .d8""8b.     Y888P     888       X88  Y88..88P  888
d88P     888  888  888      Y8P      888   88888P'   "Y88P"   888


by AxVisor Team

[37m[  0.760481 0:2 axvisor:50] [32mStarting virtualization...[m
[m[37m[  0.760752 0:2 axvm::host::arceos:194] [32mEnabling hardware virtualization support on all cores...[m
[m[37m[  0.760958 0:2 axvm::host::arceos:200] [32mCore 0 is initializing hardware virtualization support...[m
[m[37m[  0.761173 0:2 axvm::timer:101] [32mInitializing AxVM timer wheel...[m
[m[37m[  0.761740 0:2 axvm::host::arceos:202] [32mHardware virtualization support enabled on core 0[m
[m[37m[  0.763750 1:11 axvm::host::arceos:212] [32mCore 1 is initializing hardware virtualization support...[m
[m[37m[  0.763955 2:12 axvm::host::arceos:212] [32mCore 2 is initializing hardware virtualization support...[m
[m[37m[  0.764301 2:12 axvm::timer:101] [32mInitializing AxVM timer wheel...[m
[m[37m[  0.764117 1:11 axvm::timer:101] [32mInitializing AxVM timer wheel...[m
[m[37m[  0.764521 2:12 axvm::host::arceos:215] [32mHardware virtualization support enabled on core 2[m
[m[37m[  0.764632 1:11 axvm::host::arceos:215] [32mHardware virtualization support enabled on core 1[m
[m[37m[  0.767027 3:13 axvm::host::arceos:212] [32mCore 3 is initializing hardware virtualization support...[m
[m[37m[  0.767051 0:2 axvm::host::arceos:228] [32mWaiting for all cores to enable hardware virtualization...[m
[m[37m[  0.767219 3:13 axvm::timer:101] [32mInitializing AxVM timer wheel...[m
[m[37m[  0.767500 3:13 axvm::host::arceos:215] [32mHardware virtualization support enabled on core 3[m
[m[37m[  0.768468 0:2 axvm::host::arceos:244] [32mAll cores have enabled hardware virtualization support.[m
[m[37m[  0.773799 0:2 axvisor::manager:127] [32mNOT find dir: /guest/vm_default in filesystem[m
[m[37m[  0.774566 0:2 axvisor::config:94] [32mUsing static VM configs.[m
[m[37m[  0.791670 0:2 axvm::arch::aarch64::fdt::core::parser:386] [32mCPU node: /cpus/cpu@0, node_id: 0x0, guest_cpu_id: 0x0[m
[m[37m[  0.792040 0:2 axvm::arch::aarch64::fdt::core::parser:386] [32mCPU node: /cpus/cpu@1, node_id: 0x1, guest_cpu_id: 0x1[m
[m[37m[  0.792306 0:2 axvm::arch::aarch64::fdt::core::parser:386] [32mCPU node: /cpus/cpu@2, node_id: 0x2, guest_cpu_id: 0x2[m
[m[37m[  0.792499 0:2 axvm::arch::aarch64::fdt::core::parser:386] [32mCPU node: /cpus/cpu@3, node_id: 0x3, guest_cpu_id: 0x3[m
[m[37m[  0.792763 0:2 axvm::arch::aarch64::fdt::core::parser:393] [32mFound 4 host CPU nodes[m
[m[37m[  0.793165 0:2 axvm::arch::aarch64::fdt::core:77] [32mVM[1] DTB not found, generating from the VM configuration[m
[m[37m[  0.807558 0:2 axvm::arch::aarch64::fdt::core::device:96] [32mFound excluded devices: ["/pcie@10000000"][m
[m[37m[  0.808195 0:2 axvm::arch::aarch64::fdt::core::device:107] [32mExcluding device: /pcie@10000000[m
[m[37m[  0.825675 0:2 axvisor::config:137] [32mCreating VM[1] "arceos-qemu"[m
[m[37m[  0.826926 0:2 axvm::vm:421] [32mVM created: id=1[m
[m[37m[  2.799895 0:2 axvisor::config:149] [32mVM[1] created success, loading images...[m
[m[37m[  2.849749 0:2 axvm::arch::aarch64::vm:116] [33mFailed to assign SPIs: No VGicD found in device list[m
[m[37m[  2.873194 0:2 axvm::vm::prepare:101] [32mVM setup: id=1[m
[m[37m[  2.873862 0:2 axvm::runtime:35] [32mInitializing VMM...[m
[m[37m[  2.874081 0:2 axvm::runtime:40] [32mVMM starting, booting VMs...[m
[m[37m[  2.874501 0:2 axvm::vm:578] [32mStarting VM[1][m
[m[37m[  2.875053 0:2 axvm::runtime::vcpus:235] [32mSpawning task for VM[1] VCpu[0][m
[m[37m[  2.875778 0:2 axvm::runtime::vcpus:252] [32mVCpu task Task(14, "VM[1]-VCpu[0]") created cpumask: [0, ][m
[m[37m[  2.876979 0:2 axvm::runtime:46] [32mVM[1] boot success[m
[m[37m[  2.877645 0:14 axvm::runtime::vcpus:306] [32mVM[1] VCpu[0] waiting for running[m
[m[37m[  2.877980 0:14 axvm::runtime::vcpus:309] [32mVM[1] VCpu[0] running...[m
[mfdt                     : 0x1e1e00000
EL                      : 1
_start                  : 0xffff800000000000
stack                   : 0xffff800000088000
loader                  : [0x1c2034000, 0x1c20443c0)
BootTable space         : [0x1c20efa38 --)
code                    : [0xffff800000000000, 0xffff800020000000) -> [0x1c2000000, 0x1e2000000)
ram                     : 0xffff9001c2000000-> 0x1c2000000
debug                   : 0xffff900009000000-> 0x9000000
eq                      : [0x0, 0x8000000000)
Table                   : 0x00000001c20f0000
Table size              : 0x95c8
jump to                 : 0xffff800000002494
SomeHAL booting...
Power management method : SMC
Goto main...

       d8888                            .d88888b.   .d8888b.
      d88888                           d88P" "Y88b d88P  Y88b
     d88P888                           888     888 Y88b.
    d88P 888 888d888  .d8888b  .d88b.  888     888  "Y888b.
   d88P  888 888P"   d88P"    d8P  Y8b 888     888     "Y88b.
  d88P   888 888     888      88888888 888     888       "888
 d8888888888 888     Y88b.    Y8b.     Y88b. .d88P Y88b  d88P
d88P     888 888      "Y8888P  "Y8888   "Y88888P"   "Y8888P"

arch = aarch64
platform = aarch64-dyn
target = aarch64-unknown-none-softfloat
build_mode = release
log_level = info
smp = 1

[37m[  2.903595 axruntime:136] [32mLogging is enabled.[m
[m[37m[  2.904653 axruntime:137] [32mPrimary CPU 0 started, arg = 0x1c20ee000.[m
[m[37m[  2.905869 axruntime:140] [32mFound physcial memory regions:[m
[m[37m[  2.906173 axruntime:142] [32m  [PA:0x9000000, PA:0x9001000) mmio (READ | WRITE | DEVICE | RESERVED)[m
[m[37m[  2.906673 axruntime:142] [32m  [PA:0x1c2000000, PA:0x1c2001000) reserved (READ | WRITE | RESERVED)[m
[m[37m[  2.906873 axruntime:142] [32m  [PA:0x1c2001000, PA:0x1c202c000) .text (READ | EXECUTE | RESERVED)[m
[m[37m[  2.907030 axruntime:142] [32m  [PA:0x1c202c000, PA:0x1c2045000) .rodata (READ | RESERVED)[m
[m[37m[  2.907353 axruntime:142] [32m  [PA:0x1c2045000, PA:0x1c2048000) .data .tdata .tbss .percpu (READ | WRITE | RESERVED)[m
[m[37m[  2.907537 axruntime:142] [32m  [PA:0x1c2088000, PA:0x1c20c8000) boot stack (READ | WRITE | RESERVED)[m
[m[37m[  2.907679 axruntime:142] [32m  [PA:0x1c20c8000, PA:0x1c20ee000) .bss (READ | WRITE | RESERVED)[m
[m[37m[  2.907829 axruntime:142] [32m  [PA:0x1c20ee000, PA:0x1c20fa000) reserved (READ | WRITE | RESERVED)[m
[m[37m[  2.907969 axruntime:142] [32m  [PA:0x1c20fa000, PA:0x202000000) free memory (READ | WRITE | FREE)[m
[m[37m[  2.908192 axruntime:220] [32mInitialize global memory allocator...[m
[m[37m[  2.908384 axruntime:221] [32m  use TLSF allocator.[m
[m[37m[  2.912027 axmm:101] [32mInitialize virtual memory management...[m
[m[37m[  2.942060 axruntime:160] [32mInitialize platform devices...[m
[m[37m[  3.158445 axruntime:198] [32mPrimary CPU 0 init OK.[m
[mHello, world!

=== SUCCESS PATTERN MATCHED: Hello, world! ===
[37m[  3.159445 0:14 axvm::arch::aarch64:155] [33mVM[1] run VCpu[0] SystemDown[m
[m[37m[  3.159881 0:14 axvm::vm:635] [32mStopping VM[1]: SystemDown[m
[m[37m[  3.160541 0:14 axvm::runtime::vcpus:354] [33mVM[1] VCpu[0] stopping because of VM stopping[m
[m[37m[  3.160813 0:14 axvm::runtime::vcpus:360] [32mVM[1] VCpu[0] last VCpu exiting, decreasing running VM count[m
[m[37m[  3.161178 0:14 axvm::runtime::vcpus:365] [32mVM[1] state changed to Stopped[m
[m[37m[  3.161848 0:14 axvm::runtime::vcpus:377] [32mVM[1] VCpu[0] exiting...[m
[m[37m[  3.162261 0:2 axvisor:57] [32m[OK] Default guest initialized[m
[mWelcome to AxVisor Shell!
Type 'help' to see available commands
Use UP/DOWN arrows to navigate command history

axvisor:/$ [axbuild] qemu build+run package=axvisor target=scripts/targets/std/pie/aarch64-unknown-linux-musl.json config=/mnt/f/project/泉城实验室/tgoskits/os/axvisor/configs/board/qemu-aarch64.toml ... done (171.92s)
