[setup_qemu] Guest: arceos | Repo: /mnt/f/project/泉城实验室/tgoskits/os/axvisor
[setup_qemu] Step 1: ensure guest image is downloaded...
  -> Image directory /root/.cache/tgoskits/axvisor-images/qemu_aarch64_arceos not found, downloading via cargo xtask image...
  -> Download attempt 1/2
    Finished `dev` profile [unoptimized + debuginfo] target(s) in 56.82s
     Running `target/debug/tg-xtask image --local-storage /root/.cache/tgoskits/axvisor-images pull qemu_aarch64_arceos`
[2026-07-17T20:51:07Z INFO  axbuild::context] Workspace root: /mnt/f/project/泉城实验室/tgoskits
error while loading local storage: Failed to read image registry from /root/.cache/tgoskits/axvisor-images/images.toml: No such file or directory (os error 2)
auto syncing from registry https://raw.githubusercontent.com/rcore-os/tgosimages/refs/heads/main/registry/default.toml...
bootstrapping local image registry from included registry from default.toml: https://raw.githubusercontent.com/rcore-os/tgosimages/refs/heads/main/registry/v0.0.8.toml
Error: failed to pull `qemu_aarch64_arceos` as managed rootfs (image not found: qemu_aarch64_arceos. Use `cargo xtask image ls` to view available images) or generic image (image not found: qemu_aarch64_arceos. Use `cargo xtask image ls` to view available images)
  -> Attempt 1/2 failed. Trying to bootstrap registry...
  -> Replacing the stale registry with fallback registry: https://raw.githubusercontent.com/arceos-hypervisor/axvisor-guest/refs/heads/main/registry/v0.0.25.toml
  -> Download attempt 2/2
    Finished `dev` profile [unoptimized + debuginfo] target(s) in 58.23s
     Running `target/debug/tg-xtask image --local-storage /root/.cache/tgoskits/axvisor-images pull qemu_aarch64_arceos`
[2026-07-17T20:52:27Z INFO  axbuild::context] Workspace root: /mnt/f/project/泉城实验室/tgoskits
image archive verified at /root/.cache/tgoskits/axvisor-images/qemu_aarch64_arceos.tar.gz
image extracted to /root/.cache/tgoskits/axvisor-images/qemu_aarch64_arceos
image ready at /root/.cache/tgoskits/axvisor-images/qemu_aarch64_arceos
[setup_qemu] Step 2: patch VM config kernel_path...
  -> Generated VM config: /mnt/f/project/泉城实验室/tgoskits/os/axvisor/tmp/vmconfigs/arceos-aarch64-qemu-smp1.generated.toml
  -> Updated kernel_path to /root/.cache/tgoskits/axvisor-images/qemu_aarch64_arceos/qemu-aarch64
  -> Updated image_location to memory
[setup_qemu] Step 3: prepare rootfs...
  -> Copied /root/.cache/tgoskits/axvisor-images/qemu_aarch64_arceos/rootfs.img -> /mnt/f/project/泉城实验室/tgoskits/os/axvisor/tmp/rootfs.img

[setup_qemu] Done. Guest: arceos
You can now run the QEMU test with:

  cd /mnt/f/project/泉城实验室/tgoskits/os/axvisor
  cargo xtask qemu \
    --config configs/board/qemu-aarch64.toml \
    --qemu-config .github/workflows/qemu-aarch64.toml \
    --vmconfigs /mnt/f/project/泉城实验室/tgoskits/os/axvisor/tmp/vmconfigs/arceos-aarch64-qemu-smp1.generated.toml

Success indicator: 'Hello, world!'

