   Compiling axvisor v0.5.21 (/mnt/f/project/泉城实验室/tgoskits/os/axvisor)
    Finished `dev` profile [unoptimized + debuginfo] target(s) in 1m 05s
     Running `/mnt/f/project/泉城实验室/tgoskits/target/debug/xtask qemu --config '/mnt/f/project/泉城实验室/tgoskits/os/axvisor/configs/board/qemu-aarch64-zephyr-stage2-evidence.toml' --qemu-config '/mnt/f/project/泉城实验室/tgoskits/results/baseline/runs/phase2-zephyr-pl011-current-20260805-01e0531-dirty-r9/configs/qemu-aarch64-zephyr-framed-console.toml' --vmconfigs '/mnt/f/project/泉城实验室/tgoskits/results/baseline/runs/phase2-zephyr-pl011-current-20260805-01e0531-dirty-r9/vmconfig.generated.toml' --qmp-socket /tmp/axgdtb-a410614810017ed9c8c478118c75ca87/qmp.sock --qemu-pidfile /tmp/axgdtb-a410614810017ed9c8c478118c75ca87/qemu.pid --qemu-name axvisor-guest-dtb-a410614810017ed9c8c478118c75ca87 --rootfs '/mnt/f/project/泉城实验室/tgoskits/tmp/contest/zephyr-smoke/rootfs-placeholder.img'`
[2026-08-05T18:05:08Z INFO  axbuild::context] Workspace root: /mnt/f/project/泉城实验室/tgoskits
[2026-08-05T18:05:48Z INFO  axbuild::context] Workspace member dir for axvisor: /mnt/f/project/泉城实验室/tgoskits/os/axvisor
Using build config: /mnt/f/project/泉城实验室/tgoskits/os/axvisor/configs/board/qemu-aarch64-zephyr-stage2-evidence.toml
[2026-08-05T18:06:22Z INFO  ostool::run::qemu] Using QEMU config file: /mnt/f/project/泉城实验室/tgoskits/results/baseline/runs/phase2-zephyr-pl011-current-20260805-01e0531-dirty-r9/configs/qemu-aarch64-zephyr-framed-console.toml
[axbuild] qemu build+run package=axvisor target=scripts/targets/std/pie/aarch64-unknown-linux-musl.json config=/mnt/f/project/泉城实验室/tgoskits/os/axvisor/configs/board/qemu-aarch64-zephyr-stage2-evidence.toml ...
sh -c /mnt/f/project/泉城实验室/tgoskits/tmp/axbuild/std/prebuild/prebuild-aarch64-unknown-linux-musl-73e159b1006c783f.sh
AR_aarch64_unknown_linux_musl=aarch64-linux-musl-ar
AXVISOR_VM_CONFIGS=/mnt/f/project/泉城实验室/tgoskits/results/baseline/runs/phase2-zephyr-pl011-current-20260805-01e0531-dirty-r9/vmconfig.generated.toml
AX_ARCH=aarch64
AX_LOG=info
AX_TARGET=aarch64-unknown-none-softfloat
CARGO_UNSTABLE_JSON_TARGET_SPEC=true
CC_aarch64_unknown_linux_musl=aarch64-linux-musl-cc
CFLAGS_aarch64_unknown_linux_musl=-mgeneral-regs-only -fno-stack-protector
CXXFLAGS_aarch64_unknown_linux_musl=-mgeneral-regs-only -fno-stack-protector
cargo build --config /mnt/f/project/泉城实验室/tgoskits/tmp/axbuild/std/config-aarch64-unknown-linux-musl-dynamic.toml -p axvisor --target scripts/targets/std/pie/aarch64-unknown-linux-musl.json -Z unstable-options --target-dir /mnt/f/project/泉城实验室/tgoskits/target --features guest-fdt-evidence,stage2-hpa-evidence,log/release_max_level_info -Z json-target-spec --bin axvisor --release --message-format json-render-diagnostics
warning: function `set_fdt_addr_phys_if_valid` is never used
  --> platforms/someboot/src/fdt/mod.rs:33:15
   |
33 | pub(crate) fn set_fdt_addr_phys_if_valid(fdt_addr: usize) -> bool {
   |               ^^^^^^^^^^^^^^^^^^^^^^^^^^
   |
   = note: `#[warn(dead_code)]` (part of `#[warn(unused)]`) on by default

   Compiling axvisor v0.5.21 (/mnt/f/project/泉城实验室/tgoskits/os/axvisor)
warning: `someboot` (lib) generated 1 warning
   Compiling axvm v0.5.23 (/mnt/f/project/泉城实验室/tgoskits/virtualization/axvm)
warning: function `with_vm` is never used
  --> virtualization/axvm/src/manager.rs:58:15
   |
58 | pub(crate) fn with_vm<F, R>(vm_id: VMId, f: F) -> Option<R>
   |               ^^^^^^^
   |
   = note: `#[warn(dead_code)]` (part of `#[warn(unused)]`) on by default

warning: function `active_vcpu_mask` is never used
  --> virtualization/axvm/src/manager.rs:67:15
   |
67 | pub(crate) fn active_vcpu_mask(vm_id: VMId) -> Option<usize> {
   |               ^^^^^^^^^^^^^^^^

warning: function `inject_interrupt` is never used
  --> virtualization/axvm/src/manager.rs:79:15
   |
79 | pub(crate) fn inject_interrupt(vm_id: VMId, vcpu_id: usize, vector: usize) -> AxVmResult {
   |               ^^^^^^^^^^^^^^^^

warning: field `token` is never read
  --> virtualization/axvm/src/timer.rs:21:5
   |
20 | struct VmTimerEvent {
   |        ------------ field in this struct
21 |     token: usize,
   |     ^^^^^

warning: function `cancel_timer` is never used
  --> virtualization/axvm/src/timer.rs:63:15
   |
63 | pub(crate) fn cancel_timer(token: usize) {
   |               ^^^^^^^^^^^^

warning: associated items `handle_nested_page_fault` and `debug_nested_page_fault` are never used
   --> virtualization/axvm/src/vm/mod.rs:911:19
    |
420 | impl AxVM {
    | --------- associated items in this implementation
...
911 |     pub(crate) fn handle_nested_page_fault(
    |                   ^^^^^^^^^^^^^^^^^^^^^^^^
...
926 |     fn debug_nested_page_fault(
    |        ^^^^^^^^^^^^^^^^^^^^^^^

warning: this lint expectation is unfulfilled
   --> virtualization/axvm/src/runtime/vcpus.rs:223:5
    |
223 |     dead_code,
    |     ^^^^^^^^^
    |
    = note: only non-x86 guest firmware boots secondary vCPUs
    = note: `#[warn(unfulfilled_lint_expectations)]` on by default

warning: this lint expectation is unfulfilled
   --> virtualization/axvm/src/runtime/vcpus.rs:256:5
    |
256 |     dead_code,
    |     ^^^^^^^^^
    |
    = note: only non-x86 guest firmware boots secondary vCPUs

warning: this lint expectation is unfulfilled
   --> virtualization/axvm/src/vcpu.rs:288:9
    |
288 |         dead_code,
    |         ^^^^^^^^^
    |
    = note: only non-x86 guest firmware updates secondary vCPU entries

warning: `axvm` (lib) generated 9 warnings
warning: associated functions `create_vm_from_toml` and `start_vm` are never used
  --> os/axvisor/src/manager.rs:52:12
   |
24 | impl AxvmManager {
   | ---------------- associated functions in this implementation
...
52 |     pub fn create_vm_from_toml(raw_cfg: &str) -> Result<VMId> {
   |            ^^^^^^^^^^^^^^^^^^^
...
57 |     pub fn start_vm(vm_id: VMId) -> Result<()> {
   |            ^^^^^^^^
   |
   = note: `#[warn(dead_code)]` (part of `#[warn(unused)]`) on by default

warning: function `can_start_vm` is never used
  --> os/axvisor/src/shell/command/vm.rs:32:4
   |
32 | fn can_start_vm(status: VmStatus) -> Result<(), &'static str> {
   |    ^^^^^^^^^^^^

warning: function `start_single_vm` is never used
   --> os/axvisor/src/shell/command/vm.rs:231:4
    |
231 | fn start_single_vm(vm: axvm::AxVMRef) -> anyhow::Result<()> {
    |    ^^^^^^^^^^^^^^^

warning: function `start_vm_by_id` is never used
   --> os/axvisor/src/shell/command/vm.rs:240:4
    |
240 | fn start_vm_by_id(vm_id: usize) {
    |    ^^^^^^^^^^^^^^

warning: `axvisor` (bin "axvisor") generated 4 warnings
    Finished `release` profile [optimized] target(s) in 1m 08s
warning: the following packages contain code that will be rejected by a future version of Rust: core v0.0.0 (/root/.rustup/toolchains/nightly-2026-07-15-x86_64-unknown-linux-gnu/lib/rustlib/src/rust/library/core), memchr v2.8.2
note: to see what the problems were, use the option `--future-incompat-report`, or run `cargo report future-incompatibilities --id 1`
Converting ELF to BIN format...
  elf: /mnt/f/project/泉城实验室/tgoskits/target/aarch64-unknown-linux-musl/release/axvisor
  bin: /mnt/f/project/泉城实验室/tgoskits/target/aarch64-unknown-linux-musl/release/axvisor.bin
/root/.rustup/toolchains/nightly-2026-07-15-x86_64-unknown-linux-gnu/lib/rustlib/x86_64-unknown-linux-gnu/bin/llvm-objcopy --strip-all -O binary /mnt/f/project/泉城实验室/tgoskits/target/aarch64-unknown-linux-musl/release/axvisor /mnt/f/project/泉城实验室/tgoskits/target/aarch64-unknown-linux-musl/release/axvisor.bin
qemu-system-aarch64 -nographic -cpu cortex-a72 -machine virt,virtualization=on,gic-version=3 -smp 4 -m 8g -qmp unix:/tmp/axgdtb-a410614810017ed9c8c478118c75ca87/qmp.sock,server=on,wait=off -pidfile /tmp/axgdtb-a410614810017ed9c8c478118c75ca87/qemu.pid -name axvisor-guest-dtb-a410614810017ed9c8c478118c75ca87 -kernel /mnt/f/project/泉城实验室/tgoskits/target/aarch64-unknown-linux-musl/release/axvisor.bin
VM Load @0x40200000
VM Load Offset: 0xffff0000c0200000
Memory Map:
  Free   0x00000040000000 - 0x00000040200000 (2 MiB)
  KImg   0x00000040200000 - 0x00000040600000 (4 MiB)
  Free   0x00000040600000 - 0x00000240000000 (7.99 GiB)
Initialize RAM allocator: 0x40600000..0x240000000
Reserving CPU-local areas
CPU-local area stride: 0x44000 bytes
Total CPU-local allocation: 0x110000 bytes (4 CPUs)
Flushed RAM used range to memory map: 0x40600000..0x40700000, current: 0x40700000
Flushed RAM used range to memory map: 0x40700000..0x40810000, current: 0x40810000
CPU-local areas allocated at 0x40700000 - 0x40810000
EL: 2
Mapping early memory regions...
Ram                 : [0x0000000040000000, 0x0000000240000000) -> [0x0000000040000000, 0x0000000240000000) (8 GiB)
KImage              : [0x0000ffff80000000, 0x0000ffff80400000) -> [0x0000000040200000, 0x0000000040600000) (4 MiB)
PerCpu              : [0x0000ff0040700000, 0x0000ff0040810000) -> [0x0000000040700000, 0x0000000040810000) (1.06 MiB)
Debug serial        : [0x0000000009000000, 0x0000000009001000) -> [0x0000000009000000, 0x0000000009001000) (4 KiB)
Boot page table at physical address: 0x40810000
Setting up table registers...
MMU Entry point at physical address: 0x402ef614
Trap vector at 0xffff800f3800
Memory Map:
  MMIO   0x00000009000000 - 0x00000009001000 (4 KiB)
  Free   0x00000040000000 - 0x00000040200000 (2 MiB)
  KImg   0x00000040200000 - 0x00000040600000 (4 MiB)
  Rsv    0x00000040600000 - 0x00000040700000 (1 MiB)
  PerCPU 0x00000040700000 - 0x00000040810000 (1.06 MiB)
  Rsv    0x00000040810000 - 0x0000004081a000 (40 KiB)
  Free   0x0000004081a000 - 0x00000240000000 (7.99 GiB)
Jumping to main entry point at 0xffff800db140 with SP 0x0000ff0040744000

       d8888                            .d88888b.   .d8888b.
      d88888                           d88P" "Y88b d88P  Y88b
     d88P888                           888     888 Y88b.
    d88P 888 888d888  .d8888b  .d88b.  888     888  "Y888b.
   d88P  888 888P"   d88P"    d8P  Y8b 888     888     "Y88b.
  d88P   888 888     888      88888888 888     888       "888
 d8888888888 888     Y88b.    Y8b.     Y88b. .d88P Y88b  d88P
d88P     888 888      "Y8888P  "Y8888   "Y88888P"   "Y8888P"

arch = aarch64
platform = linux,dummy-virt
target = aarch64-unknown-none-softfloat
build_mode = 
log_level = info
backtrace = false
smp = 4

[37m[  0.088477 ax_runtime:217] [32mLogging is enabled.[m
[m[37m[  0.089089 ax_runtime:218] [32mPrimary CPU 0 started, arg = 0x40600000.[m
[m[37m[  0.089240 ax_runtime:220] [32mFound physcial memory regions:[m
[m[37m[  0.090623 ax_runtime:222] [32m  [PA:0x9000000, PA:0x9001000) mmio (READ | WRITE | DEVICE | RESERVED)[m
[m[37m[  0.090952 ax_runtime:222] [32m  [PA:0x40000000, PA:0x40200000) free memory (READ | WRITE | FREE)[m
[m[37m[  0.091135 ax_runtime:222] [32m  [PA:0x40200000, PA:0x40600000) reserved (READ | WRITE | EXECUTE | RESERVED)[m
[m[37m[  0.091299 ax_runtime:222] [32m  [PA:0x40600000, PA:0x40700000) reserved (READ | WRITE | EXECUTE | RESERVED)[m
[m[37m[  0.091454 ax_runtime:222] [32m  [PA:0x40700000, PA:0x40810000) reserved (READ | WRITE | EXECUTE | RESERVED)[m
[m[37m[  0.091604 ax_runtime:222] [32m  [PA:0x40810000, PA:0x4081a000) reserved (READ | WRITE | EXECUTE | RESERVED)[m
[m[37m[  0.091742 ax_runtime:222] [32m  [PA:0x4081a000, PA:0x240000000) free memory (READ | WRITE | FREE)[m
[m[37m[  0.091927 ax_runtime:367] [32mInitialize global memory allocator...[m
[m[37m[  0.092071 ax_runtime:368] [32m  use buddy-slab-allocator allocator.[m
[m[37m[  0.092383 ax_alloc::buddy_slab:158] [32mInitialize global memory allocator, start_vaddr: 0x4081a000, size: 0x1ff7e6000[m
[m[37m[  0.109694 ax_alloc::buddy_slab:410] [32mglobal allocator initialized[m
[m[37m[  0.109972 ax_alloc::buddy_slab:168] [32mAdd memory region, start_vaddr: 0x40000000, size: 0x200000[m
[m[37m[  0.110202 buddy_slab_allocator::global:143] [32mGlobalAllocator: skip region 0x40000000+0x200000, no allocator-visible memory after 2097152 alignment[m
[m[37m[  0.110629 ax_runtime:257] [32mkernel aspace: [VA:0x0, VA:0xffffffffffffffff)[m
[m[37m[  0.110848 ax_mm:92] [32mInitialize virtual memory management...[m
[m[37m[  0.629034 ax_runtime:269] [32mInitialize platform devices...[m
[m[37m[  0.637996 someboot::arch::power:23] [32mPower management method : SMC[m
[m[37m[  0.638299 somehal::driver:5] [32mInitializing rdrive with FDT at 0x40600000[m
[m[37m[  0.666893 ax_task::api:146] [32mInitialize scheduling...[m
[m[37m[  0.668528 ax_task::api:154] [32m  use FIFO scheduler.[m
[m[37m[  0.668679 ax_runtime:295] [32mInitialize interrupt handlers...[m
[m[37m[  0.673484 ax_runtime::devices:2] [32mProbe platform devices...[m
[m[37m[  0.681256 ax_runtime::mp:79] [32mSecondary CPU 1 started.[m
[m[37m[  0.683590 ax_runtime::mp:107] [32mSecondary CPU 1 init OK.[m
[m[37m[  0.683600 ax_runtime::mp:79] [32mSecondary CPU 2 started.[m
[m[37m[  0.686795 ax_runtime::mp:107] [32mSecondary CPU 2 init OK.[m
[m[37m[  0.687261 ax_runtime::mp:79] [32mSecondary CPU 3 started.[m
[m[37m[  0.687330 ax_runtime:343] [32mPrimary CPU 0 init OK.[m
[m[37m[  0.690847 ax_runtime::mp:107] [32mSecondary CPU 3 init OK.[m
[m

       d8888            888     888  d8b
      d88888            888     888  Y8P
     d88P888            888     888
    d88P 888  888  888  Y88b   d88P  888  .d8888b    .d88b.   888d888
   d88P  888  `Y8bd8P'   Y88b d88P   888  88K       d88""88b  888P"
  d88P   888    X88K      Y88o88P    888  "Y8888b.  888  888  888
 d8888888888  .d8""8b.     Y888P     888       X88  Y88..88P  888
d88P     888  888  888      Y8P      888   88888P'   "Y88P"   888


by AxVisor Team

[37m[  0.695043 0:2 axvisor:52] [32mStarting virtualization...[m
[m[37m[  0.695306 0:2 axvm::host::arceos:205] [32mEnabling hardware virtualization support on all cores...[m
[m[37m[  0.695525 0:2 axvm::host::arceos:211] [32mCore 0 is initializing hardware virtualization support...[m
[m[37m[  0.695736 0:2 axvm::timer:95] [32mInitializing AxVM timer wheel...[m
[m[37m[  0.696611 0:2 axvm::host::arceos:213] [32mHardware virtualization support enabled on core 0[m
[m[37m[  0.700845 1:10 axvm::host::arceos:223] [32mCore 1 is initializing hardware virtualization support...[m
[m[37m[  0.701761 1:10 axvm::timer:95] [32mInitializing AxVM timer wheel...[m
[m[37m[  0.701962 1:10 axvm::host::arceos:226] [32mHardware virtualization support enabled on core 1[m
[m[37m[  0.702268 2:11 axvm::host::arceos:223] [32mCore 2 is initializing hardware virtualization support...[m
[m[37m[  0.702421 2:11 axvm::timer:95] [32mInitializing AxVM timer wheel...[m
[m[37m[  0.702546 2:11 axvm::host::arceos:226] [32mHardware virtualization support enabled on core 2[m
[m[37m[  0.703935 0:2 axvm::host::arceos:239] [32mWaiting for all cores to enable hardware virtualization...[m
[m[37m[  0.703933 3:12 axvm::host::arceos:223] [32mCore 3 is initializing hardware virtualization support...[m
[m[37m[  0.704256 3:12 axvm::timer:95] [32mInitializing AxVM timer wheel...[m
[m[37m[  0.704388 3:12 axvm::host::arceos:226] [32mHardware virtualization support enabled on core 3[m
[m[37m[  0.704748 0:2 axvm::host::arceos:255] [32mAll cores have enabled hardware virtualization support.[m
[m[37m[  0.705022 0:2 axvisor::config:94] [32mUsing static VM configs.[m
[m[37m[  0.721265 0:2 axvm::arch::aarch64::fdt::core::parser:386] [32mCPU node: /cpus/cpu@0, node_id: 0x0, guest_cpu_id: 0x0[m
[m[37m[  0.721567 0:2 axvm::arch::aarch64::fdt::core::parser:386] [32mCPU node: /cpus/cpu@1, node_id: 0x1, guest_cpu_id: 0x1[m
[m[37m[  0.721814 0:2 axvm::arch::aarch64::fdt::core::parser:386] [32mCPU node: /cpus/cpu@2, node_id: 0x2, guest_cpu_id: 0x2[m
[m[37m[  0.722016 0:2 axvm::arch::aarch64::fdt::core::parser:386] [32mCPU node: /cpus/cpu@3, node_id: 0x3, guest_cpu_id: 0x3[m
[m[37m[  0.722291 0:2 axvm::arch::aarch64::fdt::core::parser:393] [32mFound 4 host CPU nodes[m
[m[37m[  0.722640 0:2 axvm::arch::aarch64::fdt::core:80] [32mVM[1] DTB not found, generating from the VM configuration[m
[m[37m[  0.738918 0:2 axvm::arch::aarch64::fdt::core::device:96] [32mFound excluded devices: ["/pl011@9000000", "/intc@8000000/its@8080000"][m
[m[37m[  0.739714 0:2 axvm::arch::aarch64::fdt::core::device:107] [32mExcluding device: /intc@8000000/its@8080000[m
[m[37m[  0.740034 0:2 axvm::arch::aarch64::fdt::core::device:107] [32mExcluding device: /pl011@9000000[m
[m[37m[  0.772500 0:2 axvisor::config:137] [32mCreating VM[1] "zephyr-qemu-pl011-framed"[m
[m[37m[  0.776303 0:2 axvm::vm:446] [32mVM created: id=1[m
[m[37m[  1.019675 0:2 axvisor::config:149] [32mVM[1] created success, loading images...[m
[m
AXVISOR_GUEST_DTB_READY vm=1 gpa=0x47e00000 size=7640 hpa_segments=0x23a000000:7640
