   Compiling axvisor v0.5.21 (/mnt/f/project/泉城实验室/tgoskits/os/axvisor)
    Finished `dev` profile [unoptimized + debuginfo] target(s) in 1m 08s
     Running `/mnt/f/project/泉城实验室/tgoskits/target/debug/xtask qemu --config '/mnt/f/project/泉城实验室/tgoskits/os/axvisor/configs/board/qemu-aarch64-linux-carveout-evidence.toml' --qemu-config '/mnt/f/project/泉城实验室/tgoskits/results/baseline/runs/phase2-linux-host-carveout-20260806-01e0531-dirty-r17/configs/qemu-aarch64-linux-host-dtb.toml' --vmconfigs '/mnt/f/project/泉城实验室/tgoskits/results/baseline/runs/phase2-linux-host-carveout-20260806-01e0531-dirty-r17/configs/vmconfig.map-reserved.toml' --qmp-socket /tmp/axgdtb-3048f7d0bb6857b0cb10b3705e87387e/qmp.sock --qemu-pidfile /tmp/axgdtb-3048f7d0bb6857b0cb10b3705e87387e/qemu.pid --qemu-name axvisor-guest-dtb-3048f7d0bb6857b0cb10b3705e87387e --rootfs /root/.cache/tgoskits/axvisor-images/qemu_aarch64_linux/rootfs.img`
[2026-08-05T18:58:08Z INFO  axbuild::context] Workspace root: /mnt/f/project/泉城实验室/tgoskits
[2026-08-05T18:58:47Z INFO  axbuild::context] Workspace member dir for axvisor: /mnt/f/project/泉城实验室/tgoskits/os/axvisor
Using build config: /mnt/f/project/泉城实验室/tgoskits/os/axvisor/configs/board/qemu-aarch64-linux-carveout-evidence.toml
[2026-08-05T18:59:18Z INFO  ostool::run::qemu] Using QEMU config file: /mnt/f/project/泉城实验室/tgoskits/results/baseline/runs/phase2-linux-host-carveout-20260806-01e0531-dirty-r17/configs/qemu-aarch64-linux-host-dtb.toml
[axbuild] qemu build+run package=axvisor target=scripts/targets/std/pie/aarch64-unknown-linux-musl.json config=/mnt/f/project/泉城实验室/tgoskits/os/axvisor/configs/board/qemu-aarch64-linux-carveout-evidence.toml ...
sh -c /mnt/f/project/泉城实验室/tgoskits/tmp/axbuild/std/prebuild/prebuild-aarch64-unknown-linux-musl-73e159b1006c783f.sh
AR_aarch64_unknown_linux_musl=aarch64-linux-musl-ar
AXVISOR_VM_CONFIGS=/mnt/f/project/泉城实验室/tgoskits/results/baseline/runs/phase2-linux-host-carveout-20260806-01e0531-dirty-r17/configs/vmconfig.map-reserved.toml
AX_ARCH=aarch64
AX_LOG=info
AX_TARGET=aarch64-unknown-none-softfloat
CARGO_UNSTABLE_JSON_TARGET_SPEC=true
CC_aarch64_unknown_linux_musl=aarch64-linux-musl-cc
CFLAGS_aarch64_unknown_linux_musl=-mgeneral-regs-only -fno-stack-protector
CXXFLAGS_aarch64_unknown_linux_musl=-mgeneral-regs-only -fno-stack-protector
cargo build --config /mnt/f/project/泉城实验室/tgoskits/tmp/axbuild/std/config-aarch64-unknown-linux-musl-dynamic.toml -p axvisor --target scripts/targets/std/pie/aarch64-unknown-linux-musl.json -Z unstable-options --target-dir /mnt/f/project/泉城实验室/tgoskits/target --features ax-std/fs,ax-std/virtio-blk,fs,guest-fdt-evidence,host-carveout-allocator-evidence,stage2-hpa-evidence,log/release_max_level_info -Z json-target-spec --bin axvisor --release --message-format json-render-diagnostics
   Compiling ax-runtime v0.10.4 (/mnt/f/project/泉城实验室/tgoskits/os/arceos/modules/axruntime)
warning: function `set_fdt_addr_phys_if_valid` is never used
  --> platforms/someboot/src/fdt/mod.rs:33:15
   |
33 | pub(crate) fn set_fdt_addr_phys_if_valid(fdt_addr: usize) -> bool {
   |               ^^^^^^^^^^^^^^^^^^^^^^^^^^
   |
   = note: `#[warn(dead_code)]` (part of `#[warn(unused)]`) on by default

warning: `someboot` (lib) generated 1 warning
   Compiling ax-posix-api v0.5.29 (/mnt/f/project/泉城实验室/tgoskits/os/arceos/api/arceos_posix_api)
   Compiling ax-api v0.7.4 (/mnt/f/project/泉城实验室/tgoskits/os/arceos/api/arceos_api)
   Compiling ax-std v0.5.28 (/mnt/f/project/泉城实验室/tgoskits/os/arceos/ulib/axstd)
   Compiling axvm v0.5.23 (/mnt/f/project/泉城实验室/tgoskits/virtualization/axvm)
warning: function `shutdown_host_filesystems` is never used
   --> virtualization/axvm/src/host/arceos.rs:179:8
    |
179 | pub fn shutdown_host_filesystems() -> AxVmResult {
    |        ^^^^^^^^^^^^^^^^^^^^^^^^^
    |
    = note: `#[warn(dead_code)]` (part of `#[warn(unused)]`) on by default

warning: function `with_vm` is never used
  --> virtualization/axvm/src/manager.rs:58:15
   |
58 | pub(crate) fn with_vm<F, R>(vm_id: VMId, f: F) -> Option<R>
   |               ^^^^^^^

warning: function `active_vcpu_mask` is never used
  --> virtualization/axvm/src/manager.rs:67:15
   |
67 | pub(crate) fn active_vcpu_mask(vm_id: VMId) -> Option<usize> {
   |               ^^^^^^^^^^^^^^^^

warning: function `inject_interrupt` is never used
  --> virtualization/axvm/src/manager.rs:79:15
   |
79 | pub(crate) fn inject_interrupt(vm_id: VMId, vcpu_id: usize, vector: usize) -> AxVmResult {
   |               ^^^^^^^^^^^^^^^^

warning: field `token` is never read
  --> virtualization/axvm/src/timer.rs:21:5
   |
20 | struct VmTimerEvent {
   |        ------------ field in this struct
21 |     token: usize,
   |     ^^^^^

warning: function `cancel_timer` is never used
  --> virtualization/axvm/src/timer.rs:63:15
   |
63 | pub(crate) fn cancel_timer(token: usize) {
   |               ^^^^^^^^^^^^

warning: associated items `handle_nested_page_fault` and `debug_nested_page_fault` are never used
   --> virtualization/axvm/src/vm/mod.rs:911:19
    |
420 | impl AxVM {
    | --------- associated items in this implementation
...
911 |     pub(crate) fn handle_nested_page_fault(
    |                   ^^^^^^^^^^^^^^^^^^^^^^^^
...
926 |     fn debug_nested_page_fault(
    |        ^^^^^^^^^^^^^^^^^^^^^^^

warning: this lint expectation is unfulfilled
   --> virtualization/axvm/src/runtime/vcpus.rs:223:5
    |
223 |     dead_code,
    |     ^^^^^^^^^
    |
    = note: only non-x86 guest firmware boots secondary vCPUs
    = note: `#[warn(unfulfilled_lint_expectations)]` on by default

warning: this lint expectation is unfulfilled
   --> virtualization/axvm/src/runtime/vcpus.rs:256:5
    |
256 |     dead_code,
    |     ^^^^^^^^^
    |
    = note: only non-x86 guest firmware boots secondary vCPUs

warning: this lint expectation is unfulfilled
   --> virtualization/axvm/src/vcpu.rs:288:9
    |
288 |         dead_code,
    |         ^^^^^^^^^
    |
    = note: only non-x86 guest firmware updates secondary vCPU entries

warning: `axvm` (lib) generated 10 warnings
   Compiling axvisor v0.5.21 (/mnt/f/project/泉城实验室/tgoskits/os/axvisor)
    Finished `release` profile [optimized] target(s) in 1m 40s
warning: the following packages contain code that will be rejected by a future version of Rust: core v0.0.0 (/root/.rustup/toolchains/nightly-2026-07-15-x86_64-unknown-linux-gnu/lib/rustlib/src/rust/library/core), memchr v2.8.2
note: to see what the problems were, use the option `--future-incompat-report`, or run `cargo report future-incompatibilities --id 1`
Converting ELF to BIN format...
  elf: /mnt/f/project/泉城实验室/tgoskits/target/aarch64-unknown-linux-musl/release/axvisor
  bin: /mnt/f/project/泉城实验室/tgoskits/target/aarch64-unknown-linux-musl/release/axvisor.bin
/root/.rustup/toolchains/nightly-2026-07-15-x86_64-unknown-linux-gnu/lib/rustlib/x86_64-unknown-linux-gnu/bin/llvm-objcopy --strip-all -O binary /mnt/f/project/泉城实验室/tgoskits/target/aarch64-unknown-linux-musl/release/axvisor /mnt/f/project/泉城实验室/tgoskits/target/aarch64-unknown-linux-musl/release/axvisor.bin
qemu-system-aarch64 -nographic -cpu cortex-a72 -machine virt,virtualization=on,gic-version=3 -smp 4 -device virtio-blk-device,drive=disk0 -drive id=disk0,if=none,format=raw,file=/root/.cache/tgoskits/axvisor-images/qemu_aarch64_linux/rootfs.img -append root=/dev/vda rw init=/bin/sh -m 8g -dtb /mnt/f/project/泉城实验室/tgoskits/results/baseline/runs/phase2-linux-host-carveout-20260806-01e0531-dirty-r17/prepared/host-carveout.dtb -qmp unix:/tmp/axgdtb-3048f7d0bb6857b0cb10b3705e87387e/qmp.sock,server=on,wait=off -pidfile /tmp/axgdtb-3048f7d0bb6857b0cb10b3705e87387e/qemu.pid -name axvisor-guest-dtb-3048f7d0bb6857b0cb10b3705e87387e -kernel /mnt/f/project/泉城实验室/tgoskits/target/aarch64-unknown-linux-musl/release/axvisor.bin
root=/dev/vda rw init=/bin/sh
VM Load @0x40200000
VM Load Offset: 0xffff0000c0200000
AXVISOR_HOST_VM_CARVEOUT_RESERVED vm=1 hpa=0x80000000 size=0x10000000 phase=before-ram-init
Memory Map:
  Free   0x00000040000000 - 0x00000040200000 (2 MiB)
  KImg   0x00000040200000 - 0x00000043400000 (50 MiB)
  Free   0x00000043400000 - 0x00000080000000 (972 MiB)
  Rsv    0x00000080000000 - 0x00000090000000 (256 MiB)
  Free   0x00000090000000 - 0x00000240000000 (6.75 GiB)
Initialize RAM allocator: 0x43400000..0x80000000
Reserving CPU-local areas
CPU-local area stride: 0x44000 bytes
Total CPU-local allocation: 0x110000 bytes (4 CPUs)
Flushed RAM used range to memory map: 0x43400000..0x43409000, current: 0x43409000
Flushed RAM used range to memory map: 0x43409000..0x43519000, current: 0x43519000
CPU-local areas allocated at 0x43409000 - 0x43519000
EL: 2
Mapping early memory regions...
Ram                 : [0x0000000040000000, 0x0000000240000000) -> [0x0000000040000000, 0x0000000240000000) (8 GiB)
KImage              : [0x0000ffff80000000, 0x0000ffff83200000) -> [0x0000000040200000, 0x0000000043400000) (50 MiB)
PerCpu              : [0x0000ff0043409000, 0x0000ff0043519000) -> [0x0000000043409000, 0x0000000043519000) (1.06 MiB)
Debug serial        : [0x0000000009000000, 0x0000000009001000) -> [0x0000000009000000, 0x0000000009001000) (4 KiB)
Boot page table at physical address: 0x43519000
Setting up table registers...
MMU Entry point at physical address: 0x4038ad40
Trap vector at 0xffff8018f000
Memory Map:
  MMIO   0x00000009000000 - 0x00000009001000 (4 KiB)
  Free   0x00000040000000 - 0x00000040200000 (2 MiB)
  KImg   0x00000040200000 - 0x00000043400000 (50 MiB)
  Rsv    0x00000043400000 - 0x00000043409000 (36 KiB)
  PerCPU 0x00000043409000 - 0x00000043519000 (1.06 MiB)
  Rsv    0x00000043519000 - 0x00000043522000 (36 KiB)
  Free   0x00000043522000 - 0x00000080000000 (970.87 MiB)
  Rsv    0x00000080000000 - 0x00000090000000 (256 MiB)
  Free   0x00000090000000 - 0x00000240000000 (6.75 GiB)
Jumping to main entry point at 0xffff801767fc with SP 0x0000ff004344d000

       d8888                            .d88888b.   .d8888b.
      d88888                           d88P" "Y88b d88P  Y88b
     d88P888                           888     888 Y88b.
    d88P 888 888d888  .d8888b  .d88b.  888     888  "Y888b.
   d88P  888 888P"   d88P"    d8P  Y8b 888     888     "Y88b.
  d88P   888 888     888      88888888 888     888       "888
 d8888888888 888     Y88b.    Y8b.     Y88b. .d88P Y88b  d88P
d88P     888 888      "Y8888P  "Y8888   "Y88888P"   "Y8888P"

arch = aarch64
platform = linux,dummy-virt
target = aarch64-unknown-none-softfloat
build_mode = 
log_level = info
backtrace = false
smp = 4

[37m[  0.048285 ax_runtime:217] [32mLogging is enabled.[m
[m[37m[  0.050713 ax_runtime:218] [32mPrimary CPU 0 started, arg = 0x43400000.[m
[m[37m[  0.050865 ax_runtime:220] [32mFound physcial memory regions:[m
[m[37m[  0.052205 ax_runtime:222] [32m  [PA:0x9000000, PA:0x9001000) mmio (READ | WRITE | DEVICE | RESERVED)[m
[m[37m[  0.052547 ax_runtime:222] [32m  [PA:0x40000000, PA:0x40200000) free memory (READ | WRITE | FREE)[m
[m[37m[  0.052733 ax_runtime:222] [32m  [PA:0x40200000, PA:0x43400000) reserved (READ | WRITE | EXECUTE | RESERVED)[m
[m[37m[  0.052895 ax_runtime:222] [32m  [PA:0x43400000, PA:0x43409000) reserved (READ | WRITE | EXECUTE | RESERVED)[m
[m[37m[  0.053050 ax_runtime:222] [32m  [PA:0x43409000, PA:0x43519000) reserved (READ | WRITE | EXECUTE | RESERVED)[m
[m[37m[  0.053206 ax_runtime:222] [32m  [PA:0x43519000, PA:0x43522000) reserved (READ | WRITE | EXECUTE | RESERVED)[m
[m[37m[  0.053355 ax_runtime:222] [32m  [PA:0x43522000, PA:0x80000000) free memory (READ | WRITE | FREE)[m
[m[37m[  0.053499 ax_runtime:222] [32m  [PA:0x80000000, PA:0x90000000) reserved (READ | WRITE | EXECUTE | RESERVED)[m
[m[37m[  0.053655 ax_runtime:222] [32m  [PA:0x90000000, PA:0x240000000) free memory (READ | WRITE | FREE)[m
[m[37m[  0.053836 ax_runtime:367] [32mInitialize global memory allocator...[m
[m[37m[  0.053986 ax_runtime:368] [32m  use buddy-slab-allocator allocator.[m
[mAXVISOR_HOST_VM_CARVEOUT_ALLOCATOR_EXCLUDED vm=1 hpa=0x80000000 size=0x10000000 reserved_cover=1 free_overlap=0 phase=before-global-allocator-init
[37m[  0.054687 ax_alloc::buddy_slab:158] [32mInitialize global memory allocator, start_vaddr: 0x90000000, size: 0x1b0000000[m
[m[37m[  0.081641 ax_alloc::buddy_slab:410] [32mglobal allocator initialized[m
[m[37m[  0.082083 ax_alloc::buddy_slab:168] [32mAdd memory region, start_vaddr: 0x40000000, size: 0x200000[m
[m[37m[  0.082318 buddy_slab_allocator::global:143] [32mGlobalAllocator: skip region 0x40000000+0x200000, no allocator-visible memory after 2097152 alignment[m
[m[37m[  0.082609 ax_alloc::buddy_slab:168] [32mAdd memory region, start_vaddr: 0x43522000, size: 0x3cade000[m
[m[37m[  0.084786 ax_runtime:257] [32mkernel aspace: [VA:0x0, VA:0xffffffffffffffff)[m
[m[37m[  0.085047 ax_mm:92] [32mInitialize virtual memory management...[m
[m[37m[  0.609177 ax_runtime:269] [32mInitialize platform devices...[m
[m[37m[  0.618494 someboot::arch::power:23] [32mPower management method : SMC[m
[m[37m[  0.618780 somehal::driver:5] [32mInitializing rdrive with FDT at 0x43400000[m
[m[37m[  0.649825 ax_task::api:146] [32mInitialize scheduling...[m
[m[37m[  0.651536 ax_task::api:154] [32m  use FIFO scheduler.[m
[m[37m[  0.651691 ax_runtime:295] [32mInitialize interrupt handlers...[m
[m[37m[  0.655863 ax_runtime::devices:2] [32mProbe platform devices...[m
[m[37m[  0.663354 virtio_drivers::device::blk:63] [32mfound a block device of size 32768KB[m
[m[37m[  0.664538 ax_driver::virtio::block:91] [32mregistered virtio block device[m
[m[37m[  0.691907 ax_runtime::irq:120] [32mregistered virtio-blk/0 irq IrqId { domain: IrqDomainId(7), hwirq: HwIrq(79) }[m
[m[37m[  0.692769 ax_fs_ng::block::runtime::device:1359] [33mrdif filesystem block device virtio-blk registered with IRQ-driven completion[m
[m[37m[  0.693010 ax_fs_ng::block::runtime::device:1361] [32mregistered rdif filesystem block device virtio-blk[m
[m[37m[  0.702129 ax_fs_ng::root:250] [32m    raw device fs=Some(Ext4)[m
[m[37m[  0.702470 ax_fs_ng::root:281] [32m  block device 0 (virtio-blk) has no usable partition table; treating the whole disk as a candidate[m
[m[37m[  0.703208 ax_fs_ng::root:390] [32m  matched root by raw device path on disk0 raw device[m
[m[37m[  0.703785 ax_fs_ng:77] [32mInitialize filesystem subsystem...[m
[m[37m[  0.703922 ax_fs_ng:78] [32m  selected root device: disk0 raw device[m
[m[37m[  0.710746 rsext4::crc32c::arm64:54] [33mID_AA64ISAR0_EL1[19:16]: 0x1[m
[m[37m[  0.710984 rsext4::crc32c::arm64:57] [33mHardware CRC32C support detected.[m
[m[37m[  0.720687 rsext4::ext4::mount:327] [32m/lost+found exists (superblock hint inode=11)[m
[m[37m[  0.722806 rsext4::ext4::mount:462] [32mExt4 filesystem mounted[m
[m[37m[  0.722982 rsext4::ext4::mount:463] [32m  - block size: 4096 bytes[m
[m[37m[  0.723136 rsext4::ext4::mount:464] [32m  - total blocks: 8192[m
[m[37m[  0.723271 rsext4::ext4::mount:465] [32m  - free blocks: 1559[m
[m[37m[  0.723383 rsext4::ext4::mount:466] [32m  - total inodes: 8192[m
[m[37m[  0.723508 rsext4::ext4::mount:467] [32m  - free inodes: 8154[m
[m[37m[  0.723666 rsext4::ext4::sync:13] [32mSyncing filesystem...[m
[m[37m[  0.733613 rsext4::ext4::mount:546] [32mExt4 filesystem mounted[m
[m[37m[  0.734556 ax_fs_ng:90] [32m  filesystem type: "ext4"[m
[m[37m[  0.748599 ax_runtime::mp:79] [32mSecondary CPU 1 started.[m
[m[37m[  0.750831 ax_runtime::mp:107] [32mSecondary CPU 1 init OK.[m
[m[37m[  0.760894 ax_runtime::mp:79] [32mSecondary CPU 2 started.[m
[m[37m[  0.763521 ax_runtime::mp:107] [32mSecondary CPU 2 init OK.[m
[m[37m[  0.774363 ax_runtime::mp:79] [32mSecondary CPU 3 started.[m
[m[37m[  0.774488 ax_runtime:343] [32mPrimary CPU 0 init OK.[m
[m[37m[  0.777708 ax_runtime::mp:107] [32mSecondary CPU 3 init OK.[m
[m

       d8888            888     888  d8b
      d88888            888     888  Y8P
     d88P888            888     888
    d88P 888  888  888  Y88b   d88P  888  .d8888b    .d88b.   888d888
   d88P  888  `Y8bd8P'   Y88b d88P   888  88K       d88""88b  888P"
  d88P   888    X88K      Y88o88P    888  "Y8888b.  888  888  888
 d8888888888  .d8""8b.     Y888P     888       X88  Y88..88P  888
d88P     888  888  888      Y8P      888   88888P'   "Y88P"   888


by AxVisor Team

[37m[  0.781236 0:2 axvisor:52] [32mStarting virtualization...[m
[m[37m[  0.781505 0:2 axvm::host::arceos:205] [32mEnabling hardware virtualization support on all cores...[m
[m[37m[  0.781721 0:2 axvm::host::arceos:211] [32mCore 0 is initializing hardware virtualization support...[m
[m[37m[  0.781918 0:2 axvm::timer:95] [32mInitializing AxVM timer wheel...[m
[m[37m[  0.782573 0:2 axvm::host::arceos:213] [32mHardware virtualization support enabled on core 0[m
[m[37m[  0.784635 1:11 axvm::host::arceos:223] [32mCore 1 is initializing hardware virtualization support...[m
[m[37m[  0.784839 1:11 axvm::timer:95] [32mInitializing AxVM timer wheel...[m
[m[37m[  0.785040 1:11 axvm::host::arceos:226] [32mHardware virtualization support enabled on core 1[m
[m[37m[  0.786065 2:12 axvm::host::arceos:223] [32mCore 2 is initializing hardware virtualization support...[m
[m[37m[  0.786235 2:12 axvm::timer:95] [32mInitializing AxVM timer wheel...[m
[m[37m[  0.786402 2:12 axvm::host::arceos:226] [32mHardware virtualization support enabled on core 2[m
[m[37m[  0.787855 0:2 axvm::host::arceos:239] [32mWaiting for all cores to enable hardware virtualization...[m
[m[37m[  0.788154 3:13 axvm::host::arceos:223] [32mCore 3 is initializing hardware virtualization support...[m
[m[37m[  0.788352 3:13 axvm::timer:95] [32mInitializing AxVM timer wheel...[m
[m[37m[  0.788472 3:13 axvm::host::arceos:226] [32mHardware virtualization support enabled on core 3[m
[m[37m[  0.789259 0:2 axvm::host::arceos:255] [32mAll cores have enabled hardware virtualization support.[m
[m[37m[  0.795800 0:2 axvisor::manager:134] [32mNOT find dir: /guest/vm_default in filesystem[m
[m[37m[  0.796103 0:2 axvisor::config:94] [32mUsing static VM configs.[m
[m[37m[  0.813860 0:2 axvm::arch::aarch64::fdt::core::parser:386] [32mCPU node: /cpus/cpu@0, node_id: 0x0, guest_cpu_id: 0x0[m
[m[37m[  0.814288 0:2 axvm::arch::aarch64::fdt::core::parser:386] [32mCPU node: /cpus/cpu@1, node_id: 0x1, guest_cpu_id: 0x1[m
[m[37m[  0.814519 0:2 axvm::arch::aarch64::fdt::core::parser:386] [32mCPU node: /cpus/cpu@2, node_id: 0x2, guest_cpu_id: 0x2[m
[m[37m[  0.814709 0:2 axvm::arch::aarch64::fdt::core::parser:386] [32mCPU node: /cpus/cpu@3, node_id: 0x3, guest_cpu_id: 0x3[m
[m[37m[  0.815036 0:2 axvm::arch::aarch64::fdt::core::parser:393] [32mFound 4 host CPU nodes[m
[m[37m[  0.815577 0:2 axvm::arch::aarch64::fdt::core:80] [32mVM[1] DTB not found, generating from the VM configuration[m
[m[37m[  0.830974 0:2 axvm::arch::aarch64::fdt::core::device:96] [32mFound excluded devices: ["/intc@8000000/its@8080000"][m
[m[37m[  0.831665 0:2 axvm::arch::aarch64::fdt::core::device:107] [32mExcluding device: /intc@8000000/its@8080000[m
[m[37m[  0.863962 0:2 axvisor::config:137] [32mCreating VM[1] "linux-qemu-map-reserved-evidence"[m
[m[37m[  0.867968 0:2 axvm::vm:446] [32mVM created: id=1[m
[m[37m[  0.874210 0:2 axvisor::config:149] [32mVM[1] created success, loading images...[m
[m
AXVISOR_GUEST_DTB_READY vm=1 gpa=0x8fe00000 size=7732 hpa_segments=0x8fe00000:7732
[37m[  1.071122 0:2 axdevice::device:1208] [32mAxVmDevices: registered device id=0[m
[m[37m[  1.071359 0:2 axdevice::device:268] [32mGPPT Distributor initialized with base GPA 0x8000000 and length 0x10000[m
[m[37m[  1.072292 0:2 axdevice::device:1208] [32mAxVmDevices: registered device id=1[m
[m[37m[  1.072508 0:2 axdevice::device:243] [32mGPPT Redistributor initialized for vCPU 0 with base GPA 0x80a0000 and length 0x20000[m
[m[37m[  1.117447 0:2 axvm::vm::prepare:102] [32mVM setup: id=1[m
[m[37m[  1.118051 0:2 axvm::runtime:42] [32mInitializing VMM...[m
[m[37m[  1.118624 0:2 axvm::runtime:47] [32mVMM starting, booting VMs...[m
[m[37m[  1.119076 0:2 axvm::vm:666] [32mStarting VM[1][m
[m[37m[  1.119421 0:2 axvm::runtime::vcpus:264] [32mSpawning task for VM[1] VCpu[0][m
[m[37m[  1.120071 0:2 axvm::runtime::vcpus:281] [32mVCpu task Task(14, "VM[1]-VCpu[0]") created cpumask: [0, ][m
[m[37m[  1.121017 0:2 axvm::runtime:53] [32mVM[1] boot success[m
[m[37m[  1.121696 0:14 axvm::runtime::vcpus:335] [32mVM[1] VCpu[0] waiting for running[m
[m[37m[  1.121990 0:14 axvm::runtime::vcpus:338] [32mVM[1] VCpu[0] running...[m
[m