    Finished `dev` profile [unoptimized + debuginfo] target(s) in 36.59s
     Running `/mnt/f/project/泉城实验室/tgoskits/target/debug/xtask qemu --config configs/board/qemu-aarch64-zephyr-smoke.toml --qemu-config '/mnt/f/project/泉城实验室/tgoskits/configs/contest/qemu-aarch64-zephyr-smoke.toml' --vmconfigs '/mnt/f/project/泉城实验室/tgoskits/os/axvisor/tmp/vmconfigs/zephyr-aarch64-qemu-smoke.generated.toml' --rootfs '/mnt/f/project/泉城实验室/tgoskits/tmp/contest/zephyr-smoke/rootfs-placeholder.img'`
[2026-07-26T17:04:40Z INFO  axbuild::context] Workspace root: /mnt/f/project/泉城实验室/tgoskits
[2026-07-26T17:05:10Z INFO  axbuild::context] Workspace member dir for axvisor: /mnt/f/project/泉城实验室/tgoskits/os/axvisor
Using build config: /mnt/f/project/泉城实验室/tgoskits/os/axvisor/configs/board/qemu-aarch64-zephyr-smoke.toml
[2026-07-26T17:05:39Z INFO  ostool::run::qemu] Using QEMU config file: /mnt/f/project/泉城实验室/tgoskits/configs/contest/qemu-aarch64-zephyr-smoke.toml
[axbuild] qemu build+run package=axvisor target=scripts/targets/std/pie/aarch64-unknown-linux-musl.json config=/mnt/f/project/泉城实验室/tgoskits/os/axvisor/configs/board/qemu-aarch64-zephyr-smoke.toml ...
sh -c /mnt/f/project/泉城实验室/tgoskits/tmp/axbuild/std/prebuild/prebuild-aarch64-unknown-linux-musl-73e159b1006c783f.sh
AR_aarch64_unknown_linux_musl=aarch64-linux-musl-ar
AXVISOR_VM_CONFIGS=/mnt/f/project/泉城实验室/tgoskits/os/axvisor/tmp/vmconfigs/zephyr-aarch64-qemu-smoke.generated.toml
AX_ARCH=aarch64
AX_LOG=info
AX_TARGET=aarch64-unknown-none-softfloat
BINDGEN_EXTRA_CLANG_ARGS_aarch64_unknown_linux_musl=--target=aarch64-linux-musl --sysroot=/opt/aarch64-linux-musl-cross/bin/../aarch64-linux-musl --gcc-toolchain=/opt/aarch64-linux-musl-cross -isystem /opt/aarch64-linux-musl-cross/bin/../aarch64-linux-musl/include -isystem /opt/aarch64-linux-musl-cross/lib/gcc/aarch64-linux-musl/11.2.1/include -mgeneral-regs-only
CARGO_UNSTABLE_JSON_TARGET_SPEC=true
CC_aarch64_unknown_linux_musl=aarch64-linux-musl-cc
CFLAGS_aarch64_unknown_linux_musl=-mgeneral-regs-only -fno-stack-protector
CXXFLAGS_aarch64_unknown_linux_musl=-mgeneral-regs-only -fno-stack-protector
cargo build --config /mnt/f/project/泉城实验室/tgoskits/tmp/axbuild/std/config-aarch64-unknown-linux-musl-dynamic.toml -p axvisor --target scripts/targets/std/pie/aarch64-unknown-linux-musl.json -Z unstable-options --target-dir /mnt/f/project/泉城实验室/tgoskits/target --features log/release_max_level_info -Z json-target-spec --bin axvisor --release --message-format json-render-diagnostics
   Compiling ax-driver v0.12.0 (/mnt/f/project/泉城实验室/tgoskits/drivers/ax-driver)
   Compiling ax-runtime v0.10.4 (/mnt/f/project/泉城实验室/tgoskits/os/arceos/modules/axruntime)
   Compiling axvisor v0.5.21 (/mnt/f/project/泉城实验室/tgoskits/os/axvisor)
warning: function `set_fdt_addr_phys_if_valid` is never used
  --> platforms/someboot/src/fdt/mod.rs:32:15
   |
32 | pub(crate) fn set_fdt_addr_phys_if_valid(fdt_addr: usize) -> bool {
   |               ^^^^^^^^^^^^^^^^^^^^^^^^^^
   |
   = note: `#[warn(dead_code)]` (part of `#[warn(unused)]`) on by default

warning: `someboot` (lib) generated 1 warning
   Compiling ax-alloc v0.8.12 (/mnt/f/project/泉城实验室/tgoskits/os/arceos/modules/axalloc)
   Compiling axklib v0.7.5 (/mnt/f/project/泉城实验室/tgoskits/components/axklib)
   Compiling axplat-dyn v0.7.12 (/mnt/f/project/泉城实验室/tgoskits/platforms/axplat-dyn)
   Compiling ax-hal v0.5.28 (/mnt/f/project/泉城实验室/tgoskits/os/arceos/modules/axhal)
   Compiling ax-task v0.6.4 (/mnt/f/project/泉城实验室/tgoskits/os/arceos/modules/axtask)
   Compiling ax-mm v0.5.28 (/mnt/f/project/泉城实验室/tgoskits/os/arceos/modules/axmm)
   Compiling ax-sync v0.5.28 (/mnt/f/project/泉城实验室/tgoskits/os/arceos/modules/axsync)
   Compiling ax-api v0.7.4 (/mnt/f/project/泉城实验室/tgoskits/os/arceos/api/arceos_api)
   Compiling ax-posix-api v0.5.29 (/mnt/f/project/泉城实验室/tgoskits/os/arceos/api/arceos_posix_api)
   Compiling ax-std v0.5.28 (/mnt/f/project/泉城实验室/tgoskits/os/arceos/ulib/axstd)
   Compiling axvm v0.5.23 (/mnt/f/project/泉城实验室/tgoskits/virtualization/axvm)
warning: unused import: `NestedPageTableOps`
  --> virtualization/axvm/src/vm/mod.rs:26:30
   |
26 | use axaddrspace::{AddrSpace, NestedPageTableOps};
   |                              ^^^^^^^^^^^^^^^^^^
   |
   = note: `#[warn(unused_imports)]` (part of `#[warn(unused)]`) on by default

warning: function `with_vm` is never used
  --> virtualization/axvm/src/manager.rs:58:15
   |
58 | pub(crate) fn with_vm<F, R>(vm_id: VMId, f: F) -> Option<R>
   |               ^^^^^^^
   |
   = note: `#[warn(dead_code)]` (part of `#[warn(unused)]`) on by default

warning: function `active_vcpu_mask` is never used
  --> virtualization/axvm/src/manager.rs:67:15
   |
67 | pub(crate) fn active_vcpu_mask(vm_id: VMId) -> Option<usize> {
   |               ^^^^^^^^^^^^^^^^

warning: function `inject_interrupt` is never used
  --> virtualization/axvm/src/manager.rs:79:15
   |
79 | pub(crate) fn inject_interrupt(vm_id: VMId, vcpu_id: usize, vector: usize) -> AxVmResult {
   |               ^^^^^^^^^^^^^^^^

warning: field `token` is never read
  --> virtualization/axvm/src/timer.rs:21:5
   |
20 | struct VmTimerEvent {
   |        ------------ field in this struct
21 |     token: usize,
   |     ^^^^^

warning: function `cancel_timer` is never used
  --> virtualization/axvm/src/timer.rs:63:15
   |
63 | pub(crate) fn cancel_timer(token: usize) {
   |               ^^^^^^^^^^^^

warning: associated items `handle_nested_page_fault` and `debug_nested_page_fault` are never used
   --> virtualization/axvm/src/vm/mod.rs:848:19
    |
409 | impl AxVM {
    | --------- associated items in this implementation
...
848 |     pub(crate) fn handle_nested_page_fault(
    |                   ^^^^^^^^^^^^^^^^^^^^^^^^
...
863 |     fn debug_nested_page_fault(
    |        ^^^^^^^^^^^^^^^^^^^^^^^

warning: this lint expectation is unfulfilled
   --> virtualization/axvm/src/runtime/vcpus.rs:194:5
    |
194 |     dead_code,
    |     ^^^^^^^^^
    |
    = note: only non-x86 guest firmware boots secondary vCPUs
    = note: `#[warn(unfulfilled_lint_expectations)]` on by default

warning: this lint expectation is unfulfilled
   --> virtualization/axvm/src/runtime/vcpus.rs:227:5
    |
227 |     dead_code,
    |     ^^^^^^^^^
    |
    = note: only non-x86 guest firmware boots secondary vCPUs

warning: this lint expectation is unfulfilled
   --> virtualization/axvm/src/vcpu.rs:288:9
    |
288 |         dead_code,
    |         ^^^^^^^^^
    |
    = note: only non-x86 guest firmware updates secondary vCPU entries

warning: `axvm` (lib) generated 10 warnings
warning: associated functions `create_vm_from_toml` and `start_vm` are never used
  --> os/axvisor/src/manager.rs:45:12
   |
24 | impl AxvmManager {
   | ---------------- associated functions in this implementation
...
45 |     pub fn create_vm_from_toml(raw_cfg: &str) -> Result<VMId> {
   |            ^^^^^^^^^^^^^^^^^^^
...
50 |     pub fn start_vm(vm_id: VMId) -> Result<()> {
   |            ^^^^^^^^
   |
   = note: `#[warn(dead_code)]` (part of `#[warn(unused)]`) on by default

warning: function `can_start_vm` is never used
  --> os/axvisor/src/shell/command/vm.rs:32:4
   |
32 | fn can_start_vm(status: VmStatus) -> Result<(), &'static str> {
   |    ^^^^^^^^^^^^

warning: function `start_single_vm` is never used
   --> os/axvisor/src/shell/command/vm.rs:231:4
    |
231 | fn start_single_vm(vm: axvm::AxVMRef) -> anyhow::Result<()> {
    |    ^^^^^^^^^^^^^^^

warning: function `start_vm_by_id` is never used
   --> os/axvisor/src/shell/command/vm.rs:240:4
    |
240 | fn start_vm_by_id(vm_id: usize) {
    |    ^^^^^^^^^^^^^^

warning: `axvisor` (bin "axvisor") generated 4 warnings
    Finished `release` profile [optimized] target(s) in 1m 47s
warning: the following packages contain code that will be rejected by a future version of Rust: core v0.0.0 (/root/.rustup/toolchains/nightly-2026-07-15-x86_64-unknown-linux-gnu/lib/rustlib/src/rust/library/core), memchr v2.8.2
note: to see what the problems were, use the option `--future-incompat-report`, or run `cargo report future-incompatibilities --id 1`
Converting ELF to BIN format...
  elf: /mnt/f/project/泉城实验室/tgoskits/target/aarch64-unknown-linux-musl/release/axvisor
  bin: /mnt/f/project/泉城实验室/tgoskits/target/aarch64-unknown-linux-musl/release/axvisor.bin
/root/.rustup/toolchains/nightly-2026-07-15-x86_64-unknown-linux-gnu/lib/rustlib/x86_64-unknown-linux-gnu/bin/llvm-objcopy --strip-all -O binary /mnt/f/project/泉城实验室/tgoskits/target/aarch64-unknown-linux-musl/release/axvisor /mnt/f/project/泉城实验室/tgoskits/target/aarch64-unknown-linux-musl/release/axvisor.bin
qemu-system-aarch64 -nographic -cpu cortex-a72 -machine virt,virtualization=on,gic-version=3 -smp 4 -m 8g -kernel /mnt/f/project/泉城实验室/tgoskits/target/aarch64-unknown-linux-musl/release/axvisor.bin
VM Load @0x40200000
VM Load Offset: 0xffff0000c0200000
Memory Map:
  Free   0x00000040000000 - 0x00000040200000 (2 MiB)
  KImg   0x00000040200000 - 0x00000040600000 (4 MiB)
  Free   0x00000040600000 - 0x00000240000000 (7.99 GiB)
Initialize RAM allocator: 0x40600000..0x240000000
Reserving CPU-local areas
CPU-local area stride: 0x45000 bytes
Total CPU-local allocation: 0x114000 bytes (4 CPUs)
Flushed RAM used range to memory map: 0x40600000..0x40700000, current: 0x40700000
Flushed RAM used range to memory map: 0x40700000..0x40814000, current: 0x40814000
CPU-local areas allocated at 0x40700000 - 0x40814000
EL: 2
Mapping early memory regions...
Ram                 : [0x0000000040000000, 0x0000000240000000) -> [0x0000000040000000, 0x0000000240000000) (8 GiB)
KImage              : [0x0000ffff80000000, 0x0000ffff80400000) -> [0x0000000040200000, 0x0000000040600000) (4 MiB)
PerCpu              : [0x0000ff0040700000, 0x0000ff0040814000) -> [0x0000000040700000, 0x0000000040814000) (1.08 MiB)
Debug serial        : [0x0000000009000000, 0x0000000009001000) -> [0x0000000009000000, 0x0000000009001000) (4 KiB)
Boot page table at physical address: 0x40814000
Setting up table registers...
MMU Entry point at physical address: 0x402e9064
Trap vector at 0xffff800df800
Memory Map:
  MMIO   0x00000009000000 - 0x00000009001000 (4 KiB)
  Free   0x00000040000000 - 0x00000040200000 (2 MiB)
  KImg   0x00000040200000 - 0x00000040600000 (4 MiB)
  Rsv    0x00000040600000 - 0x00000040700000 (1 MiB)
  PerCPU 0x00000040700000 - 0x00000040814000 (1.08 MiB)
  Rsv    0x00000040814000 - 0x0000004081e000 (40 KiB)
  Free   0x0000004081e000 - 0x00000240000000 (7.99 GiB)
Jumping to main entry point at 0xffff800cd484 with SP 0x0000ff0040745000

       d8888                            .d88888b.   .d8888b.
      d88888                           d88P" "Y88b d88P  Y88b
     d88P888                           888     888 Y88b.
    d88P 888 888d888  .d8888b  .d88b.  888     888  "Y888b.
   d88P  888 888P"   d88P"    d8P  Y8b 888     888     "Y88b.
  d88P   888 888     888      88888888 888     888       "888
 d8888888888 888     Y88b.    Y8b.     Y88b. .d88P Y88b  d88P
d88P     888 888      "Y8888P  "Y8888   "Y88888P"   "Y8888P"

arch = aarch64
platform = linux,dummy-virt
target = aarch64-unknown-none-softfloat
build_mode = 
log_level = info
backtrace = false
smp = 4

[37m[  0.088398 ax_runtime:217] [32mLogging is enabled.[m
[m[37m[  0.089028 ax_runtime:218] [32mPrimary CPU 0 started, arg = 0x40600000.[m
[m[37m[  0.089195 ax_runtime:220] [32mFound physcial memory regions:[m
[m[37m[  0.090672 ax_runtime:222] [32m  [PA:0x9000000, PA:0x9001000) mmio (READ | WRITE | DEVICE | RESERVED)[m
[m[37m[  0.091097 ax_runtime:222] [32m  [PA:0x40000000, PA:0x40200000) free memory (READ | WRITE | FREE)[m
[m[37m[  0.091309 ax_runtime:222] [32m  [PA:0x40200000, PA:0x40600000) reserved (READ | WRITE | EXECUTE | RESERVED)[m
[m[37m[  0.091495 ax_runtime:222] [32m  [PA:0x40600000, PA:0x40700000) reserved (READ | WRITE | EXECUTE | RESERVED)[m
[m[37m[  0.091674 ax_runtime:222] [32m  [PA:0x40700000, PA:0x40814000) reserved (READ | WRITE | EXECUTE | RESERVED)[m
[m[37m[  0.091850 ax_runtime:222] [32m  [PA:0x40814000, PA:0x4081e000) reserved (READ | WRITE | EXECUTE | RESERVED)[m
[m[37m[  0.092032 ax_runtime:222] [32m  [PA:0x4081e000, PA:0x240000000) free memory (READ | WRITE | FREE)[m
[m[37m[  0.092266 ax_runtime:367] [32mInitialize global memory allocator...[m
[m[37m[  0.092440 ax_runtime:368] [32m  use buddy-slab-allocator allocator.[m
[m[37m[  0.092763 ax_alloc::buddy_slab:158] [32mInitialize global memory allocator, start_vaddr: 0x4081e000, size: 0x1ff7e2000[m
[m[37m[  0.111821 ax_alloc::buddy_slab:410] [32mglobal allocator initialized[m
[m[37m[  0.112141 ax_alloc::buddy_slab:168] [32mAdd memory region, start_vaddr: 0x40000000, size: 0x200000[m
[m[37m[  0.112427 buddy_slab_allocator::global:143] [32mGlobalAllocator: skip region 0x40000000+0x200000, no allocator-visible memory after 2097152 alignment[m
[m[37m[  0.112912 ax_runtime:257] [32mkernel aspace: [VA:0x0, VA:0xffffffffffffffff)[m
[m[37m[  0.113181 ax_mm:92] [32mInitialize virtual memory management...[m
[m[37m[  0.705113 ax_runtime:269] [32mInitialize platform devices...[m
[m[37m[  0.714743 someboot::arch::power:23] [32mPower management method : SMC[m
[m[37m[  0.715040 somehal::driver:5] [32mInitializing rdrive with FDT at 0x40600000[m
[m[37m[  0.743578 ax_task::api:146] [32mInitialize scheduling...[m
[m[37m[  0.745265 ax_task::api:154] [32m  use FIFO scheduler.[m
[m[37m[  0.745442 ax_runtime:295] [32mInitialize interrupt handlers...[m
[m[37m[  0.750475 ax_runtime::devices:2] [32mProbe platform devices...[m
[m[37m[  0.758692 ax_runtime::mp:79] [32mSecondary CPU 1 started.[m
[m[37m[  0.761002 ax_runtime::mp:79] [32mSecondary CPU 2 started.[m
[m[37m[  0.761369 ax_runtime::mp:107] [32mSecondary CPU 1 init OK.[m
[m[37m[  0.764156 ax_runtime::mp:107] [32mSecondary CPU 2 init OK.[m
[m[37m[  0.764799 ax_runtime::mp:79] [32mSecondary CPU 3 started.[m
[m[37m[  0.764894 ax_runtime:343] [32mPrimary CPU 0 init OK.[m
[m[37m[  0.768711 ax_runtime::mp:107] [32mSecondary CPU 3 init OK.[m
[m

       d8888            888     888  d8b
      d88888            888     888  Y8P
     d88P888            888     888
    d88P 888  888  888  Y88b   d88P  888  .d8888b    .d88b.   888d888
   d88P  888  `Y8bd8P'   Y88b d88P   888  88K       d88""88b  888P"
  d88P   888    X88K      Y88o88P    888  "Y8888b.  888  888  888
 d8888888888  .d8""8b.     Y888P     888       X88  Y88..88P  888
d88P     888  888  888      Y8P      888   88888P'   "Y88P"   888


by AxVisor Team

[37m[  0.772862 0:2 axvisor:50] [32mStarting virtualization...[m
[m[37m[  0.773270 0:2 axvm::host::arceos:194] [32mEnabling hardware virtualization support on all cores...[m
[m[37m[  0.773654 0:2 axvm::host::arceos:200] [32mCore 0 is initializing hardware virtualization support...[m
[m[37m[  0.773887 0:2 axvm::timer:95] [32mInitializing AxVM timer wheel...[m
[m[37m[  0.774614 0:2 axvm::host::arceos:202] [32mHardware virtualization support enabled on core 0[m
[m[37m[  0.777428 1:10 axvm::host::arceos:212] [32mCore 1 is initializing hardware virtualization support...[m
[m[37m[  0.777655 1:10 axvm::timer:95] [32mInitializing AxVM timer wheel...[m
[m[37m[  0.777846 1:10 axvm::host::arceos:215] [32mHardware virtualization support enabled on core 1[m
[m[37m[  0.778882 2:11 axvm::host::arceos:212] [32mCore 2 is initializing hardware virtualization support...[m
[m[37m[  0.778907 3:12 axvm::host::arceos:212] [32mCore 3 is initializing hardware virtualization support...[m
[m[37m[  0.779090 2:11 axvm::timer:95] [32mInitializing AxVM timer wheel...[m
[m[37m[  0.779271 3:12 axvm::timer:95] [32mInitializing AxVM timer wheel...[m
[m[37m[  0.779388 2:11 axvm::host::arceos:215] [32mHardware virtualization support enabled on core 2[m
[m[37m[  0.779496 3:12 axvm::host::arceos:215] [32mHardware virtualization support enabled on core 3[m
[m[37m[  0.780632 0:2 axvm::host::arceos:228] [32mWaiting for all cores to enable hardware virtualization...[m
[m[37m[  0.781043 0:2 axvm::host::arceos:244] [32mAll cores have enabled hardware virtualization support.[m
[m[37m[  0.781368 0:2 axvisor::config:94] [32mUsing static VM configs.[m
[m[37m[  0.799214 0:2 axvm::arch::aarch64::fdt::core::parser:386] [32mCPU node: /cpus/cpu@0, node_id: 0x0, guest_cpu_id: 0x0[m
[m[37m[  0.799576 0:2 axvm::arch::aarch64::fdt::core::parser:386] [32mCPU node: /cpus/cpu@1, node_id: 0x1, guest_cpu_id: 0x1[m
[m[37m[  0.799839 0:2 axvm::arch::aarch64::fdt::core::parser:386] [32mCPU node: /cpus/cpu@2, node_id: 0x2, guest_cpu_id: 0x2[m
[m[37m[  0.800060 0:2 axvm::arch::aarch64::fdt::core::parser:386] [32mCPU node: /cpus/cpu@3, node_id: 0x3, guest_cpu_id: 0x3[m
[m[37m[  0.800552 0:2 axvm::arch::aarch64::fdt::core::parser:393] [32mFound 4 host CPU nodes[m
[m[37m[  0.800957 0:2 axvm::arch::aarch64::fdt::core:77] [32mVM[1] DTB not found, generating from the VM configuration[m
[m[37m[  0.812496 0:2 axvm::arch::aarch64::fdt::core::device:96] [32mFound excluded devices: [][m
[m[37m[  0.837015 0:2 axvisor::config:137] [32mCreating VM[1] "zephyr-qemu"[m
[m[37m[  0.841206 0:2 axvm::vm:431] [32mVM created: id=1[m
[m[37m[  1.094825 0:2 axvisor::config:149] [32mVM[1] created success, loading images...[m
[m[37m[  1.108978 0:2 axdevice::device:1196] [32mAxVmDevices: registered device id=0[m
[m[37m[  1.109246 0:2 axdevice::device:266] [32mGPPT Distributor initialized with base GPA 0x8000000 and length 0x10000[m
[m[37m[  1.110223 0:2 axdevice::device:1196] [32mAxVmDevices: registered device id=1[m
[m[37m[  1.110438 0:2 axdevice::device:241] [32mGPPT Redistributor initialized for vCPU 0 with base GPA 0x80a0000 and length 0x20000[m
[m[37m[  1.160487 0:2 axvm::vm::prepare:102] [32mVM setup: id=1[m
[m[37m[  1.161148 0:2 axvm::runtime:42] [32mInitializing VMM...[m
[m[37m[  1.161328 0:2 axvm::runtime:47] [32mVMM starting, booting VMs...[m
[m[37m[  1.161784 0:2 axvm::vm:603] [32mStarting VM[1][m
[m[37m[  1.162190 0:2 axvm::runtime::vcpus:235] [32mSpawning task for VM[1] VCpu[0][m
[m[37m[  1.162860 0:2 axvm::runtime::vcpus:252] [32mVCpu task Task(13, "VM[1]-VCpu[0]") created cpumask: [0, ][m
[m[37m[  1.163955 0:2 axvm::runtime:53] [32mVM[1] boot success[m
[m[37m[  1.165419 0:13 axvm::runtime::vcpus:306] [32mVM[1] VCpu[0] waiting for running[m
[m[37m[  1.165836 0:13 axvm::runtime::vcpus:309] [32mVM[1] VCpu[0] running...[m
[m*** Booting Zephyr OS build v4.4.0 ***
TGOS_ZEPHYR_SMOKE_START period_ms=100 samples=10
TGOS_ZEPHYR_SMOKE_SAMPLE seq=1 uptime_ms=110 delta_ms=110
TGOS_ZEPHYR_SMOKE_SAMPLE seq=2 uptime_ms=220 delta_ms=110
TGOS_ZEPHYR_SMOKE_SAMPLE seq=3 uptime_ms=330 delta_ms=110
TGOS_ZEPHYR_SMOKE_SAMPLE seq=4 uptime_ms=440 delta_ms=110
TGOS_ZEPHYR_SMOKE_SAMPLE seq=5 uptime_ms=550 delta_ms=110
TGOS_ZEPHYR_SMOKE_SAMPLE seq=6 uptime_ms=660 delta_ms=110
TGOS_ZEPHYR_SMOKE_SAMPLE seq=7 uptime_ms=770 delta_ms=110
TGOS_ZEPHYR_SMOKE_SAMPLE seq=8 uptime_ms=880 delta_ms=110
TGOS_ZEPHYR_SMOKE_SAMPLE seq=9 uptime_ms=990 delta_ms=110
TGOS_ZEPHYR_SMOKE_SAMPLE seq=10 uptime_ms=1100 delta_ms=110
TGOS_ZEPHYR_SMOKE_PASS samples=10

=== SUCCESS PATTERN MATCHED: (?m)^TGOS_ZEPHYR_SMOKE_PASS samples=10\r?$ ===
[axbuild] qemu build+run package=axvisor target=scripts/targets/std/pie/aarch64-unknown-linux-musl.json config=/mnt/f/project/泉城实验室/tgoskits/os/axvisor/configs/board/qemu-aarch64-zephyr-smoke.toml ... done (164.01s)
