[setup_qemu] Guest: linux | Repo: /mnt/f/project/泉城实验室/tgoskits/os/axvisor
[setup_qemu] Step 1: ensure guest image is downloaded...
  -> Image directory /root/.cache/tgoskits/axvisor-images/qemu_aarch64_linux not found, downloading via cargo xtask image...
  -> Download attempt 1/2
    Finished `dev` profile [unoptimized + debuginfo] target(s) in 58.78s
     Running `target/debug/tg-xtask image --local-storage /root/.cache/tgoskits/axvisor-images pull qemu_aarch64_linux`
[2026-07-17T20:59:10Z INFO  axbuild::context] Workspace root: /mnt/f/project/泉城实验室/tgoskits
image archive verified at /root/.cache/tgoskits/axvisor-images/qemu_aarch64_linux.tar.gz
image extracted to /root/.cache/tgoskits/axvisor-images/qemu_aarch64_linux
image ready at /root/.cache/tgoskits/axvisor-images/qemu_aarch64_linux
[setup_qemu] Step 2: patch VM config kernel_path...
  -> Generated VM config: /mnt/f/project/泉城实验室/tgoskits/os/axvisor/tmp/vmconfigs/linux-aarch64-qemu-smp1.generated.toml
  -> Updated kernel_path to /root/.cache/tgoskits/axvisor-images/qemu_aarch64_linux/qemu-aarch64
  -> Updated image_location to memory
[setup_qemu] Step 3: prepare rootfs...
  -> Copied /root/.cache/tgoskits/axvisor-images/qemu_aarch64_linux/rootfs.img -> /mnt/f/project/泉城实验室/tgoskits/os/axvisor/tmp/rootfs.img

[setup_qemu] Done. Guest: linux
You can now run the QEMU test with:

  cd /mnt/f/project/泉城实验室/tgoskits/os/axvisor
  cargo xtask qemu \
    --config configs/board/qemu-aarch64.toml \
    --qemu-config .github/workflows/qemu-aarch64.toml \
    --vmconfigs /mnt/f/project/泉城实验室/tgoskits/os/axvisor/tmp/vmconfigs/linux-aarch64-qemu-smp1.generated.toml

Success indicator: 'test pass!'

