[    0.000000] Booting Linux on physical CPU 0x0000000000 [0x410fd083]
[    0.000000] Linux version 6.18.0-rc6-gfd95357fd8c6-dirty (runner@s1lqc) (aarch64-linux-gnu-gcc (Ubuntu 13.3.0-6ubuntu2~24.04) 13.3.0, GNU ld (GNU Binutils for Ubuntu) 2.42) #25 SMP PREEMPT Fri Mar 20 11:22:05 CST 2026
[    0.000000] KASLR enabled
[    0.000000] random: crng init done
[    0.000000] Machine model: linux,dummy-virt
[    0.000000] printk: debug: skip boot console de-registration.
[    0.000000] earlycon: pl11 at MMIO32 0x0000000009000000 (options '')
[    0.000000] printk: legacy bootconsole [pl11] enabled
[    0.000000] efi: UEFI not found.
[    0.000000] OF: reserved mem: Reserved memory: No reserved-memory node in the DT
[    0.000000] NUMA: Faking a node at [mem 0x0000000225000000-0x0000000234ffffff]
[    0.000000] NODE_DATA(0) allocated [mem 0x234f87b00-0x234f8a17f]
[    0.000000] Zone ranges:
[    0.000000]   DMA      [mem 0x0000000225000000-0x0000000234ffffff]
[    0.000000]   DMA32    empty
[    0.000000]   Normal   empty
[    0.000000] Movable zone start for each node
[    0.000000] Early memory node ranges
[    0.000000]   node   0: [mem 0x0000000225000000-0x0000000234ffffff]
[    0.000000] Initmem setup node 0 [mem 0x0000000225000000-0x0000000234ffffff]
[    0.000000] On node 0, zone DMA: 20480 pages in unavailable ranges
[    0.000000] On node 0, zone DMA: 12288 pages in unavailable ranges
[    0.000000] cma: Reserved 32 MiB at 0x0000000228000000
[    0.000000] psci: probing for conduit method from DT.
[    0.000000] psci: PSCIv1.1 detected in firmware.
[    0.000000] psci: Using standard PSCI v0.2 function IDs
[    0.000000] psci: Trusted OS migration not required
[    0.000000] psci: SMC Calling Convention v1.0
[    0.000000] percpu: Embedded 25 pages/cpu s62488 r8192 d31720 u102400
[    0.000000] Detected PIPT I-cache on CPU0
[    0.000000] CPU features: detected: GICv3 CPU interface
[    0.000000] CPU features: detected: Spectre-v2
[    0.000000] CPU features: detected: Spectre-v3a
[    0.000000] CPU features: detected: Spectre-v4
[    0.000000] CPU features: detected: Spectre-BHB
[    0.000000] CPU features: kernel page table isolation forced ON by KASLR
[    0.000000] CPU features: detected: Kernel page table isolation (KPTI)
[    0.000000] CPU features: detected: ARM erratum 1742098
[    0.000000] CPU features: detected: ARM errata 1165522, 1319367, or 1530923
[    0.000000] alternatives: applying boot alternatives
[    0.000000] Kernel command line: root=/dev/vda rw init=/init console=ttyAMA0,115200 keep_bootcon fsck.repair=yes earlycon=pl011,mmio32,0x9000000
[    0.000000] printk: log buffer data + meta data: 131072 + 458752 = 589824 bytes
[    0.000000] Dentry cache hash table entries: 32768 (order: 6, 262144 bytes, linear)
[    0.000000] Inode-cache hash table entries: 16384 (order: 5, 131072 bytes, linear)
[    0.000000] software IO TLB: SWIOTLB bounce buffer size adjusted to 0MB
[    0.000000] software IO TLB: area num 2.
[    0.000000] software IO TLB: SWIOTLB bounce buffer size roundup to 0MB
[    0.000000] software IO TLB: mapped [mem 0x0000000234e5f000-0x0000000234edf000] (0MB)
[    0.000000] Fallback order for Node 0: 0 
[    0.000000] Built 1 zonelists, mobility grouping on.  Total pages: 65536
[    0.000000] Policy zone: DMA
[    0.000000] mem auto-init: stack:all(zero), heap alloc:off, heap free:off
[    0.000000] SLUB: HWalign=64, Order=0-3, MinObjects=0, CPUs=2, Nodes=1
[    0.000000] rcu: Preemptible hierarchical RCU implementation.
[    0.000000] rcu: 	RCU event tracing is enabled.
[    0.000000] rcu: 	RCU restricting CPUs from NR_CPUS=512 to nr_cpu_ids=2.
[    0.000000] 	Trampoline variant of Tasks RCU enabled.
[    0.000000] 	Tracing variant of Tasks RCU enabled.
[    0.000000] rcu: RCU calculated value of scheduler-enlistment delay is 25 jiffies.
[    0.000000] rcu: Adjusting geometry for rcu_fanout_leaf=16, nr_cpu_ids=2
[    0.000000] RCU Tasks: Setting shift to 1 and lim to 1 rcu_task_cb_adjust=1 rcu_task_cpu_ids=2.
[    0.000000] RCU Tasks Trace: Setting shift to 1 and lim to 1 rcu_task_cb_adjust=1 rcu_task_cpu_ids=2.
[    0.000000] NR_IRQS: 64, nr_irqs: 64, preallocated irqs: 0
[    0.000000] GICv3: 256 SPIs implemented
[    0.000000] GICv3: 0 Extended SPIs implemented
[    0.000000] Root IRQ handler: gic_handle_irq
[    0.000000] GICv3: GICv3 features: 16 PPIs
[    0.000000] GICv3: GICD_CTLR.DS=1, SCR_EL3.FIQ=0
[    0.000000] GICv3: CPU0: found redistributor 0 region 0:0x00000000080a0000
[    0.000000] ITS: No ITS available, not enabling LPIs
[    0.000000] rcu: srcu_init: Setting srcu_struct sizes based on contention.
[    0.000000] arch_timer: cp15 timer running at 62.50MHz (virt).
[    0.000000] clocksource: arch_sys_counter: mask: 0x1ffffffffffffff max_cycles: 0x1cd42e208c, max_idle_ns: 881590405314 ns
[    0.000099] sched_clock: 57 bits at 63MHz, resolution 16ns, wraps every 4398046511096ns
[    0.042117] Console: colour dummy device 80x25
[    0.057377] Calibrating delay loop (skipped), value calculated using timer frequency.. 125.00 BogoMIPS (lpj=250000)
[    0.111326] pid_max: default: 32768 minimum: 301
[    0.129790] LSM: initializing lsm=capability
[    0.147375] Mount-cache hash table entries: 512 (order: 0, 4096 bytes, linear)
[    0.172044] Mountpoint-cache hash table entries: 512 (order: 0, 4096 bytes, linear)
[    0.249758] cacheinfo: Unable to detect cache hierarchy for CPU 0
[    0.283405] rcu: Hierarchical SRCU implementation.
[    0.300502] rcu: 	Max phase no-delay instances is 1000.
[    0.322078] Timer migration: 1 hierarchy levels; 8 children per group; 1 crossnode level
[    0.371409] EFI services will not be available.
[    0.384761] smp: Bringing up secondary CPUs ...
[    0.411312] Detected PIPT I-cache on CPU1
[    0.412733] GICv3: CPU1: found redistributor 1 region 0:0x00000000080c0000
[    0.414438] CPU1: Booted secondary processor 0x0000000001 [0x410fd083]
[    0.421085] smp: Brought up 1 node, 2 CPUs
[    0.514009] SMP: Total of 2 processors activated.
[    0.526253] CPU: All CPU(s) started at EL1
[    0.537917] CPU features: detected: 32-bit EL0 Support
[    0.555438] CPU features: detected: 32-bit EL1 Support
[    0.573029] CPU features: detected: CRC32 instructions
[    0.593148] CPU features: detected: PMUv3
[    0.635272] alternatives: applying system-wide alternatives
[    0.686299] Memory: 170896K/262144K available (17920K kernel code, 5422K rwdata, 12940K rodata, 11648K init, 690K bss, 56712K reserved, 32768K cma-reserved)
[    0.782914] devtmpfs: initialized
[    0.820283] clocksource: jiffies: mask: 0xffffffff max_cycles: 0xffffffff, max_idle_ns: 7645041785100000 ns
[    0.877305] posixtimers hash table entries: 1024 (order: 2, 16384 bytes, linear)
[    0.905575] futex hash table entries: 512 (32768 bytes on 1 NUMA nodes, total 32 KiB, linear).
[    0.940799] 2G module region forced by RANDOMIZE_MODULE_REGION_FULL
[    0.965260] 0 pages in range for non-PLT usage
[    0.965344] 512064 pages in range for PLT usage
[    0.997328] pinctrl core: initialized pinctrl subsystem
[    1.054379] DMI not present or invalid.
[    1.118665] NET: Registered PF_NETLINK/PF_ROUTE protocol family
[    1.173729] DMA: preallocated 128 KiB GFP_KERNEL pool for atomic allocations
[    1.204985] DMA: preallocated 128 KiB GFP_KERNEL|GFP_DMA pool for atomic allocations
[    1.230211] DMA: preallocated 128 KiB GFP_KERNEL|GFP_DMA32 pool for atomic allocations
[    1.283215] audit: initializing netlink subsys (disabled)
[    1.308178] audit: type=2000 audit(0.704:1): state=initialized audit_enabled=0 res=1
[    1.314825] thermal_sys: Registered thermal governor 'step_wise'
[    1.334517] thermal_sys: Registered thermal governor 'power_allocator'
[    1.361311] cpuidle: using governor menu
[    1.420816] hw-breakpoint: found 6 breakpoint and 4 watchpoint registers.
[    1.446435] ASID allocator initialised with 32768 entries
[    1.467808] Serial: AMBA PL011 UART driver
[    1.501704] HugeTLB: registered 1.00 GiB page size, pre-allocated 0 pages
[    1.543318] HugeTLB: 0 KiB vmemmap can be freed for a 1.00 GiB page
[    1.568610] HugeTLB: registered 32.0 MiB page size, pre-allocated 0 pages
[    1.596694] HugeTLB: 0 KiB vmemmap can be freed for a 32.0 MiB page
[    1.615010] HugeTLB: registered 2.00 MiB page size, pre-allocated 0 pages
[    1.666798] HugeTLB: 0 KiB vmemmap can be freed for a 2.00 MiB page
[    1.687859] HugeTLB: registered 64.0 KiB page size, pre-allocated 0 pages
[    1.713013] HugeTLB: 0 KiB vmemmap can be freed for a 64.0 KiB page
[    1.745347] ACPI: Interpreter disabled.
[    1.767699] iommu: Default domain type: Translated
[    1.798924] iommu: DMA domain TLB invalidation policy: strict mode
[    1.823607] SCSI subsystem initialized
[    1.842944] usbcore: registered new interface driver usbfs
[    1.863908] usbcore: registered new interface driver hub
[    1.883290] usbcore: registered new device driver usb
[    1.911922] pps_core: LinuxPPS API ver. 1 registered
[    1.933298] pps_core: Software ver. 5.3.6 - Copyright 2005-2007 Rodolfo Giometti <giometti@linux.it>
[    1.966128] PTP clock support registered
[    1.983841] EDAC MC: Ver: 3.0.0
[    1.998800] scmi_core: SCMI protocol bus registered
[    2.023652] FPGA manager framework
[    2.070811] vgaarb: loaded
[    2.084627] clocksource: Switched to clocksource arch_sys_counter
[    2.110526] VFS: Disk quotas dquot_6.6.0
[    2.125994] VFS: Dquot-cache hash table entries: 512 (order 0, 4096 bytes)
[    2.154778] pnp: PnP ACPI: disabled
[    2.226547] NET: Registered PF_INET protocol family
[    2.242759] IP idents hash table entries: 4096 (order: 3, 32768 bytes, linear)
[    2.269032] tcp_listen_portaddr_hash hash table entries: 256 (order: 0, 4096 bytes, linear)
[    2.314815] Table-perturb hash table entries: 65536 (order: 6, 262144 bytes, linear)
[    2.339183] TCP established hash table entries: 2048 (order: 2, 16384 bytes, linear)
[    2.368567] TCP bind hash table entries: 2048 (order: 4, 65536 bytes, linear)
[    2.393081] TCP: Hash tables configured (established 2048 bind 2048)
[    2.426819] UDP hash table entries: 256 (order: 2, 16384 bytes, linear)
[    2.458861] UDP-Lite hash table entries: 256 (order: 2, 16384 bytes, linear)
[    2.483820] NET: Registered PF_UNIX/PF_LOCAL protocol family
[    2.510190] RPC: Registered named UNIX socket transport module.
[    2.532260] RPC: Registered udp transport module.
[    2.568894] RPC: Registered tcp transport module.
[    2.586875] RPC: Registered tcp-with-tls transport module.
[    2.608827] RPC: Registered tcp NFSv4.1 backchannel transport module.
[    2.635285] PCI: CLS 0 bytes, default 64
[    2.653374] kvm [1]: HYP mode not available
[    2.679666] Initialise system trusted keyrings
[    2.713016] workingset: timestamp_bits=42 max_order=16 bucket_order=0
[    2.741628] squashfs: version 4.0 (2009/01/31) Phillip Lougher
[    2.765457] NFS: Registering the id_resolver key type
[    2.786581] Key type id_resolver registered
[    2.801956] Key type id_legacy registered
[    2.836910] nfs4filelayout_init: NFSv4 File Layout Driver Registering...
[    2.856045] nfs4flexfilelayout_init: NFSv4 Flexfile Layout Driver Registering...
[    2.878974] 9p: Installing v9fs 9p2000 file system support
[    2.955548] Key type asymmetric registered
[    2.966920] Asymmetric key parser 'x509' registered
[    2.984317] Block layer SCSI generic (bsg) driver version 0.4 loaded (major 244)
[    3.011717] io scheduler mq-deadline registered
[    3.027718] io scheduler kyber registered
[    3.043533] io scheduler bfq registered
[    3.092366] ledtrig-cpu: registered to indicate activity on CPUs
[    3.171288] Serial: 8250/16550 driver, 4 ports, IRQ sharing enabled
[    3.229912] msm_serial: driver initialized
[    3.249921] SuperH (H)SCI(F) driver initialized
[    3.269323] STM32 USART driver initialized
[    3.318775] loop: module loaded
[    3.338989] virtio_blk virtio0: 1/0/0 default/read/poll queues
[    3.370256] virtio_blk virtio0: [vda] 65536 512-byte logical blocks (33.6 MB/32.0 MiB)
[    3.417010] megasas: 07.734.00.00-rc1
[    3.444098] tun: Universal TUN/TAP device driver, 1.6
[    3.473903] thunder_xcv, ver 1.0
[    3.485496] thunder_bgx, ver 1.0
[    3.497947] nicpf, ver 1.0
[    3.508896] e1000: Intel(R) PRO/1000 Network Driver
[    3.530129] e1000: Copyright (c) 1999-2006 Intel Corporation.
[    3.554184] e1000e: Intel(R) PRO/1000 Network Driver
[    3.590548] e1000e: Copyright(c) 1999 - 2015 Intel Corporation.
[    3.611603] igb: Intel(R) Gigabit Ethernet Network Driver
[    3.630605] igb: Copyright (c) 2007-2014 Intel Corporation.
[    3.651132] igbvf: Intel(R) Gigabit Virtual Function Network Driver
[    3.672960] igbvf: Copyright (c) 2009 - 2012 Intel Corporation.
[    3.706298] sky2: driver version 1.30
[    3.732084] VFIO - User Level meta-driver version: 0.3
[    3.755041] usbcore: registered new interface driver usb-storage
[    3.781702] i2c_dev: i2c /dev entries driver
[    3.802031] sdhci: Secure Digital Host Controller Interface driver
[    3.837162] sdhci: Copyright(c) Pierre Ossman
[    3.863608] Synopsys Designware Multimedia Card Interface Driver
[    3.886412] sdhci-pltfm: SDHCI platform and OF driver helper
[    3.912364] usbcore: registered new interface driver usbhid
[    3.933547] usbhid: USB HID core driver
[    3.959372] NET: Registered PF_PACKET protocol family
[    3.979543] 9pnet: Installing 9P2000 support
[    3.997288] Key type dns_resolver registered
[    4.041208] registered taskstats version 1
[    4.057664] Loading compiled-in X.509 certificates
[    4.098081] Demotion targets for Node 0: null
[    4.115995] clk: Disabling unused clocks
[    4.131714] PM: genpd: Disabling unused power domains
[    4.152458] Warning: unable to open an initial console.
[    4.172878] check access for rdinit=/init failed: -2, ignoring
[    4.276552] EXT4-fs (vda): warning: mounting unchecked fs, running e2fsck is recommended
[    4.319941] EXT4-fs (vda): recovery complete
[    4.344857] EXT4-fs (vda): mounted filesystem 6d5dddfa-8b9b-4d62-aa46-002d3f7b47f4 r/w with ordered data mode. Quota mode: none.
[    4.385843] VFS: Mounted root (ext4 filesystem) on device 254:0.
[    4.411237] devtmpfs: mounted
[    4.525427] Freeing unused kernel memory: 11648K
[    4.542645] Run /init as init process
[    4.662865] AXVISOR_LINUX_INIT_ENTER vm=1 boot_id=dual-20260814T043015Z-ac2efac0071f6973
[    4.711457] AXVISOR_LINUX_DEV_CONSOLE_READY vm=1 boot_id=dual-20260814T043015Z-ac2efac0071f6973 device=/dev/console cpus=2
[    4.752944] AXVISOR_DUAL_GUEST_LINUX_READY vm=1 boot_id=dual-20260814T043015Z-ac2efac0071f6973
[   14.149581] amba 9000000.pl011: deferred probe pending: (reason unknown)
