    Finished `dev` profile [unoptimized + debuginfo] target(s) in 48.78s
     Running `/mnt/f/project/泉城实验室/tgoskits/target/debug/xtask qemu --config '/mnt/f/project/泉城实验室/tgoskits/os/axvisor/configs/board/qemu-aarch64-linux-carveout-evidence.toml' --qemu-config '/mnt/f/project/泉城实验室/tgoskits/results/baseline/runs/phase2-linux-host-carveout-20260806-01e0531-dirty-r17/configs/qemu-aarch64-linux-host-dtb-hold.toml' --vmconfigs '/mnt/f/project/泉城实验室/tgoskits/results/baseline/runs/phase2-linux-host-carveout-20260806-01e0531-dirty-r17/configs/vmconfig.map-reserved.toml' --qmp-socket /tmp/axgdtb-a969ddb934f29bc8041a02937ba2ade5/qmp.sock --qemu-pidfile /tmp/axgdtb-a969ddb934f29bc8041a02937ba2ade5/qemu.pid --qemu-name axvisor-guest-dtb-a969ddb934f29bc8041a02937ba2ade5 --rootfs /root/.cache/tgoskits/axvisor-images/qemu_aarch64_linux/rootfs.img`
[2026-08-05T19:38:55Z INFO  axbuild::context] Workspace root: /mnt/f/project/泉城实验室/tgoskits
[2026-08-05T19:39:32Z INFO  axbuild::context] Workspace member dir for axvisor: /mnt/f/project/泉城实验室/tgoskits/os/axvisor
Using build config: /mnt/f/project/泉城实验室/tgoskits/os/axvisor/configs/board/qemu-aarch64-linux-carveout-evidence.toml
[2026-08-05T19:40:09Z INFO  ostool::run::qemu] Using QEMU config file: /mnt/f/project/泉城实验室/tgoskits/results/baseline/runs/phase2-linux-host-carveout-20260806-01e0531-dirty-r17/configs/qemu-aarch64-linux-host-dtb-hold.toml
[axbuild] qemu build+run package=axvisor target=scripts/targets/std/pie/aarch64-unknown-linux-musl.json config=/mnt/f/project/泉城实验室/tgoskits/os/axvisor/configs/board/qemu-aarch64-linux-carveout-evidence.toml ...
sh -c /mnt/f/project/泉城实验室/tgoskits/tmp/axbuild/std/prebuild/prebuild-aarch64-unknown-linux-musl-73e159b1006c783f.sh
AR_aarch64_unknown_linux_musl=aarch64-linux-musl-ar
AXVISOR_VM_CONFIGS=/mnt/f/project/泉城实验室/tgoskits/results/baseline/runs/phase2-linux-host-carveout-20260806-01e0531-dirty-r17/configs/vmconfig.map-reserved.toml
AX_ARCH=aarch64
AX_LOG=info
AX_TARGET=aarch64-unknown-none-softfloat
CARGO_UNSTABLE_JSON_TARGET_SPEC=true
CC_aarch64_unknown_linux_musl=aarch64-linux-musl-cc
CFLAGS_aarch64_unknown_linux_musl=-mgeneral-regs-only -fno-stack-protector
CXXFLAGS_aarch64_unknown_linux_musl=-mgeneral-regs-only -fno-stack-protector
cargo build --config /mnt/f/project/泉城实验室/tgoskits/tmp/axbuild/std/config-aarch64-unknown-linux-musl-dynamic.toml -p axvisor --target scripts/targets/std/pie/aarch64-unknown-linux-musl.json -Z unstable-options --target-dir /mnt/f/project/泉城实验室/tgoskits/target --features ax-std/fs,ax-std/virtio-blk,fs,guest-fdt-evidence,host-carveout-allocator-evidence,stage2-hpa-evidence,log/release_max_level_info -Z json-target-spec --bin axvisor --release --message-format json-render-diagnostics
warning: function `set_fdt_addr_phys_if_valid` is never used
  --> platforms/someboot/src/fdt/mod.rs:33:15
   |
33 | pub(crate) fn set_fdt_addr_phys_if_valid(fdt_addr: usize) -> bool {
   |               ^^^^^^^^^^^^^^^^^^^^^^^^^^
   |
   = note: `#[warn(dead_code)]` (part of `#[warn(unused)]`) on by default

warning: `someboot` (lib) generated 1 warning
   Compiling axvm v0.5.23 (/mnt/f/project/泉城实验室/tgoskits/virtualization/axvm)
warning: function `shutdown_host_filesystems` is never used
   --> virtualization/axvm/src/host/arceos.rs:179:8
    |
179 | pub fn shutdown_host_filesystems() -> AxVmResult {
    |        ^^^^^^^^^^^^^^^^^^^^^^^^^
    |
    = note: `#[warn(dead_code)]` (part of `#[warn(unused)]`) on by default

warning: function `with_vm` is never used
  --> virtualization/axvm/src/manager.rs:58:15
   |
58 | pub(crate) fn with_vm<F, R>(vm_id: VMId, f: F) -> Option<R>
   |               ^^^^^^^

warning: function `active_vcpu_mask` is never used
  --> virtualization/axvm/src/manager.rs:67:15
   |
67 | pub(crate) fn active_vcpu_mask(vm_id: VMId) -> Option<usize> {
   |               ^^^^^^^^^^^^^^^^

warning: function `inject_interrupt` is never used
  --> virtualization/axvm/src/manager.rs:79:15
   |
79 | pub(crate) fn inject_interrupt(vm_id: VMId, vcpu_id: usize, vector: usize) -> AxVmResult {
   |               ^^^^^^^^^^^^^^^^

warning: field `token` is never read
  --> virtualization/axvm/src/timer.rs:21:5
   |
20 | struct VmTimerEvent {
   |        ------------ field in this struct
21 |     token: usize,
   |     ^^^^^

warning: function `cancel_timer` is never used
  --> virtualization/axvm/src/timer.rs:63:15
   |
63 | pub(crate) fn cancel_timer(token: usize) {
   |               ^^^^^^^^^^^^

warning: associated items `handle_nested_page_fault` and `debug_nested_page_fault` are never used
   --> virtualization/axvm/src/vm/mod.rs:911:19
    |
420 | impl AxVM {
    | --------- associated items in this implementation
...
911 |     pub(crate) fn handle_nested_page_fault(
    |                   ^^^^^^^^^^^^^^^^^^^^^^^^
...
926 |     fn debug_nested_page_fault(
    |        ^^^^^^^^^^^^^^^^^^^^^^^

warning: this lint expectation is unfulfilled
   --> virtualization/axvm/src/runtime/vcpus.rs:223:5
    |
223 |     dead_code,
    |     ^^^^^^^^^
    |
    = note: only non-x86 guest firmware boots secondary vCPUs
    = note: `#[warn(unfulfilled_lint_expectations)]` on by default

warning: this lint expectation is unfulfilled
   --> virtualization/axvm/src/runtime/vcpus.rs:256:5
    |
256 |     dead_code,
    |     ^^^^^^^^^
    |
    = note: only non-x86 guest firmware boots secondary vCPUs

warning: this lint expectation is unfulfilled
   --> virtualization/axvm/src/vcpu.rs:288:9
    |
288 |         dead_code,
    |         ^^^^^^^^^
    |
    = note: only non-x86 guest firmware updates secondary vCPU entries

warning: `axvm` (lib) generated 10 warnings
   Compiling axvisor v0.5.21 (/mnt/f/project/泉城实验室/tgoskits/os/axvisor)
    Finished `release` profile [optimized] target(s) in 1m 28s
warning: the following packages contain code that will be rejected by a future version of Rust: core v0.0.0 (/root/.rustup/toolchains/nightly-2026-07-15-x86_64-unknown-linux-gnu/lib/rustlib/src/rust/library/core), memchr v2.8.2
note: to see what the problems were, use the option `--future-incompat-report`, or run `cargo report future-incompatibilities --id 1`
Converting ELF to BIN format...
  elf: /mnt/f/project/泉城实验室/tgoskits/target/aarch64-unknown-linux-musl/release/axvisor
  bin: /mnt/f/project/泉城实验室/tgoskits/target/aarch64-unknown-linux-musl/release/axvisor.bin
/root/.rustup/toolchains/nightly-2026-07-15-x86_64-unknown-linux-gnu/lib/rustlib/x86_64-unknown-linux-gnu/bin/llvm-objcopy --strip-all -O binary /mnt/f/project/泉城实验室/tgoskits/target/aarch64-unknown-linux-musl/release/axvisor /mnt/f/project/泉城实验室/tgoskits/target/aarch64-unknown-linux-musl/release/axvisor.bin
qemu-system-aarch64 -nographic -cpu cortex-a72 -machine virt,virtualization=on,gic-version=3 -smp 4 -device virtio-blk-device,drive=disk0 -drive id=disk0,if=none,format=raw,file=/root/.cache/tgoskits/axvisor-images/qemu_aarch64_linux/rootfs.img -append root=/dev/vda rw init=/bin/sh -m 8g -dtb /mnt/f/project/泉城实验室/tgoskits/results/baseline/runs/phase2-linux-host-carveout-20260806-01e0531-dirty-r17/prepared/host-carveout.dtb -qmp unix:/tmp/axgdtb-a969ddb934f29bc8041a02937ba2ade5/qmp.sock,server=on,wait=off -pidfile /tmp/axgdtb-a969ddb934f29bc8041a02937ba2ade5/qemu.pid -name axvisor-guest-dtb-a969ddb934f29bc8041a02937ba2ade5 -kernel /mnt/f/project/泉城实验室/tgoskits/target/aarch64-unknown-linux-musl/release/axvisor.bin
root=/dev/vda rw init=/bin/sh
VM Load @0x40200000
VM Load Offset: 0xffff0000c0200000
AXVISOR_HOST_VM_CARVEOUT_RESERVED vm=1 hpa=0x80000000 size=0x10000000 phase=before-ram-init
Memory Map:
  Free   0x00000040000000 - 0x00000040200000 (2 MiB)
  KImg   0x00000040200000 - 0x00000043400000 (50 MiB)
  Free   0x00000043400000 - 0x00000080000000 (972 MiB)
  Rsv    0x00000080000000 - 0x00000090000000 (256 MiB)
  Free   0x00000090000000 - 0x00000240000000 (6.75 GiB)
Initialize RAM allocator: 0x43400000..0x80000000
Reserving CPU-local areas
CPU-local area stride: 0x44000 bytes
Total CPU-local allocation: 0x110000 bytes (4 CPUs)
Flushed RAM used range to memory map: 0x43400000..0x43409000, current: 0x43409000
Flushed RAM used range to memory map: 0x43409000..0x43519000, current: 0x43519000
CPU-local areas allocated at 0x43409000 - 0x43519000
EL: 2
Mapping early memory regions...
Ram                 : [0x0000000040000000, 0x0000000240000000) -> [0x0000000040000000, 0x0000000240000000) (8 GiB)
KImage              : [0x0000ffff80000000, 0x0000ffff83200000) -> [0x0000000040200000, 0x0000000043400000) (50 MiB)
PerCpu              : [0x0000ff0043409000, 0x0000ff0043519000) -> [0x0000000043409000, 0x0000000043519000) (1.06 MiB)
Debug serial        : [0x0000000009000000, 0x0000000009001000) -> [0x0000000009000000, 0x0000000009001000) (4 KiB)
Boot page table at physical address: 0x43519000
Setting up table registers...
MMU Entry point at physical address: 0x4038ad40
Trap vector at 0xffff8018f000
Memory Map:
  MMIO   0x00000009000000 - 0x00000009001000 (4 KiB)
  Free   0x00000040000000 - 0x00000040200000 (2 MiB)
  KImg   0x00000040200000 - 0x00000043400000 (50 MiB)
  Rsv    0x00000043400000 - 0x00000043409000 (36 KiB)
  PerCPU 0x00000043409000 - 0x00000043519000 (1.06 MiB)
  Rsv    0x00000043519000 - 0x00000043522000 (36 KiB)
  Free   0x00000043522000 - 0x00000080000000 (970.87 MiB)
  Rsv    0x00000080000000 - 0x00000090000000 (256 MiB)
  Free   0x00000090000000 - 0x00000240000000 (6.75 GiB)
Jumping to main entry point at 0xffff801767fc with SP 0x0000ff004344d000

       d8888                            .d88888b.   .d8888b.
      d88888                           d88P" "Y88b d88P  Y88b
     d88P888                           888     888 Y88b.
    d88P 888 888d888  .d8888b  .d88b.  888     888  "Y888b.
   d88P  888 888P"   d88P"    d8P  Y8b 888     888     "Y88b.
  d88P   888 888     888      88888888 888     888       "888
 d8888888888 888     Y88b.    Y8b.     Y88b. .d88P Y88b  d88P
d88P     888 888      "Y8888P  "Y8888   "Y88888P"   "Y8888P"

arch = aarch64
platform = linux,dummy-virt
target = aarch64-unknown-none-softfloat
build_mode = 
log_level = info
backtrace = false
smp = 4

[37m[  0.048354 ax_runtime:217] [32mLogging is enabled.[m
[m[37m[  0.049670 ax_runtime:218] [32mPrimary CPU 0 started, arg = 0x43400000.[m
[m[37m[  0.049842 ax_runtime:220] [32mFound physcial memory regions:[m
[m[37m[  0.051137 ax_runtime:222] [32m  [PA:0x9000000, PA:0x9001000) mmio (READ | WRITE | DEVICE | RESERVED)[m
[m[37m[  0.051461 ax_runtime:222] [32m  [PA:0x40000000, PA:0x40200000) free memory (READ | WRITE | FREE)[m
[m[37m[  0.051650 ax_runtime:222] [32m  [PA:0x40200000, PA:0x43400000) reserved (READ | WRITE | EXECUTE | RESERVED)[m
[m[37m[  0.051847 ax_runtime:222] [32m  [PA:0x43400000, PA:0x43409000) reserved (READ | WRITE | EXECUTE | RESERVED)[m
[m[37m[  0.052002 ax_runtime:222] [32m  [PA:0x43409000, PA:0x43519000) reserved (READ | WRITE | EXECUTE | RESERVED)[m
[m[37m[  0.052157 ax_runtime:222] [32m  [PA:0x43519000, PA:0x43522000) reserved (READ | WRITE | EXECUTE | RESERVED)[m
[m[37m[  0.052313 ax_runtime:222] [32m  [PA:0x43522000, PA:0x80000000) free memory (READ | WRITE | FREE)[m
[m[37m[  0.052459 ax_runtime:222] [32m  [PA:0x80000000, PA:0x90000000) reserved (READ | WRITE | EXECUTE | RESERVED)[m
[m[37m[  0.052643 ax_runtime:222] [32m  [PA:0x90000000, PA:0x240000000) free memory (READ | WRITE | FREE)[m
[m[37m[  0.052826 ax_runtime:367] [32mInitialize global memory allocator...[m
[m[37m[  0.052972 ax_runtime:368] [32m  use buddy-slab-allocator allocator.[m
[m
AXVISOR_HOST_VM_CARVEOUT_ALLOCATOR_EXCLUDED vm=1 hpa=0x80000000 size=0x10000000 reserved_cover=1 free_overlap=0 phase=before-global-allocator-init
[37m[  0.053688 ax_alloc::buddy_slab:158] [32mInitialize global memory allocator, start_vaddr: 0x90000000, size: 0x1b0000000[m
[m[37m[  0.067765 ax_alloc::buddy_slab:410] [32mglobal allocator initialized[m
[m[37m[  0.068080 ax_alloc::buddy_slab:168] [32mAdd memory region, start_vaddr: 0x40000000, size: 0x200000[m
[m[37m[  0.068368 buddy_slab_allocator::global:143] [32mGlobalAllocator: skip region 0x40000000+0x200000, no allocator-visible memory after 2097152 alignment[m
[m[37m[  0.068726 ax_alloc::buddy_slab:168] [32mAdd memory region, start_vaddr: 0x43522000, size: 0x3cade000[m
[m[37m[  0.070676 ax_runtime:257] [32mkernel aspace: [VA:0x0, VA:0xffffffffffffffff)[m
[m[37m[  0.070939 ax_mm:92] [32mInitialize virtual memory management...[m
[m[37m[  0.614169 ax_runtime:269] [32mInitialize platform devices...[m
[m[37m[  0.624303 someboot::arch::power:23] [32mPower management method : SMC[m
[m[37m[  0.624648 somehal::driver:5] [32mInitializing rdrive with FDT at 0x43400000[m
[m[37m[  0.654989 ax_task::api:146] [32mInitialize scheduling...[m
[m[37m[  0.656709 ax_task::api:154] [32m  use FIFO scheduler.[m
[m[37m[  0.656862 ax_runtime:295] [32mInitialize interrupt handlers...[m
[m[37m[  0.661257 ax_runtime::devices:2] [32mProbe platform devices...[m
[m[37m[  0.669572 virtio_drivers::device::blk:63] [32mfound a block device of size 32768KB[m
[m[37m[  0.672358 ax_driver::virtio::block:91] [32mregistered virtio block device[m
[m[37m[  0.701106 ax_runtime::irq:120] [32mregistered virtio-blk/0 irq IrqId { domain: IrqDomainId(7), hwirq: HwIrq(79) }[m
[m[37m[  0.701993 ax_fs_ng::block::runtime::device:1359] [33mrdif filesystem block device virtio-blk registered with IRQ-driven completion[m
[m[37m[  0.702301 ax_fs_ng::block::runtime::device:1361] [32mregistered rdif filesystem block device virtio-blk[m
[m[37m[  0.711929 ax_fs_ng::root:250] [32m    raw device fs=Some(Ext4)[m
[m[37m[  0.712278 ax_fs_ng::root:281] [32m  block device 0 (virtio-blk) has no usable partition table; treating the whole disk as a candidate[m
[m[37m[  0.713008 ax_fs_ng::root:390] [32m  matched root by raw device path on disk0 raw device[m
[m[37m[  0.713545 ax_fs_ng:77] [32mInitialize filesystem subsystem...[m
[m[37m[  0.713683 ax_fs_ng:78] [32m  selected root device: disk0 raw device[m
[m[37m[  0.720031 rsext4::crc32c::arm64:54] [33mID_AA64ISAR0_EL1[19:16]: 0x1[m
[m[37m[  0.720237 rsext4::crc32c::arm64:57] [33mHardware CRC32C support detected.[m
[m[37m[  0.732759 rsext4::ext4::mount:327] [32m/lost+found exists (superblock hint inode=11)[m
[m[37m[  0.735093 rsext4::ext4::mount:462] [32mExt4 filesystem mounted[m
[m[37m[  0.735264 rsext4::ext4::mount:463] [32m  - block size: 4096 bytes[m
[m[37m[  0.735420 rsext4::ext4::mount:464] [32m  - total blocks: 8192[m
[m[37m[  0.735563 rsext4::ext4::mount:465] [32m  - free blocks: 1559[m
[m[37m[  0.735698 rsext4::ext4::mount:466] [32m  - total inodes: 8192[m
[m[37m[  0.735830 rsext4::ext4::mount:467] [32m  - free inodes: 8154[m
[m[37m[  0.736012 rsext4::ext4::sync:13] [32mSyncing filesystem...[m
[m[37m[  0.745460 rsext4::ext4::mount:546] [32mExt4 filesystem mounted[m
[m[37m[  0.746402 ax_fs_ng:90] [32m  filesystem type: "ext4"[m
[m[37m[  0.760348 ax_runtime::mp:79] [32mSecondary CPU 1 started.[m
[m[37m[  0.762924 ax_runtime::mp:107] [32mSecondary CPU 1 init OK.[m
[m[37m[  0.772751 ax_runtime::mp:79] [32mSecondary CPU 2 started.[m
[m[37m[  0.775101 ax_runtime::mp:107] [32mSecondary CPU 2 init OK.[m
[m[37m[  0.785426 ax_runtime::mp:79] [32mSecondary CPU 3 started.[m
[m[37m[  0.785545 ax_runtime:343] [32mPrimary CPU 0 init OK.[m
[m[37m[  0.788742 ax_runtime::mp:107] [32mSecondary CPU 3 init OK.[m
[m

       d8888            888     888  d8b
      d88888            888     888  Y8P
     d88P888            888     888
    d88P 888  888  888  Y88b   d88P  888  .d8888b    .d88b.   888d888
   d88P  888  `Y8bd8P'   Y88b d88P   888  88K       d88""88b  888P"
  d88P   888    X88K      Y88o88P    888  "Y8888b.  888  888  888
 d8888888888  .d8""8b.     Y888P     888       X88  Y88..88P  888
d88P     888  888  888      Y8P      888   88888P'   "Y88P"   888


by AxVisor Team

[37m[  0.793093 0:2 axvisor:52] [32mStarting virtualization...[m
[m[37m[  0.793529 0:2 axvm::host::arceos:205] [32mEnabling hardware virtualization support on all cores...[m
[m[37m[  0.793766 0:2 axvm::host::arceos:211] [32mCore 0 is initializing hardware virtualization support...[m
[m[37m[  0.793958 0:2 axvm::timer:95] [32mInitializing AxVM timer wheel...[m
[m[37m[  0.794648 0:2 axvm::host::arceos:213] [32mHardware virtualization support enabled on core 0[m
[m[37m[  0.796941 1:11 axvm::host::arceos:223] [32mCore 1 is initializing hardware virtualization support...[m
[m[37m[  0.797150 1:11 axvm::timer:95] [32mInitializing AxVM timer wheel...[m
[m[37m[  0.797315 1:11 axvm::host::arceos:226] [32mHardware virtualization support enabled on core 1[m
[m[37m[  0.798461 2:12 axvm::host::arceos:223] [32mCore 2 is initializing hardware virtualization support...[m
[m[37m[  0.798646 2:12 axvm::timer:95] [32mInitializing AxVM timer wheel...[m
[m[37m[  0.798802 2:12 axvm::host::arceos:226] [32mHardware virtualization support enabled on core 2[m
[m[37m[  0.799170 3:13 axvm::host::arceos:223] [32mCore 3 is initializing hardware virtualization support...[m
[m[37m[  0.799432 3:13 axvm::timer:95] [32mInitializing AxVM timer wheel...[m
[m[37m[  0.799541 3:13 axvm::host::arceos:226] [32mHardware virtualization support enabled on core 3[m
[m[37m[  0.800233 0:2 axvm::host::arceos:239] [32mWaiting for all cores to enable hardware virtualization...[m
[m[37m[  0.800524 0:2 axvm::host::arceos:255] [32mAll cores have enabled hardware virtualization support.[m
[m[37m[  0.811995 0:2 axvisor::manager:134] [32mNOT find dir: /guest/vm_default in filesystem[m
[m[37m[  0.812360 0:2 axvisor::config:94] [32mUsing static VM configs.[m
[m[37m[  0.829787 0:2 axvm::arch::aarch64::fdt::core::parser:386] [32mCPU node: /cpus/cpu@0, node_id: 0x0, guest_cpu_id: 0x0[m
[m[37m[  0.830154 0:2 axvm::arch::aarch64::fdt::core::parser:386] [32mCPU node: /cpus/cpu@1, node_id: 0x1, guest_cpu_id: 0x1[m
[m[37m[  0.830393 0:2 axvm::arch::aarch64::fdt::core::parser:386] [32mCPU node: /cpus/cpu@2, node_id: 0x2, guest_cpu_id: 0x2[m
[m[37m[  0.830592 0:2 axvm::arch::aarch64::fdt::core::parser:386] [32mCPU node: /cpus/cpu@3, node_id: 0x3, guest_cpu_id: 0x3[m
[m[37m[  0.830944 0:2 axvm::arch::aarch64::fdt::core::parser:393] [32mFound 4 host CPU nodes[m
[m[37m[  0.831328 0:2 axvm::arch::aarch64::fdt::core:80] [32mVM[1] DTB not found, generating from the VM configuration[m
[m[37m[  0.847066 0:2 axvm::arch::aarch64::fdt::core::device:96] [32mFound excluded devices: ["/intc@8000000/its@8080000"][m
[m[37m[  0.847733 0:2 axvm::arch::aarch64::fdt::core::device:107] [32mExcluding device: /intc@8000000/its@8080000[m
[m[37m[  0.879841 0:2 axvisor::config:137] [32mCreating VM[1] "linux-qemu-map-reserved-evidence"[m
[m[37m[  0.884181 0:2 axvm::vm:446] [32mVM created: id=1[m
[m[37m[  0.890422 0:2 axvisor::config:149] [32mVM[1] created success, loading images...[m
[m
AXVISOR_GUEST_DTB_READY vm=1 gpa=0x8fe00000 size=7540 hpa_segments=0x8fe00000:7540
[37m[  1.110516 0:2 axdevice::device:1208] [32mAxVmDevices: registered device id=0[m
[m[37m[  1.110797 0:2 axdevice::device:268] [32mGPPT Distributor initialized with base GPA 0x8000000 and length 0x10000[m
[m[37m[  1.111875 0:2 axdevice::device:1208] [32mAxVmDevices: registered device id=1[m
[m[37m[  1.112127 0:2 axdevice::device:243] [32mGPPT Redistributor initialized for vCPU 0 with base GPA 0x80a0000 and length 0x20000[m
[m[37m[  1.175711 0:2 axvm::vm::prepare:102] [32mVM setup: id=1[m
[m[37m[  1.176757 0:2 axvm::runtime:42] [32mInitializing VMM...[m
[m[37m[  1.178112 0:2 axvm::runtime:47] [32mVMM starting, booting VMs...[m
[m[37m[  1.178589 0:2 axvm::vm:666] [32mStarting VM[1][m
[m[37m[  1.179015 0:2 axvm::runtime::vcpus:264] [32mSpawning task for VM[1] VCpu[0][m
[m[37m[  1.180004 0:2 axvm::runtime::vcpus:281] [32mVCpu task Task(14, "VM[1]-VCpu[0]") created cpumask: [0, ][m
[m[37m[  1.181631 0:2 axvm::runtime:53] [32mVM[1] boot success[m
[m[37m[  1.182728 0:14 axvm::runtime::vcpus:335] [32mVM[1] VCpu[0] waiting for running[m
[m[37m[  1.184034 0:14 axvm::runtime::vcpus:338] [32mVM[1] VCpu[0] running...[m
[m
AXVISOR_STAGE2_HPA_POSTRUN vm=1 vcpu=0 kind=reserved gpa=0x80000000 hpa=0x80000000 page_size=4096 identity=1
[    0.000000] Booting Linux on physical CPU 0x0000000000 [0x410fd083]
[    0.000000] Linux version 6.18.0-rc6-gfd95357fd8c6-dirty (runner@s1lqc) (aarch64-linux-gnu-gcc (Ubuntu 13.3.0-6ubuntu2~24.04) 13.3.0, GNU ld (GNU Binutils for Ubuntu) 2.42) #25 SMP PREEMPT Fri Mar 20 11:22:05 CST 2026
[    0.000000] KASLR enabled
[    0.000000] random: crng init done
[    0.000000] Machine model: linux,dummy-virt
[    0.000000] efi: UEFI not found.
[    0.000000] OF: reserved mem: Reserved memory: No reserved-memory node in the DT
[    0.000000] NUMA: Faking a node at [mem 0x0000000080000000-0x000000008fffffff]
[    0.000000] NODE_DATA(0) allocated [mem 0x8ff7fe40-0x8ff824bf]
[    0.000000] Zone ranges:
[    0.000000]   DMA      [mem 0x0000000080000000-0x000000008fffffff]
[    0.000000]   DMA32    empty
[    0.000000]   Normal   empty
[    0.000000] Movable zone start for each node
[    0.000000] Early memory node ranges
[    0.000000]   node   0: [mem 0x0000000080000000-0x000000008fffffff]
[    0.000000] Initmem setup node 0 [mem 0x0000000080000000-0x000000008fffffff]
[    0.000000] cma: Reserved 32 MiB at 0x000000008da00000
[    0.000000] psci: probing for conduit method from DT.
[    0.000000] psci: PSCIv1.1 detected in firmware.
[    0.000000] psci: Using standard PSCI v0.2 function IDs
[    0.000000] psci: Trusted OS migration not required
[    0.000000] psci: SMC Calling Convention v1.0
[    0.000000] percpu: Embedded 25 pages/cpu s62488 r8192 d31720 u102400
[    0.000000] Detected PIPT I-cache on CPU0
[    0.000000] CPU features: detected: GICv3 CPU interface
[    0.000000] CPU features: detected: Spectre-v2
[    0.000000] CPU features: detected: Spectre-v3a
[    0.000000] CPU features: detected: Spectre-v4
[    0.000000] CPU features: detected: Spectre-BHB
[    0.000000] CPU features: kernel page table isolation forced ON by KASLR
[    0.000000] CPU features: detected: Kernel page table isolation (KPTI)
[    0.000000] CPU features: detected: ARM erratum 1742098
[    0.000000] CPU features: detected: ARM errata 1165522, 1319367, or 1530923
[    0.000000] alternatives: applying boot alternatives
[    0.000000] Kernel command line: root=/dev/vda rw init=/bin/sh fsck.repair=yes
[    0.000000] printk: log buffer data + meta data: 131072 + 458752 = 589824 bytes
[    0.000000] Dentry cache hash table entries: 32768 (order: 6, 262144 bytes, linear)
[    0.000000] Inode-cache hash table entries: 16384 (order: 5, 131072 bytes, linear)
[    0.000000] software IO TLB: SWIOTLB bounce buffer size adjusted to 0MB
[    0.000000] software IO TLB: area num 1.
[    0.000000] software IO TLB: mapped [mem 0x000000008feb0000-0x000000008fef0000] (0MB)
[    0.000000] Fallback order for Node 0: 0 
[    0.000000] Built 1 zonelists, mobility grouping on.  Total pages: 65536
[    0.000000] Policy zone: DMA
[    0.000000] mem auto-init: stack:all(zero), heap alloc:off, heap free:off
[    0.000000] SLUB: HWalign=64, Order=0-3, MinObjects=0, CPUs=1, Nodes=1
[    0.000000] rcu: Preemptible hierarchical RCU implementation.
[    0.000000] rcu: 	RCU event tracing is enabled.
[    0.000000] rcu: 	RCU restricting CPUs from NR_CPUS=512 to nr_cpu_ids=1.
[    0.000000] 	Trampoline variant of Tasks RCU enabled.
[    0.000000] 	Tracing variant of Tasks RCU enabled.
[    0.000000] rcu: RCU calculated value of scheduler-enlistment delay is 25 jiffies.
[    0.000000] rcu: Adjusting geometry for rcu_fanout_leaf=16, nr_cpu_ids=1
[    0.000000] RCU Tasks: Setting shift to 0 and lim to 1 rcu_task_cb_adjust=1 rcu_task_cpu_ids=1.
[    0.000000] RCU Tasks Trace: Setting shift to 0 and lim to 1 rcu_task_cb_adjust=1 rcu_task_cpu_ids=1.
[    0.000000] NR_IRQS: 64, nr_irqs: 64, preallocated irqs: 0
[    0.000000] GICv3: 256 SPIs implemented
[    0.000000] GICv3: 0 Extended SPIs implemented
[    0.000000] Root IRQ handler: gic_handle_irq
[    0.000000] GICv3: GICv3 features: 16 PPIs
[    0.000000] GICv3: GICD_CTLR.DS=1, SCR_EL3.FIQ=0
[    0.000000] GICv3: CPU0: found redistributor 0 region 0:0x00000000080a0000
[    0.000000] ITS: No ITS available, not enabling LPIs
[    0.000000] rcu: srcu_init: Setting srcu_struct sizes based on contention.
[    0.000000] arch_timer: cp15 timer running at 62.50MHz (virt).
[    0.000000] clocksource: arch_sys_counter: mask: 0x1ffffffffffffff max_cycles: 0x1cd42e208c, max_idle_ns: 881590405314 ns
[    0.000118] sched_clock: 57 bits at 63MHz, resolution 16ns, wraps every 4398046511096ns
[    0.014337] Console: colour dummy device 80x25
[    0.015059] printk: legacy console [tty0] enabled
[    0.021502] Calibrating delay loop (skipped), value calculated using timer frequency.. 125.00 BogoMIPS (lpj=250000)
[    0.021755] pid_max: default: 32768 minimum: 301
[    0.024556] LSM: initializing lsm=capability
[    0.027820] Mount-cache hash table entries: 512 (order: 0, 4096 bytes, linear)
[    0.027922] Mountpoint-cache hash table entries: 512 (order: 0, 4096 bytes, linear)
[    0.061806] cacheinfo: Unable to detect cache hierarchy for CPU 0
[    0.075028] rcu: Hierarchical SRCU implementation.
[    0.075148] rcu: 	Max phase no-delay instances is 1000.
[    0.080039] EFI services will not be available.
[    0.080681] smp: Bringing up secondary CPUs ...
[    0.081577] smp: Brought up 1 node, 1 CPU
[    0.081631] SMP: Total of 1 processors activated.
[    0.081677] CPU: All CPU(s) started at EL1
[    0.081969] CPU features: detected: 32-bit EL0 Support
[    0.082005] CPU features: detected: 32-bit EL1 Support
[    0.082088] CPU features: detected: CRC32 instructions
[    0.082320] CPU features: detected: PMUv3
[    0.094066] alternatives: applying system-wide alternatives
[    0.122856] Memory: 173564K/262144K available (17920K kernel code, 5422K rwdata, 12940K rodata, 11648K init, 690K bss, 54340K reserved, 32768K cma-reserved)
[    0.153084] devtmpfs: initialized
[    0.179417] clocksource: jiffies: mask: 0xffffffff max_cycles: 0xffffffff, max_idle_ns: 7645041785100000 ns
[    0.180164] posixtimers hash table entries: 512 (order: 1, 8192 bytes, linear)
[    0.180499] futex hash table entries: 256 (16384 bytes on 1 NUMA nodes, total 16 KiB, linear).
[    0.183663] 2G module region forced by RANDOMIZE_MODULE_REGION_FULL
[    0.183790] 0 pages in range for non-PLT usage
[    0.183849] 512064 pages in range for PLT usage
[    0.187217] pinctrl core: initialized pinctrl subsystem
[    0.198883] DMI not present or invalid.
[    0.244121] NET: Registered PF_NETLINK/PF_ROUTE protocol family
[    0.255706] DMA: preallocated 128 KiB GFP_KERNEL pool for atomic allocations
[    0.256394] DMA: preallocated 128 KiB GFP_KERNEL|GFP_DMA pool for atomic allocations
[    0.256729] DMA: preallocated 128 KiB GFP_KERNEL|GFP_DMA32 pool for atomic allocations
[    0.257002] audit: initializing netlink subsys (disabled)
[    0.263336] audit: type=2000 audit(0.228:1): state=initialized audit_enabled=0 res=1
[    0.265065] thermal_sys: Registered thermal governor 'step_wise'
[    0.265114] thermal_sys: Registered thermal governor 'power_allocator'
[    0.265579] cpuidle: using governor menu
[    0.266973] hw-breakpoint: found 6 breakpoint and 4 watchpoint registers.
[    0.267482] ASID allocator initialised with 32768 entries
[    0.274521] Serial: AMBA PL011 UART driver
[    0.328623] 9000000.pl011: ttyAMA0 at MMIO 0x9000000 (irq = 13, base_baud = 0) is a PL011 rev1
[    0.331309] printk: console [ttyAMA0] enabled
[    0.364256] HugeTLB: registered 1.00 GiB page size, pre-allocated 0 pages
[    0.364578] HugeTLB: 0 KiB vmemmap can be freed for a 1.00 GiB page
[    0.364819] HugeTLB: registered 32.0 MiB page size, pre-allocated 0 pages
[    0.365202] HugeTLB: 0 KiB vmemmap can be freed for a 32.0 MiB page
[    0.365412] HugeTLB: registered 2.00 MiB page size, pre-allocated 0 pages
[    0.365597] HugeTLB: 0 KiB vmemmap can be freed for a 2.00 MiB page
[    0.365828] HugeTLB: registered 64.0 KiB page size, pre-allocated 0 pages
[    0.366026] HugeTLB: 0 KiB vmemmap can be freed for a 64.0 KiB page
[    0.376216] ACPI: Interpreter disabled.
[    0.382732] iommu: Default domain type: Translated
[    0.383954] iommu: DMA domain TLB invalidation policy: strict mode
[    0.385844] SCSI subsystem initialized
[    0.389312] usbcore: registered new interface driver usbfs
[    0.389892] usbcore: registered new interface driver hub
[    0.390256] usbcore: registered new device driver usb
[    0.392391] pps_core: LinuxPPS API ver. 1 registered
[    0.392707] pps_core: Software ver. 5.3.6 - Copyright 2005-2007 Rodolfo Giometti <giometti@linux.it>
[    0.393044] PTP clock support registered
[    0.393528] EDAC MC: Ver: 3.0.0
[    0.395231] scmi_core: SCMI protocol bus registered
[    0.398471] FPGA manager framework
[    0.412516] vgaarb: loaded
[    0.416101] clocksource: Switched to clocksource arch_sys_counter
[    0.419694] VFS: Disk quotas dquot_6.6.0
[    0.420921] VFS: Dquot-cache hash table entries: 512 (order 0, 4096 bytes)
[    0.423737] pnp: PnP ACPI: disabled
[    0.449374] NET: Registered PF_INET protocol family
[    0.452367] IP idents hash table entries: 4096 (order: 3, 32768 bytes, linear)
[    0.457660] tcp_listen_portaddr_hash hash table entries: 256 (order: 0, 4096 bytes, linear)
[    0.458077] Table-perturb hash table entries: 65536 (order: 6, 262144 bytes, linear)
[    0.458390] TCP established hash table entries: 2048 (order: 2, 16384 bytes, linear)
[    0.458915] TCP bind hash table entries: 2048 (order: 4, 65536 bytes, linear)
[    0.459311] TCP: Hash tables configured (established 2048 bind 2048)
[    0.460800] UDP hash table entries: 256 (order: 2, 16384 bytes, linear)
[    0.461402] UDP-Lite hash table entries: 256 (order: 2, 16384 bytes, linear)
[    0.462883] NET: Registered PF_UNIX/PF_LOCAL protocol family
[    0.465946] RPC: Registered named UNIX socket transport module.
[    0.466263] RPC: Registered udp transport module.
[    0.466439] RPC: Registered tcp transport module.
[    0.466615] RPC: Registered tcp-with-tls transport module.
[    0.466798] RPC: Registered tcp NFSv4.1 backchannel transport module.
[    0.467100] PCI: CLS 0 bytes, default 64
[    0.472508] kvm [1]: HYP mode not available
[    0.477317] Initialise system trusted keyrings
[    0.480747] workingset: timestamp_bits=42 max_order=16 bucket_order=0
[    0.484348] squashfs: version 4.0 (2009/01/31) Phillip Lougher
[    0.486464] NFS: Registering the id_resolver key type
[    0.487188] Key type id_resolver registered
[    0.487452] Key type id_legacy registered
[    0.488162] nfs4filelayout_init: NFSv4 File Layout Driver Registering...
[    0.488600] nfs4flexfilelayout_init: NFSv4 Flexfile Layout Driver Registering...
[    0.489766] 9p: Installing v9fs 9p2000 file system support
[    0.539914] Key type asymmetric registered
[    0.540270] Asymmetric key parser 'x509' registered
[    0.540835] Block layer SCSI generic (bsg) driver version 0.4 loaded (major 244)
[    0.541503] io scheduler mq-deadline registered
[    0.541771] io scheduler kyber registered
[    0.542307] io scheduler bfq registered
[    0.568191] pl061_gpio 9030000.pl061: PL061 GPIO chip registered
[    0.572476] ledtrig-cpu: registered to indicate activity on CPUs
[    0.576821] pci-host-generic 4010000000.pcie: host bridge /pcie@10000000 ranges:
[    0.577932] pci-host-generic 4010000000.pcie:       IO 0x003eff0000..0x003effffff -> 0x0000000000
[    0.578970] pci-host-generic 4010000000.pcie:      MEM 0x0010000000..0x003efeffff -> 0x0010000000
[    0.579385] pci-host-generic 4010000000.pcie:      MEM 0x8000000000..0xffffffffff -> 0x8000000000
[    0.583667] pci-host-generic 4010000000.pcie: Memory resource size exceeds max for 32 bits
[    0.585017] pci-host-generic 4010000000.pcie: ECAM at [mem 0x4010000000-0x401fffffff] for [bus 00-ff]
[    0.587088] pci-host-generic 4010000000.pcie: PCI host bridge to bus 0000:00
[    0.588019] pci_bus 0000:00: root bus resource [bus 00-ff]
[    0.588327] pci_bus 0000:00: root bus resource [io  0x0000-0xffff]
[    0.588565] pci_bus 0000:00: root bus resource [mem 0x10000000-0x3efeffff]
[    0.588767] pci_bus 0000:00: root bus resource [mem 0x8000000000-0xffffffffff]
[    0.591217] pci 0000:00:00.0: [1b36:0008] type 00 class 0x060000 conventional PCI endpoint
[    0.596506] pci 0000:00:01.0: [1af4:1000] type 00 class 0x020000 conventional PCI endpoint
[    0.598312] pci 0000:00:01.0: BAR 0 [io  0x0000-0x001f]
[    0.598835] pci 0000:00:01.0: BAR 1 [mem 0x10000000-0x10000fff]
[    0.599507] pci 0000:00:01.0: BAR 4 [mem 0x8000000000-0x8000003fff 64bit pref]
[    0.600039] pci 0000:00:01.0: ROM [mem 0x00000000-0x0007ffff pref]
[    0.603014] pci 0000:00:01.0: ROM [mem 0x10000000-0x1007ffff pref]: assigned
[    0.603588] pci 0000:00:01.0: BAR 4 [mem 0x8000000000-0x8000003fff 64bit pref]: assigned
[    0.604982] pci 0000:00:01.0: BAR 1 [mem 0x10080000-0x10080fff]: assigned
[    0.605791] pci 0000:00:01.0: BAR 0 [io  0x1000-0x101f]: assigned
[    0.606888] pci_bus 0000:00: resource 4 [io  0x0000-0xffff]
[    0.607266] pci_bus 0000:00: resource 5 [mem 0x10000000-0x3efeffff]
[    0.607552] pci_bus 0000:00: resource 6 [mem 0x8000000000-0xffffffffff]
[    0.686883] Serial: 8250/16550 driver, 4 ports, IRQ sharing enabled
[    0.697236] msm_serial: driver initialized
[    0.698517] SuperH (H)SCI(F) driver initialized
[    0.699209] STM32 USART driver initialized
[    0.725349] loop: module loaded
[    0.726666] virtio_blk virtio0: 1/0/0 default/read/poll queues
[    0.737180] virtio_blk virtio0: [vda] 65536 512-byte logical blocks (33.6 MB/32.0 MiB)
[    0.759196] megasas: 07.734.00.00-rc1
[    0.765473] physmap-flash 0.flash: physmap platform flash device: [mem 0x00000000-0x03ffffff]
[    0.767722] 0.flash: Found 2 x16 devices at 0x0 in 32-bit bank. Manufacturer ID 0x000000 Chip ID 0x000000
[    0.768871] Intel/Sharp Extended Query Table at 0x0031
[    0.770246] Using buffer write method
[    0.771561] physmap-flash 0.flash: physmap platform flash device: [mem 0x04000000-0x07ffffff]
[    0.772926] 0.flash: Found 2 x16 devices at 0x0 in 32-bit bank. Manufacturer ID 0x000000 Chip ID 0x000000
[    0.773359] Intel/Sharp Extended Query Table at 0x0031
[    0.774458] Using buffer write method
[    0.775314] Concatenating MTD devices:
[    0.775520] (0): "0.flash"
[    0.775683] (1): "0.flash"
[    0.775966] into device "0.flash"
[    0.801959] tun: Universal TUN/TAP device driver, 1.6
[    0.817690] thunder_xcv, ver 1.0
[    0.818173] thunder_bgx, ver 1.0
[    0.818466] nicpf, ver 1.0
[    0.822037] e1000: Intel(R) PRO/1000 Network Driver
[    0.822319] e1000: Copyright (c) 1999-2006 Intel Corporation.
[    0.822727] e1000e: Intel(R) PRO/1000 Network Driver
[    0.822942] e1000e: Copyright(c) 1999 - 2015 Intel Corporation.
[    0.823284] igb: Intel(R) Gigabit Ethernet Network Driver
[    0.823484] igb: Copyright (c) 2007-2014 Intel Corporation.
[    0.823798] igbvf: Intel(R) Gigabit Virtual Function Network Driver
[    0.824096] igbvf: Copyright (c) 2009 - 2012 Intel Corporation.
[    0.825136] sky2: driver version 1.30
[    0.828580] VFIO - User Level meta-driver version: 0.3
[    0.837222] usbcore: registered new interface driver usb-storage
[    0.848268] rtc-pl031 9010000.pl031: registered as rtc0
[    0.849496] rtc-pl031 9010000.pl031: setting system clock to 2026-08-05T19:42:52 UTC (1785958972)
[    0.852779] i2c_dev: i2c /dev entries driver
[    0.866135] sdhci: Secure Digital Host Controller Interface driver
[    0.866435] sdhci: Copyright(c) Pierre Ossman
[    0.869170] Synopsys Designware Multimedia Card Interface Driver
[    0.871165] sdhci-pltfm: SDHCI platform and OF driver helper
[    0.880872] usbcore: registered new interface driver usbhid
[    0.881169] usbhid: USB HID core driver
[    0.891305] hw perfevents: enabled with armv8_pmuv3 PMU driver, 7 (0,8000003f) counters available
[    0.901429] NET: Registered PF_PACKET protocol family
[    0.903106] 9pnet: Installing 9P2000 support
[    0.903720] Key type dns_resolver registered
[    0.930761] registered taskstats version 1
[    0.933175] Loading compiled-in X.509 certificates
[    0.952963] Demotion targets for Node 0: null
[    0.968241] input: gpio-keys as /devices/platform/gpio-keys/input/input0
[    0.973432] clk: Disabling unused clocks
[    0.973876] PM: genpd: Disabling unused power domains
[    0.983114] check access for rdinit=/init failed: -2, ignoring
[    1.018956] EXT4-fs (vda): warning: mounting unchecked fs, running e2fsck is recommended
[    1.028734] EXT4-fs (vda): recovery complete
[    1.030211] EXT4-fs (vda): mounted filesystem 6d5dddfa-8b9b-4d62-aa46-002d3f7b47f4 r/w with ordered data mode. Quota mode: none.
[    1.031105] VFS: Mounted root (ext4 filesystem) on device 254:0.
[    1.033820] devtmpfs: mounted
[    1.132580] Freeing unused kernel memory: 11648K
[    1.135142] Run /bin/sh as init process
/bin/sh: can't access tty; job control turned off
~ # qemu-system-aarch64: terminating on signal 2 from pid 778 (python3)
[axbuild] qemu build+run package=axvisor target=scripts/targets/std/pie/aarch64-unknown-linux-musl.json config=/mnt/f/project/泉城实验室/tgoskits/os/axvisor/configs/board/qemu-aarch64-linux-carveout-evidence.toml ... done (174.80s)
